==============================================================================
Benchmark 3d — switched-cap unit cell: DirectNet vs NGSPICE BSIM-CMG
  Gates: charge transfer +/-5% of VDD, hold droop +/-10%
==============================================================================

--- TSMC5 (VDD=0.65 VT=lvt) ---
  NGSPICE BSIM-CMG reference ...
    NGSPICE: charge level=0.2948V (Vin=0.39V)  hold droop=-0.000mV
  DirectNet (LEVEL=73) transient ...
[NN-resolver] L73.0 Mpc TECH=tsmc5 VT=lvt -> tsmc5_dn_medium_pmos_best.pt (scope=tsmc5, tech_code=1)
[NN-resolver] L73.0 Mnc TECH=tsmc5 VT=lvt -> tsmc5_dn_medium_nmos_best.pt (scope=tsmc5, tech_code=1)
[NN-resolver] L73.0 Mnt TECH=tsmc5 VT=lvt -> tsmc5_dn_medium_nmos_best.pt (scope=tsmc5, tech_code=1)
[NN-resolver] L73.0 Mpt TECH=tsmc5 VT=lvt -> tsmc5_dn_medium_pmos_best.pt (scope=tsmc5, tech_code=1)
    DirectNet: charge level=0.3841V  hold droop=42.470mV
    waveform: MRE=44.71%  R2=-0.8358  NRMSE=33.94%  MaxErr=390.00mV
    charge err=13.75% of VDD  droop err=nan%  ->  FAIL

--- TSMC7 (VDD=0.75 VT=ulvt) ---
  NGSPICE BSIM-CMG reference ...
    NGSPICE: charge level=0.4473V (Vin=0.45V)  hold droop=-0.000mV
  DirectNet (LEVEL=73) transient ...
[NN-resolver] L73.0 Mpc TECH=tsmc7 VT=ulvt -> tsmc7_dn_medium_pmos_best.pt (scope=tsmc7, tech_code=2)
[NN-resolver] L73.0 Mnc TECH=tsmc7 VT=ulvt -> tsmc7_dn_medium_nmos_best.pt (scope=tsmc7, tech_code=2)
[NN-resolver] L73.0 Mnt TECH=tsmc7 VT=ulvt -> tsmc7_dn_medium_nmos_best.pt (scope=tsmc7, tech_code=2)
[NN-resolver] L73.0 Mpt TECH=tsmc7 VT=ulvt -> tsmc7_dn_medium_pmos_best.pt (scope=tsmc7, tech_code=2)
    DirectNet: charge level=0.4442V  hold droop=29.430mV
    waveform: MRE=44.92%  R2=-3.0533  NRMSE=51.15%  MaxErr=871.02mV
    charge err=0.42% of VDD  droop err=nan%  ->  PASS

--- TSMC12 (VDD=0.8 VT=svt) ---
  NGSPICE BSIM-CMG reference ...
    NGSPICE: charge level=0.4200V (Vin=0.48V)  hold droop=-0.001mV
  DirectNet (LEVEL=73) transient ...
[NN-resolver] L73.0 Mpc TECH=tsmc12 VT=svt -> tsmc12_dn_medium_pmos_best.pt (scope=tsmc12, tech_code=0)
[NN-resolver] L73.0 Mnc TECH=tsmc12 VT=svt -> tsmc12_dn_medium_nmos_best.pt (scope=tsmc12, tech_code=0)
[NN-resolver] L73.0 Mnt TECH=tsmc12 VT=svt -> tsmc12_dn_medium_nmos_best.pt (scope=tsmc12, tech_code=0)
[NN-resolver] L73.0 Mpt TECH=tsmc12 VT=svt -> tsmc12_dn_medium_pmos_best.pt (scope=tsmc12, tech_code=0)
    DirectNet: charge level=0.4670V  hold droop=133.705mV
    waveform: MRE=35.36%  R2=-0.4344  NRMSE=31.41%  MaxErr=493.32mV
    charge err=5.88% of VDD  droop err=11359894.4%  ->  FAIL

--- TSMC16 (VDD=0.8 VT=svt) ---
  NGSPICE BSIM-CMG reference ...
    NGSPICE: charge level=0.4048V (Vin=0.48V)  hold droop=-0.001mV
  DirectNet (LEVEL=73) transient ...
[NN-resolver] L73.0 Mpc TECH=tsmc16 VT=svt -> tsmc16_dn_medium_pmos_best.pt (scope=tsmc16, tech_code=0)
[NN-resolver] L73.0 Mnc TECH=tsmc16 VT=svt -> tsmc16_dn_medium_nmos_best.pt (scope=tsmc16, tech_code=0)
[NN-resolver] L73.0 Mnt TECH=tsmc16 VT=svt -> tsmc16_dn_medium_nmos_best.pt (scope=tsmc16, tech_code=0)
[NN-resolver] L73.0 Mpt TECH=tsmc16 VT=svt -> tsmc16_dn_medium_pmos_best.pt (scope=tsmc16, tech_code=0)
    DirectNet: charge level=0.4660V  hold droop=152.065mV
    waveform: MRE=47.76%  R2=-1.6555  NRMSE=42.45%  MaxErr=701.81mV
    charge err=7.65% of VDD  droop err=10171659.9%  ->  FAIL

==============================================================================
SUMMARY — Benchmark 3d switched-cap unit cell
==============================================================================
Tech     |  NG chg V |  DN chg V |  ChgErr% |  DroopErr% |  NRMSE% |   Status
-----------------------------------------------------------------------------
TSMC5    |    0.2948 |    0.3841 |    13.75 |        nan |   33.94 |     FAIL
TSMC7    |    0.4473 |    0.4442 |     0.42 |        nan |   51.15 |     PASS
TSMC12   |    0.4200 |    0.4670 |     5.88 | 11359894.4 |   31.41 |     FAIL
TSMC16   |    0.4048 |    0.4660 |     7.65 | 10171659.9 |   42.45 |     FAIL

  1/4 passed both charge + droop gates

