[NN-resolver] L73.0 Mp1 TECH=tsmc7 VT=ulvt -> tsmc7_dn_medium_pmos_best.pt (scope=tsmc7, tech_code=2)
[NN-resolver] L73.0 Mn1 TECH=tsmc7 VT=ulvt -> tsmc7_dn_medium_nmos_best.pt (scope=tsmc7, tech_code=2)
[NN-resolver] L73.0 Mp2 TECH=tsmc7 VT=ulvt -> tsmc7_dn_medium_pmos_best.pt (scope=tsmc7, tech_code=2)
[NN-resolver] L73.0 Mn2 TECH=tsmc7 VT=ulvt -> tsmc7_dn_medium_nmos_best.pt (scope=tsmc7, tech_code=2)
[NN-resolver] L73.0 Mp3 TECH=tsmc7 VT=ulvt -> tsmc7_dn_medium_pmos_best.pt (scope=tsmc7, tech_code=2)
[NN-resolver] L73.0 Mn3 TECH=tsmc7 VT=ulvt -> tsmc7_dn_medium_nmos_best.pt (scope=tsmc7, tech_code=2)
[NN-resolver] L73.0 Mp4 TECH=tsmc7 VT=ulvt -> tsmc7_dn_medium_pmos_best.pt (scope=tsmc7, tech_code=2)
[NN-resolver] L73.0 Mn4 TECH=tsmc7 VT=ulvt -> tsmc7_dn_medium_nmos_best.pt (scope=tsmc7, tech_code=2)
[NN-resolver] L73.0 Mp5 TECH=tsmc7 VT=ulvt -> tsmc7_dn_medium_pmos_best.pt (scope=tsmc7, tech_code=2)
[NN-resolver] L73.0 Mn5 TECH=tsmc7 VT=ulvt -> tsmc7_dn_medium_nmos_best.pt (scope=tsmc7, tech_code=2)
[P0-B] DN RO period = 50.82 ps  (partial=False, err='')
[NN-resolver] L73.0 Mp1 TECH=tsmc7 VT=ulvt -> tsmc7_dn_medium_pmos_best.pt (scope=tsmc7, tech_code=2)
[NN-resolver] L73.0 Mn1 TECH=tsmc7 VT=ulvt -> tsmc7_dn_medium_nmos_best.pt (scope=tsmc7, tech_code=2)
[NN-resolver] L73.0 Mp2 TECH=tsmc7 VT=ulvt -> tsmc7_dn_medium_pmos_best.pt (scope=tsmc7, tech_code=2)
[NN-resolver] L73.0 Mn2 TECH=tsmc7 VT=ulvt -> tsmc7_dn_medium_nmos_best.pt (scope=tsmc7, tech_code=2)
[NN-resolver] L73.0 Mp3 TECH=tsmc7 VT=ulvt -> tsmc7_dn_medium_pmos_best.pt (scope=tsmc7, tech_code=2)
[NN-resolver] L73.0 Mn3 TECH=tsmc7 VT=ulvt -> tsmc7_dn_medium_nmos_best.pt (scope=tsmc7, tech_code=2)
[NN-resolver] L73.0 Mp4 TECH=tsmc7 VT=ulvt -> tsmc7_dn_medium_pmos_best.pt (scope=tsmc7, tech_code=2)
[NN-resolver] L73.0 Mn4 TECH=tsmc7 VT=ulvt -> tsmc7_dn_medium_nmos_best.pt (scope=tsmc7, tech_code=2)
[NN-resolver] L73.0 Mp5 TECH=tsmc7 VT=ulvt -> tsmc7_dn_medium_pmos_best.pt (scope=tsmc7, tech_code=2)
[NN-resolver] L73.0 Mn5 TECH=tsmc7 VT=ulvt -> tsmc7_dn_medium_nmos_best.pt (scope=tsmc7, tech_code=2)
[NN-resolver] L73.0 Mp1 TECH=tsmc7 VT=ulvt -> tsmc7_dn_medium_pmos_best.pt (scope=tsmc7, tech_code=2)
[NN-resolver] L73.0 Mn1 TECH=tsmc7 VT=ulvt -> tsmc7_dn_medium_nmos_best.pt (scope=tsmc7, tech_code=2)
[NN-resolver] L73.0 Mp2 TECH=tsmc7 VT=ulvt -> tsmc7_dn_medium_pmos_best.pt (scope=tsmc7, tech_code=2)
[NN-resolver] L73.0 Mn2 TECH=tsmc7 VT=ulvt -> tsmc7_dn_medium_nmos_best.pt (scope=tsmc7, tech_code=2)
[NN-resolver] L73.0 Mp3 TECH=tsmc7 VT=ulvt -> tsmc7_dn_medium_pmos_best.pt (scope=tsmc7, tech_code=2)
[NN-resolver] L73.0 Mn3 TECH=tsmc7 VT=ulvt -> tsmc7_dn_medium_nmos_best.pt (scope=tsmc7, tech_code=2)
[NN-resolver] L73.0 Mp4 TECH=tsmc7 VT=ulvt -> tsmc7_dn_medium_pmos_best.pt (scope=tsmc7, tech_code=2)
[NN-resolver] L73.0 Mn4 TECH=tsmc7 VT=ulvt -> tsmc7_dn_medium_nmos_best.pt (scope=tsmc7, tech_code=2)
[NN-resolver] L73.0 Mp5 TECH=tsmc7 VT=ulvt -> tsmc7_dn_medium_pmos_best.pt (scope=tsmc7, tech_code=2)
[NN-resolver] L73.0 Mn5 TECH=tsmc7 VT=ulvt -> tsmc7_dn_medium_nmos_best.pt (scope=tsmc7, tech_code=2)
[P0-B] re-run period (all nodes) = 50.82 ps
[P0-B] cycle window: 26 timesteps (346.00 -> 396.00 ps), span 50.00 ps
[P0-B] bias points used = 26  (OSDI fails: NMOS 0, PMOS 0)
[P0-B] gds-floor binds: NMOS 2/26, PMOS 4/26

==============================================================================
P0-B SUMMARY — TSMC7 RO-trip Jacobian overlay (NN post-Rule-15 vs OSDI)
==============================================================================

--- NMOS (stage-5 device driving n5) ---
  gds : MRE=  417.79%  R2=   0.2352  NRMSE=   22.94%  MaxErr=822.1uS
  gm  : MRE=   88.15%  R2=   0.9664  NRMSE=    5.56%  MaxErr=63.91uS
  id  : MRE=   44.57%  R2=   0.9480  NRMSE=    5.93%  MaxErr=17.57uA
  cgd : MRE=   10.56%  R2=   0.2127  NRMSE=   39.50%  MaxErr=145.4aF
  cgg : MRE=    0.88%  R2=   0.9999  NRMSE=    0.54%  MaxErr=2.343aF
  cdg : MRE=    4.18%  R2=   0.9994  NRMSE=    1.08%  MaxErr=1.435aF
  cdd : MRE=    7.44%  R2=   0.6209  NRMSE=   27.17%  MaxErr=70.99aF
  cgs : MRE=   97.26%  R2=  -1.6273  NRMSE=   58.30%  MaxErr=116.2aF

--- PMOS (stage-5 device driving n5) ---
  gds : MRE=  534.15%  R2=   0.3426  NRMSE=   20.44%  MaxErr=453.9uS
  gm  : MRE=  525.54%  R2=   0.9931  NRMSE=    2.71%  MaxErr=30.51uS
  id  : MRE=   85.78%  R2=   0.9895  NRMSE=    2.99%  MaxErr=7.257uA
  cgd : MRE=    4.49%  R2=   0.9489  NRMSE=    9.75%  MaxErr=37.59aF
  cgg : MRE=    0.55%  R2=   0.9998  NRMSE=    0.54%  MaxErr=4.171aF
  cdg : MRE=    1.51%  R2=   0.9996  NRMSE=    0.91%  MaxErr=3.826aF
  cdd : MRE=    4.35%  R2=   0.9727  NRMSE=    7.10%  MaxErr=19.62aF
  cgs : MRE=   99.43%  R2=  -2.2815  NRMSE=   69.73%  MaxErr=141.1aF

  gds-floor binds: NMOS 2/26, PMOS 4/26

