==========================================================================================
P0-D — SRAM off-transistor attractor instrumentation  (TSMC7, VDD=0.75, NFIN=2.0)
OSDI constant-current VTH (Icrit=|Id|>=2.00e-07 A @ Vds=VDD):
  NMOS VTH = 181.4 mV   PMOS VTH(Vgs) = -222.6 mV
==========================================================================================
[NN-resolver] L73.0 Mpl TECH=tsmc7 VT=ulvt -> tsmc7_dn_medium_pmos_best.pt (scope=tsmc7, tech_code=2)
[NN-resolver] L73.0 Mnl TECH=tsmc7 VT=ulvt -> tsmc7_dn_medium_nmos_best.pt (scope=tsmc7, tech_code=2)
[NN-resolver] L73.0 Mpr TECH=tsmc7 VT=ulvt -> tsmc7_dn_medium_pmos_best.pt (scope=tsmc7, tech_code=2)
[NN-resolver] L73.0 Mnr TECH=tsmc7 VT=ulvt -> tsmc7_dn_medium_nmos_best.pt (scope=tsmc7, tech_code=2)
[NN-resolver] L73.0 Mal TECH=tsmc7 VT=ulvt -> tsmc7_dn_medium_nmos_best.pt (scope=tsmc7, tech_code=2)
[NN-resolver] L73.0 Mar TECH=tsmc7 VT=ulvt -> tsmc7_dn_medium_nmos_best.pt (scope=tsmc7, tech_code=2)

##### state1  (seed q=0.75 qb=0.0) — STUCK node voltages:
    V(vdd ) =   750.00 mV
    V(q   ) =   815.09 mV
    V(qb  ) =   226.40 mV
    V(bl  ) =   750.00 mV
    V(blb ) =   750.00 mV
    V(wl  ) =   750.00 mV

  Dev  type   D/  G/  S/  B   Vgs(mV)   Vds(mV)   Vbs(mV)  class                      NN id(A)   OSDI id(A)  |NN/OSDI|      NN gds    OSDI gds     OSDI gm
  Mpl  pmos  qb/  q/vdd/vdd     65.09   -523.60      0.00  OFF  (Vov=-287.7mV)      4.9717e-07  -0.0000e+00        inf  9.8321e-07  2.8094e-12  1.8257e-10
  Mnl  nmos  qb/  q/  0/  0    815.09    226.40      0.00  ON   (Vov=+633.7mV)     -1.2303e-04  -1.3985e-04  8.797e-01  7.9490e-05  1.6772e-04  2.7181e-04
  Mpr  pmos   q/ qb/vdd/vdd   -523.60     65.09      0.00  ON   (Vov=+301.0mV)     -0.0000e+00  -1.9852e-05  0.000e+00  8.7771e-05 -3.2709e-04  6.4833e-05
  Mnr  nmos   q/ qb/  0/  0    226.40    815.09      0.00  ON   (Vov=+45.0mV)      -6.3567e-06  -8.4300e-07  7.540e+00  1.7356e-04  2.7227e-07  2.4742e-05
  Mal  nmos  bl/ wl/  q/  0    -65.09    -65.09   -815.09  OFF  (Vov=-246.5mV)     -0.0000e+00  -0.0000e+00        inf  7.0467e-04 -7.6146e-09  6.8635e-09
  Mar  nmos blb/ wl/ qb/  0    523.60    523.60   -226.40  ON   (Vov=+342.2mV)     -1.2552e-04  -5.7158e-05  2.196e+00  6.2784e-05  6.8721e-06  3.2273e-04
[NN-resolver] L73.0 Mpl TECH=tsmc7 VT=ulvt -> tsmc7_dn_medium_pmos_best.pt (scope=tsmc7, tech_code=2)
[NN-resolver] L73.0 Mnl TECH=tsmc7 VT=ulvt -> tsmc7_dn_medium_nmos_best.pt (scope=tsmc7, tech_code=2)
[NN-resolver] L73.0 Mpr TECH=tsmc7 VT=ulvt -> tsmc7_dn_medium_pmos_best.pt (scope=tsmc7, tech_code=2)
[NN-resolver] L73.0 Mnr TECH=tsmc7 VT=ulvt -> tsmc7_dn_medium_nmos_best.pt (scope=tsmc7, tech_code=2)
[NN-resolver] L73.0 Mal TECH=tsmc7 VT=ulvt -> tsmc7_dn_medium_nmos_best.pt (scope=tsmc7, tech_code=2)
[NN-resolver] L73.0 Mar TECH=tsmc7 VT=ulvt -> tsmc7_dn_medium_nmos_best.pt (scope=tsmc7, tech_code=2)

##### state0  (seed q=0.0 qb=0.75) — STUCK node voltages:
    V(vdd ) =   750.00 mV
    V(q   ) =   226.40 mV
    V(qb  ) =   815.09 mV
    V(bl  ) =   750.00 mV
    V(blb ) =   750.00 mV
    V(wl  ) =   750.00 mV

  Dev  type   D/  G/  S/  B   Vgs(mV)   Vds(mV)   Vbs(mV)  class                      NN id(A)   OSDI id(A)  |NN/OSDI|      NN gds    OSDI gds     OSDI gm
  Mpl  pmos  qb/  q/vdd/vdd   -523.60     65.09      0.00  ON   (Vov=+301.0mV)     -0.0000e+00  -1.9852e-05  0.000e+00  8.7771e-05 -3.2709e-04  6.4833e-05
  Mnl  nmos  qb/  q/  0/  0    226.40    815.09      0.00  ON   (Vov=+45.0mV)      -6.3567e-06  -8.4300e-07  7.540e+00  1.7356e-04  2.7227e-07  2.4742e-05
  Mpr  pmos   q/ qb/vdd/vdd     65.09   -523.60      0.00  OFF  (Vov=-287.7mV)      4.9717e-07  -0.0000e+00        inf  9.8321e-07  2.8094e-12  1.8257e-10
  Mnr  nmos   q/ qb/  0/  0    815.09    226.40      0.00  ON   (Vov=+633.7mV)     -1.2303e-04  -1.3985e-04  8.797e-01  7.9490e-05  1.6772e-04  2.7181e-04
  Mal  nmos  bl/ wl/  q/  0    523.60    523.60   -226.40  ON   (Vov=+342.2mV)     -1.2552e-04  -5.7158e-05  2.196e+00  6.2784e-05  6.8721e-06  3.2273e-04
  Mar  nmos blb/ wl/ qb/  0    -65.09    -65.09   -815.09  OFF  (Vov=-246.5mV)     -0.0000e+00  -0.0000e+00        inf  7.0467e-04 -7.6146e-09  6.8635e-09

==========================================================================================
(See decision block in results/v6_4_6/phase0_D_sram_attractor.md)

