==============================================================================
Benchmark 3c — 6T SRAM read SNM: DirectNet vs NGSPICE BSIM-CMG
  NFIN corners: [3]
  Gate: both butterfly lobes positive across NFIN corners
==============================================================================

--- TSMC7 (VDD=0.75 VT=ulvt) ---
  NFIN=3:
    NGSPICE BSIM-CMG butterfly lobe ...
    DirectNet (LEVEL=73) butterfly lobe ...
[NN-resolver] L73.0 Mpl TECH=tsmc7 VT=ulvt -> tsmc7_dn_medium_pmos_best.pt (scope=tsmc7, tech_code=2)
[NN-resolver] L73.0 Mnl TECH=tsmc7 VT=ulvt -> tsmc7_dn_medium_nmos_best.pt (scope=tsmc7, tech_code=2)
[NN-resolver] L73.0 Mna TECH=tsmc7 VT=ulvt -> tsmc7_dn_medium_nmos_best.pt (scope=tsmc7, tech_code=2)
DC sweep plot saved to: /data2/home/shenshan/NN_SPICE-refactor-nn/tests/verify_complex_results/sram_snm/TSMC7/sram_TSMC7_nfin3_out/sram_TSMC7_3_dc_sweep.png
      NG SNM=185.7mV  DN SNM=371.0mV  SNMerr=99.8%  DN min(qb)=524.7mV  NRMSE=54.96%
    force_ic full-6T convergence probe ...
[NN-resolver] L73.0 Mpl TECH=tsmc7 VT=ulvt -> tsmc7_dn_medium_pmos_best.pt (scope=tsmc7, tech_code=2)
[NN-resolver] L73.0 Mnl TECH=tsmc7 VT=ulvt -> tsmc7_dn_medium_nmos_best.pt (scope=tsmc7, tech_code=2)
[NN-resolver] L73.0 Mpr TECH=tsmc7 VT=ulvt -> tsmc7_dn_medium_pmos_best.pt (scope=tsmc7, tech_code=2)
[NN-resolver] L73.0 Mnr TECH=tsmc7 VT=ulvt -> tsmc7_dn_medium_nmos_best.pt (scope=tsmc7, tech_code=2)
[NN-resolver] L73.0 Mal TECH=tsmc7 VT=ulvt -> tsmc7_dn_medium_nmos_best.pt (scope=tsmc7, tech_code=2)
[NN-resolver] L73.0 Mar TECH=tsmc7 VT=ulvt -> tsmc7_dn_medium_nmos_best.pt (scope=tsmc7, tech_code=2)
      force_ic state1: q=0.815 qb=0.226  -> FAILED
[NN-resolver] L73.0 Mpl TECH=tsmc7 VT=ulvt -> tsmc7_dn_medium_pmos_best.pt (scope=tsmc7, tech_code=2)
[NN-resolver] L73.0 Mnl TECH=tsmc7 VT=ulvt -> tsmc7_dn_medium_nmos_best.pt (scope=tsmc7, tech_code=2)
[NN-resolver] L73.0 Mpr TECH=tsmc7 VT=ulvt -> tsmc7_dn_medium_pmos_best.pt (scope=tsmc7, tech_code=2)
[NN-resolver] L73.0 Mnr TECH=tsmc7 VT=ulvt -> tsmc7_dn_medium_nmos_best.pt (scope=tsmc7, tech_code=2)
[NN-resolver] L73.0 Mal TECH=tsmc7 VT=ulvt -> tsmc7_dn_medium_nmos_best.pt (scope=tsmc7, tech_code=2)
[NN-resolver] L73.0 Mar TECH=tsmc7 VT=ulvt -> tsmc7_dn_medium_nmos_best.pt (scope=tsmc7, tech_code=2)
      force_ic state0: q=0.226 qb=0.815  -> FAILED

==============================================================================
SUMMARY — Benchmark 3c SRAM read SNM
==============================================================================
Tech     |  NFIN |  NG SNM mV |  DN SNM mV |  SNMerr% |  min(qb)mV |  Positive
------------------------------------------------------------------------------
TSMC7    |     3 |      185.7 |      371.0 |     99.8 |      524.7 |       yes
TSMC7    |   force_ic: state1=FAIL state0=FAIL  |  all-positive: yes

  1/1 techs with all butterfly lobes positive

