==============================================================================
Benchmark 3a — 5-stage ring oscillator: DirectNet vs NGSPICE BSIM-CMG
  Gate: oscillation period within +/-5%
==============================================================================

--- TSMC7 (VDD=0.75 VT=ulvt) ---
  NGSPICE BSIM-CMG reference ...
    NGSPICE period = 46.64 ps
  DirectNet (LEVEL=73) transient ...
[NN-resolver] L73.0 Mp1 TECH=tsmc7 VT=ulvt -> tsmc7_dn_medium_pmos_best.pt (scope=tsmc7, tech_code=2)
[NN-resolver] L73.0 Mn1 TECH=tsmc7 VT=ulvt -> tsmc7_dn_medium_nmos_best.pt (scope=tsmc7, tech_code=2)
[NN-resolver] L73.0 Mp2 TECH=tsmc7 VT=ulvt -> tsmc7_dn_medium_pmos_best.pt (scope=tsmc7, tech_code=2)
[NN-resolver] L73.0 Mn2 TECH=tsmc7 VT=ulvt -> tsmc7_dn_medium_nmos_best.pt (scope=tsmc7, tech_code=2)
[NN-resolver] L73.0 Mp3 TECH=tsmc7 VT=ulvt -> tsmc7_dn_medium_pmos_best.pt (scope=tsmc7, tech_code=2)
[NN-resolver] L73.0 Mn3 TECH=tsmc7 VT=ulvt -> tsmc7_dn_medium_nmos_best.pt (scope=tsmc7, tech_code=2)
[NN-resolver] L73.0 Mp4 TECH=tsmc7 VT=ulvt -> tsmc7_dn_medium_pmos_best.pt (scope=tsmc7, tech_code=2)
[NN-resolver] L73.0 Mn4 TECH=tsmc7 VT=ulvt -> tsmc7_dn_medium_nmos_best.pt (scope=tsmc7, tech_code=2)
[NN-resolver] L73.0 Mp5 TECH=tsmc7 VT=ulvt -> tsmc7_dn_medium_pmos_best.pt (scope=tsmc7, tech_code=2)
[NN-resolver] L73.0 Mn5 TECH=tsmc7 VT=ulvt -> tsmc7_dn_medium_nmos_best.pt (scope=tsmc7, tech_code=2)
[RO_INTEG_PROBE] transient start: num_steps=601 dt=2.000e-12 t_stop=1.200e-09 has_non_linear=True is_nn=True force=(none)
    DirectNet period = 50.82 ps
    waveform: MRE=346.77%  R2=-0.6525  NRMSE=54.37%  MaxErr=790.76mV
    period error = 8.97%  ->  FAIL

==============================================================================
SUMMARY — Benchmark 3a ring oscillator
==============================================================================
Tech     |  NG per(ps) |  DN per(ps) |  PerErr% |  NRMSE% |      R2 |   Status
------------------------------------------------------------------------------
TSMC7    |       46.64 |       50.82 |     8.97 |   54.37 | -0.6525 |     FAIL

  0/1 within +/-5% period gate
