[P0-I v2] TRAN_TSTOP=0.200 ns  SETTLE=0.030 ns  variants=['baseline', 'nmos']
[P0-I v2] NGSPICE ground truth period = 46.65 ps  (gate <=5% -> DirectNet must reach <=48.99 ps)
[NN-resolver] L73.0 Mp1 TECH=tsmc7 VT=ulvt -> tsmc7_dn_medium_pmos_best.pt (scope=tsmc7, tech_code=2)
[NN-resolver] L73.0 Mn1 TECH=tsmc7 VT=ulvt -> tsmc7_dn_medium_nmos_best.pt (scope=tsmc7, tech_code=2)
[NN-resolver] L73.0 Mp2 TECH=tsmc7 VT=ulvt -> tsmc7_dn_medium_pmos_best.pt (scope=tsmc7, tech_code=2)
[NN-resolver] L73.0 Mn2 TECH=tsmc7 VT=ulvt -> tsmc7_dn_medium_nmos_best.pt (scope=tsmc7, tech_code=2)
[NN-resolver] L73.0 Mp3 TECH=tsmc7 VT=ulvt -> tsmc7_dn_medium_pmos_best.pt (scope=tsmc7, tech_code=2)
[NN-resolver] L73.0 Mn3 TECH=tsmc7 VT=ulvt -> tsmc7_dn_medium_nmos_best.pt (scope=tsmc7, tech_code=2)
[NN-resolver] L73.0 Mp4 TECH=tsmc7 VT=ulvt -> tsmc7_dn_medium_pmos_best.pt (scope=tsmc7, tech_code=2)
[NN-resolver] L73.0 Mn4 TECH=tsmc7 VT=ulvt -> tsmc7_dn_medium_nmos_best.pt (scope=tsmc7, tech_code=2)
[NN-resolver] L73.0 Mp5 TECH=tsmc7 VT=ulvt -> tsmc7_dn_medium_pmos_best.pt (scope=tsmc7, tech_code=2)
[NN-resolver] L73.0 Mn5 TECH=tsmc7 VT=ulvt -> tsmc7_dn_medium_nmos_best.pt (scope=tsmc7, tech_code=2)
[P0-I v2] baseline         period =   50.84 ps  err =   8.96%  Δvs50.82 =  +0.02 ps  NRMSE =  80.32%  R2 =  -2.5366  partial=False reached=0.200ns err=''  wall=141s osdi_calls=0 hits=0
           wave: vmin=-0.030 vmax=0.780 swing=0.810V  n_rise=4 n_fall=3  half-periods(ps)=[26.,26.,24.,26.,26.,26.]
           saved waveform -> results/v6_4_6/phase0_logs/p0i_waveforms/wave_baseline.npz
[NN-resolver] L73.0 Mp1 TECH=tsmc7 VT=ulvt -> tsmc7_dn_medium_pmos_best.pt (scope=tsmc7, tech_code=2)
[NN-resolver] L73.0 Mn1 TECH=tsmc7 VT=ulvt -> tsmc7_dn_medium_nmos_best.pt (scope=tsmc7, tech_code=2)
[NN-resolver] L73.0 Mp2 TECH=tsmc7 VT=ulvt -> tsmc7_dn_medium_pmos_best.pt (scope=tsmc7, tech_code=2)
[NN-resolver] L73.0 Mn2 TECH=tsmc7 VT=ulvt -> tsmc7_dn_medium_nmos_best.pt (scope=tsmc7, tech_code=2)
[NN-resolver] L73.0 Mp3 TECH=tsmc7 VT=ulvt -> tsmc7_dn_medium_pmos_best.pt (scope=tsmc7, tech_code=2)
[NN-resolver] L73.0 Mn3 TECH=tsmc7 VT=ulvt -> tsmc7_dn_medium_nmos_best.pt (scope=tsmc7, tech_code=2)
[NN-resolver] L73.0 Mp4 TECH=tsmc7 VT=ulvt -> tsmc7_dn_medium_pmos_best.pt (scope=tsmc7, tech_code=2)
[NN-resolver] L73.0 Mn4 TECH=tsmc7 VT=ulvt -> tsmc7_dn_medium_nmos_best.pt (scope=tsmc7, tech_code=2)
[NN-resolver] L73.0 Mp5 TECH=tsmc7 VT=ulvt -> tsmc7_dn_medium_pmos_best.pt (scope=tsmc7, tech_code=2)
[NN-resolver] L73.0 Mn5 TECH=tsmc7 VT=ulvt -> tsmc7_dn_medium_nmos_best.pt (scope=tsmc7, tech_code=2)
[P0-I v2] id-inject-NMOS   period =     nan ps  err =    nan%  Δvs50.82 =   +nan ps  NRMSE =  54.56%  R2 =  -0.6319  partial=False reached=0.200ns err=''  wall=2836s osdi_calls=86506 hits=260829
           wave: vmin=-0.017 vmax=0.782 swing=0.799V  n_rise=2 n_fall=2  half-periods(ps)=[44.,48.,46.]
           saved waveform -> results/v6_4_6/phase0_logs/p0i_waveforms/wave_id-inject-NMOS.npz

==============================================================================
P0-I v2 SUMMARY — TSMC7 RO period under consistent OSDI-`id`-VALUE injection
==============================================================================
  NGSPICE ground truth period = 46.65 ps  (gate <=5% -> <=48.99 ps);  baseline 50.82 ps
  variant          |  period(ps) |  perErr% |  Δvs50.82 |  NRMSE% |       R2 | partial |  reached
  baseline         |       50.84 |     8.96 |     +0.02 |   80.32 |  -2.5366 |   False |   0.200ns
  id-inject-NMOS   |         nan |      nan |      +nan |   54.56 |  -0.6319 |   False |   0.200ns

