==============================================================================
Benchmark 3c — 6T SRAM read SNM: DirectNet vs NGSPICE BSIM-CMG
  NFIN corners: [2]
  Gate: both butterfly lobes positive across NFIN corners
==============================================================================

--- TSMC5 (VDD=0.65 VT=lvt) ---
  NFIN=2:
    NGSPICE BSIM-CMG butterfly lobe ...
    DirectNet (LEVEL=73) butterfly lobe ...
[NN-resolver] L73.0 Mpl TECH=tsmc5 VT=lvt -> tsmc5_dn_medium_pmos_best.pt (scope=tsmc5, tech_code=1)
[NN-resolver] L73.0 Mnl TECH=tsmc5 VT=lvt -> tsmc5_dn_medium_nmos_best.pt (scope=tsmc5, tech_code=1)
[NN-resolver] L73.0 Mna TECH=tsmc5 VT=lvt -> tsmc5_dn_medium_nmos_best.pt (scope=tsmc5, tech_code=1)
DC sweep plot saved to: /data2/home/shenshan/NN_SPICE-refactor-nn/tests/verify_complex_results/sram_snm/TSMC5/sram_TSMC5_nfin2_out/sram_TSMC5_2_dc_sweep.png
      NG SNM=189.2mV  DN SNM=337.7mV  SNMerr=78.5%  DN min(qb)=477.6mV  NRMSE=56.28%
    force_ic full-6T convergence probe ...
[NN-resolver] L73.0 Mpl TECH=tsmc5 VT=lvt -> tsmc5_dn_medium_pmos_best.pt (scope=tsmc5, tech_code=1)
[NN-resolver] L73.0 Mnl TECH=tsmc5 VT=lvt -> tsmc5_dn_medium_nmos_best.pt (scope=tsmc5, tech_code=1)
[NN-resolver] L73.0 Mpr TECH=tsmc5 VT=lvt -> tsmc5_dn_medium_pmos_best.pt (scope=tsmc5, tech_code=1)
[NN-resolver] L73.0 Mnr TECH=tsmc5 VT=lvt -> tsmc5_dn_medium_nmos_best.pt (scope=tsmc5, tech_code=1)
[NN-resolver] L73.0 Mal TECH=tsmc5 VT=lvt -> tsmc5_dn_medium_nmos_best.pt (scope=tsmc5, tech_code=1)
[NN-resolver] L73.0 Mar TECH=tsmc5 VT=lvt -> tsmc5_dn_medium_nmos_best.pt (scope=tsmc5, tech_code=1)
      force_ic state1: q=0.596 qb=0.596  resid=6.390e-05 thr=6.500e-03 (resid_ok=True rail_ok=False)  -> FAIL
[NN-resolver] L73.0 Mpl TECH=tsmc5 VT=lvt -> tsmc5_dn_medium_pmos_best.pt (scope=tsmc5, tech_code=1)
[NN-resolver] L73.0 Mnl TECH=tsmc5 VT=lvt -> tsmc5_dn_medium_nmos_best.pt (scope=tsmc5, tech_code=1)
[NN-resolver] L73.0 Mpr TECH=tsmc5 VT=lvt -> tsmc5_dn_medium_pmos_best.pt (scope=tsmc5, tech_code=1)
[NN-resolver] L73.0 Mnr TECH=tsmc5 VT=lvt -> tsmc5_dn_medium_nmos_best.pt (scope=tsmc5, tech_code=1)
[NN-resolver] L73.0 Mal TECH=tsmc5 VT=lvt -> tsmc5_dn_medium_nmos_best.pt (scope=tsmc5, tech_code=1)
[NN-resolver] L73.0 Mar TECH=tsmc5 VT=lvt -> tsmc5_dn_medium_nmos_best.pt (scope=tsmc5, tech_code=1)
      force_ic state0: q=0.596 qb=0.596  resid=6.390e-05 thr=6.500e-03 (resid_ok=True rail_ok=False)  -> FAIL

--- TSMC7 (VDD=0.75 VT=ulvt) ---
  NFIN=2:
    NGSPICE BSIM-CMG butterfly lobe ...
    DirectNet (LEVEL=73) butterfly lobe ...
[NN-resolver] L73.0 Mpl TECH=tsmc7 VT=ulvt -> tsmc7_dn_medium_pmos_best.pt (scope=tsmc7, tech_code=2)
[NN-resolver] L73.0 Mnl TECH=tsmc7 VT=ulvt -> tsmc7_dn_medium_nmos_best.pt (scope=tsmc7, tech_code=2)
[NN-resolver] L73.0 Mna TECH=tsmc7 VT=ulvt -> tsmc7_dn_medium_nmos_best.pt (scope=tsmc7, tech_code=2)
DC sweep plot saved to: /data2/home/shenshan/NN_SPICE-refactor-nn/tests/verify_complex_results/sram_snm/TSMC7/sram_TSMC7_nfin2_out/sram_TSMC7_2_dc_sweep.png
      NG SNM=187.4mV  DN SNM=373.0mV  SNMerr=99.0%  DN min(qb)=527.5mV  NRMSE=55.28%
    force_ic full-6T convergence probe ...
[NN-resolver] L73.0 Mpl TECH=tsmc7 VT=ulvt -> tsmc7_dn_medium_pmos_best.pt (scope=tsmc7, tech_code=2)
[NN-resolver] L73.0 Mnl TECH=tsmc7 VT=ulvt -> tsmc7_dn_medium_nmos_best.pt (scope=tsmc7, tech_code=2)
[NN-resolver] L73.0 Mpr TECH=tsmc7 VT=ulvt -> tsmc7_dn_medium_pmos_best.pt (scope=tsmc7, tech_code=2)
[NN-resolver] L73.0 Mnr TECH=tsmc7 VT=ulvt -> tsmc7_dn_medium_nmos_best.pt (scope=tsmc7, tech_code=2)
[NN-resolver] L73.0 Mal TECH=tsmc7 VT=ulvt -> tsmc7_dn_medium_nmos_best.pt (scope=tsmc7, tech_code=2)
[NN-resolver] L73.0 Mar TECH=tsmc7 VT=ulvt -> tsmc7_dn_medium_nmos_best.pt (scope=tsmc7, tech_code=2)
      force_ic state1: q=0.677 qb=0.677  resid=1.009e-04 thr=7.500e-03 (resid_ok=True rail_ok=False)  -> FAIL
[NN-resolver] L73.0 Mpl TECH=tsmc7 VT=ulvt -> tsmc7_dn_medium_pmos_best.pt (scope=tsmc7, tech_code=2)
[NN-resolver] L73.0 Mnl TECH=tsmc7 VT=ulvt -> tsmc7_dn_medium_nmos_best.pt (scope=tsmc7, tech_code=2)
[NN-resolver] L73.0 Mpr TECH=tsmc7 VT=ulvt -> tsmc7_dn_medium_pmos_best.pt (scope=tsmc7, tech_code=2)
[NN-resolver] L73.0 Mnr TECH=tsmc7 VT=ulvt -> tsmc7_dn_medium_nmos_best.pt (scope=tsmc7, tech_code=2)
[NN-resolver] L73.0 Mal TECH=tsmc7 VT=ulvt -> tsmc7_dn_medium_nmos_best.pt (scope=tsmc7, tech_code=2)
[NN-resolver] L73.0 Mar TECH=tsmc7 VT=ulvt -> tsmc7_dn_medium_nmos_best.pt (scope=tsmc7, tech_code=2)
      force_ic state0: q=0.677 qb=0.677  resid=1.009e-04 thr=7.500e-03 (resid_ok=True rail_ok=False)  -> FAIL

--- TSMC12 (VDD=0.8 VT=svt) ---
  NFIN=2:
    NGSPICE BSIM-CMG butterfly lobe ...
    DirectNet (LEVEL=73) butterfly lobe ...
[NN-resolver] L73.0 Mpl TECH=tsmc12 VT=svt -> tsmc12_dn_medium_pmos_best.pt (scope=tsmc12, tech_code=0)
[NN-resolver] L73.0 Mnl TECH=tsmc12 VT=svt -> tsmc12_dn_medium_nmos_best.pt (scope=tsmc12, tech_code=0)
[NN-resolver] L73.0 Mna TECH=tsmc12 VT=svt -> tsmc12_dn_medium_nmos_best.pt (scope=tsmc12, tech_code=0)
DC sweep plot saved to: /data2/home/shenshan/NN_SPICE-refactor-nn/tests/verify_complex_results/sram_snm/TSMC12/sram_TSMC12_nfin2_out/sram_TSMC12_2_dc_sweep.png
      NG SNM=239.1mV  DN SNM=407.4mV  SNMerr=70.4%  DN min(qb)=576.1mV  NRMSE=54.71%
    force_ic full-6T convergence probe ...
[NN-resolver] L73.0 Mpl TECH=tsmc12 VT=svt -> tsmc12_dn_medium_pmos_best.pt (scope=tsmc12, tech_code=0)
[NN-resolver] L73.0 Mnl TECH=tsmc12 VT=svt -> tsmc12_dn_medium_nmos_best.pt (scope=tsmc12, tech_code=0)
[NN-resolver] L73.0 Mpr TECH=tsmc12 VT=svt -> tsmc12_dn_medium_pmos_best.pt (scope=tsmc12, tech_code=0)
[NN-resolver] L73.0 Mnr TECH=tsmc12 VT=svt -> tsmc12_dn_medium_nmos_best.pt (scope=tsmc12, tech_code=0)
[NN-resolver] L73.0 Mal TECH=tsmc12 VT=svt -> tsmc12_dn_medium_nmos_best.pt (scope=tsmc12, tech_code=0)
[NN-resolver] L73.0 Mar TECH=tsmc12 VT=svt -> tsmc12_dn_medium_nmos_best.pt (scope=tsmc12, tech_code=0)
      force_ic state1: q=0.730 qb=0.730  resid=7.735e-05 thr=8.000e-03 (resid_ok=True rail_ok=False)  -> FAIL
[NN-resolver] L73.0 Mpl TECH=tsmc12 VT=svt -> tsmc12_dn_medium_pmos_best.pt (scope=tsmc12, tech_code=0)
[NN-resolver] L73.0 Mnl TECH=tsmc12 VT=svt -> tsmc12_dn_medium_nmos_best.pt (scope=tsmc12, tech_code=0)
[NN-resolver] L73.0 Mpr TECH=tsmc12 VT=svt -> tsmc12_dn_medium_pmos_best.pt (scope=tsmc12, tech_code=0)
[NN-resolver] L73.0 Mnr TECH=tsmc12 VT=svt -> tsmc12_dn_medium_nmos_best.pt (scope=tsmc12, tech_code=0)
[NN-resolver] L73.0 Mal TECH=tsmc12 VT=svt -> tsmc12_dn_medium_nmos_best.pt (scope=tsmc12, tech_code=0)
[NN-resolver] L73.0 Mar TECH=tsmc12 VT=svt -> tsmc12_dn_medium_nmos_best.pt (scope=tsmc12, tech_code=0)
      force_ic state0: q=0.730 qb=0.730  resid=7.735e-05 thr=8.000e-03 (resid_ok=True rail_ok=False)  -> FAIL

--- TSMC16 (VDD=0.8 VT=svt) ---
  NFIN=2:
    NGSPICE BSIM-CMG butterfly lobe ...
    DirectNet (LEVEL=73) butterfly lobe ...
[NN-resolver] L73.0 Mpl TECH=tsmc16 VT=svt -> tsmc16_dn_medium_pmos_best.pt (scope=tsmc16, tech_code=0)
[NN-resolver] L73.0 Mnl TECH=tsmc16 VT=svt -> tsmc16_dn_medium_nmos_best.pt (scope=tsmc16, tech_code=0)
[NN-resolver] L73.0 Mna TECH=tsmc16 VT=svt -> tsmc16_dn_medium_nmos_best.pt (scope=tsmc16, tech_code=0)
DC sweep plot saved to: /data2/home/shenshan/NN_SPICE-refactor-nn/tests/verify_complex_results/sram_snm/TSMC16/sram_TSMC16_nfin2_out/sram_TSMC16_2_dc_sweep.png
      NG SNM=235.5mV  DN SNM=356.6mV  SNMerr=51.4%  DN min(qb)=504.3mV  NRMSE=54.60%
    force_ic full-6T convergence probe ...
[NN-resolver] L73.0 Mpl TECH=tsmc16 VT=svt -> tsmc16_dn_medium_pmos_best.pt (scope=tsmc16, tech_code=0)
[NN-resolver] L73.0 Mnl TECH=tsmc16 VT=svt -> tsmc16_dn_medium_nmos_best.pt (scope=tsmc16, tech_code=0)
[NN-resolver] L73.0 Mpr TECH=tsmc16 VT=svt -> tsmc16_dn_medium_pmos_best.pt (scope=tsmc16, tech_code=0)
[NN-resolver] L73.0 Mnr TECH=tsmc16 VT=svt -> tsmc16_dn_medium_nmos_best.pt (scope=tsmc16, tech_code=0)
[NN-resolver] L73.0 Mal TECH=tsmc16 VT=svt -> tsmc16_dn_medium_nmos_best.pt (scope=tsmc16, tech_code=0)
[NN-resolver] L73.0 Mar TECH=tsmc16 VT=svt -> tsmc16_dn_medium_nmos_best.pt (scope=tsmc16, tech_code=0)
      force_ic state1: q=0.730 qb=0.730  resid=7.441e-05 thr=8.000e-03 (resid_ok=True rail_ok=False)  -> FAIL
[NN-resolver] L73.0 Mpl TECH=tsmc16 VT=svt -> tsmc16_dn_medium_pmos_best.pt (scope=tsmc16, tech_code=0)
[NN-resolver] L73.0 Mnl TECH=tsmc16 VT=svt -> tsmc16_dn_medium_nmos_best.pt (scope=tsmc16, tech_code=0)
[NN-resolver] L73.0 Mpr TECH=tsmc16 VT=svt -> tsmc16_dn_medium_pmos_best.pt (scope=tsmc16, tech_code=0)
[NN-resolver] L73.0 Mnr TECH=tsmc16 VT=svt -> tsmc16_dn_medium_nmos_best.pt (scope=tsmc16, tech_code=0)
[NN-resolver] L73.0 Mal TECH=tsmc16 VT=svt -> tsmc16_dn_medium_nmos_best.pt (scope=tsmc16, tech_code=0)
[NN-resolver] L73.0 Mar TECH=tsmc16 VT=svt -> tsmc16_dn_medium_nmos_best.pt (scope=tsmc16, tech_code=0)
      force_ic state0: q=0.730 qb=0.730  resid=7.441e-05 thr=8.000e-03 (resid_ok=True rail_ok=False)  -> FAIL

==============================================================================
SUMMARY — Benchmark 3c SRAM read SNM
==============================================================================
Tech     |  NFIN |  NG SNM mV |  DN SNM mV |  SNMerr% |  min(qb)mV |  Positive
------------------------------------------------------------------------------
TSMC5    |     2 |      189.2 |      337.7 |     78.5 |      477.6 |       yes
TSMC5    |   force_ic: state1=FAIL state0=FAIL  |  all-positive: yes
TSMC7    |     2 |      187.4 |      373.0 |     99.0 |      527.5 |       yes
TSMC7    |   force_ic: state1=FAIL state0=FAIL  |  all-positive: yes
TSMC12   |     2 |      239.1 |      407.4 |     70.4 |      576.1 |       yes
TSMC12   |   force_ic: state1=FAIL state0=FAIL  |  all-positive: yes
TSMC16   |     2 |      235.5 |      356.6 |     51.4 |      504.3 |       yes
TSMC16   |   force_ic: state1=FAIL state0=FAIL  |  all-positive: yes

  4/4 techs with all butterfly lobes positive

