======================================================================
  V6.3.2 — NN inverter parametric verification
======================================================================
  Techs:    ['TSMC5', 'TSMC7', 'TSMC12', 'TSMC16']
  Analyses: ['vtc', 'tran']
  Inverter acceptance: NRMSE < 15%

======================================================================
  TSMC5 — vtc
======================================================================
[NN-resolver] L73.0 Mn1 TECH=tsmc5 VT=lvt -> tsmc5_dn_medium_nmos_best.pt (scope=tsmc5, tech_code=1)
[NN-resolver] L73.0 Mp1 TECH=tsmc5 VT=lvt -> tsmc5_dn_medium_pmos_best.pt (scope=tsmc5, tech_code=1)
DC sweep plot saved to: /data2/home/shenshan/NN_SPICE-refactor-nn/tests/verify_nn_multi_tech_tran_results/TSMC5/vtc_baseline/directnet_v4_inverter_vtc_TSMC5/directnet_v4_inverter_TSMC5_dc_sweep.png
  TSMC5_vtc_baseline                  NRMSE=  0.96%  MRE=  6.29%  R2= 0.99962  MaxErr=4.390e+01  PASS
[NN-resolver] L73.0 Mn1 TECH=tsmc5 VT=lvt -> tsmc5_dn_medium_nmos_best.pt (scope=tsmc5, tech_code=1)
[NN-resolver] L73.0 Mp1 TECH=tsmc5 VT=lvt -> tsmc5_dn_medium_pmos_best.pt (scope=tsmc5, tech_code=1)
DC sweep plot saved to: /data2/home/shenshan/NN_SPICE-refactor-nn/tests/verify_nn_multi_tech_tran_results/TSMC5/vtc_pn_nfinp3/directnet_v4_inverter_vtc_TSMC5_pn3/directnet_v4_inverter_TSMC5_pn3_dc_sweep.png
  TSMC5_vtc_pn_nfinp3                 NRMSE=  3.18%  MRE=  3.71%  R2= 0.99585  MaxErr=2.169e+02  PASS
[NN-resolver] L73.0 Mn1 TECH=tsmc5 VT=lvt -> tsmc5_dn_medium_nmos_best.pt (scope=tsmc5, tech_code=1)
[NN-resolver] L73.0 Mp1 TECH=tsmc5 VT=lvt -> tsmc5_dn_medium_pmos_best.pt (scope=tsmc5, tech_code=1)
DC sweep plot saved to: /data2/home/shenshan/NN_SPICE-refactor-nn/tests/verify_nn_multi_tech_tran_results/TSMC5/vtc_vdd_0p55/directnet_v4_inverter_vtc_TSMC5_vdd0.55/directnet_v4_inverter_TSMC5_vdd0.55_dc_sweep.png
  TSMC5_vtc_vdd_0p55                  NRMSE=  4.10%  MRE= 20.77%  R2= 0.99310  MaxErr=1.381e+02  PASS
[NN-resolver] L73.0 Mn1 TECH=tsmc5 VT=lvt -> tsmc5_dn_medium_nmos_best.pt (scope=tsmc5, tech_code=1)
[NN-resolver] L73.0 Mp1 TECH=tsmc5 VT=lvt -> tsmc5_dn_medium_pmos_best.pt (scope=tsmc5, tech_code=1)
DC sweep plot saved to: /data2/home/shenshan/NN_SPICE-refactor-nn/tests/verify_nn_multi_tech_tran_results/TSMC5/vtc_vdd_0p75/directnet_v4_inverter_vtc_TSMC5_vdd0.75/directnet_v4_inverter_TSMC5_vdd0.75_dc_sweep.png
  TSMC5_vtc_vdd_0p75                  NRMSE=  4.87%  MRE= 34.38%  R2= 0.99027  MaxErr=5.286e+01  PASS

======================================================================
  TSMC7 — vtc
======================================================================
[NN-resolver] L73.0 Mn1 TECH=tsmc7 VT=ulvt -> tsmc7_dn_medium_nmos_best.pt (scope=tsmc7, tech_code=2)
[NN-resolver] L73.0 Mp1 TECH=tsmc7 VT=ulvt -> tsmc7_dn_medium_pmos_best.pt (scope=tsmc7, tech_code=2)
DC sweep plot saved to: /data2/home/shenshan/NN_SPICE-refactor-nn/tests/verify_nn_multi_tech_tran_results/TSMC7/vtc_baseline/directnet_v4_inverter_vtc_TSMC7/directnet_v4_inverter_TSMC7_dc_sweep.png
  TSMC7_vtc_baseline                  NRMSE=  2.36%  MRE= 10.97%  R2= 0.99764  MaxErr=1.764e+02  PASS
[NN-resolver] L73.0 Mn1 TECH=tsmc7 VT=ulvt -> tsmc7_dn_medium_nmos_best.pt (scope=tsmc7, tech_code=2)
[NN-resolver] L73.0 Mp1 TECH=tsmc7 VT=ulvt -> tsmc7_dn_medium_pmos_best.pt (scope=tsmc7, tech_code=2)
DC sweep plot saved to: /data2/home/shenshan/NN_SPICE-refactor-nn/tests/verify_nn_multi_tech_tran_results/TSMC7/vtc_pn_nfinp3/directnet_v4_inverter_vtc_TSMC7_pn3/directnet_v4_inverter_TSMC7_pn3_dc_sweep.png
  TSMC7_vtc_pn_nfinp3                 NRMSE=  2.26%  MRE= 23.89%  R2= 0.99785  MaxErr=1.626e+02  PASS
[NN-resolver] L73.0 Mn1 TECH=tsmc7 VT=ulvt -> tsmc7_dn_medium_nmos_best.pt (scope=tsmc7, tech_code=2)
[NN-resolver] L73.0 Mp1 TECH=tsmc7 VT=ulvt -> tsmc7_dn_medium_pmos_best.pt (scope=tsmc7, tech_code=2)
DC sweep plot saved to: /data2/home/shenshan/NN_SPICE-refactor-nn/tests/verify_nn_multi_tech_tran_results/TSMC7/vtc_vdd_0p65/directnet_v4_inverter_vtc_TSMC7_vdd0.65/directnet_v4_inverter_TSMC7_vdd0.65_dc_sweep.png
  TSMC7_vtc_vdd_0p65                  NRMSE=  2.99%  MRE= 14.62%  R2= 0.99625  MaxErr=1.404e+02  PASS
[NN-resolver] L73.0 Mn1 TECH=tsmc7 VT=ulvt -> tsmc7_dn_medium_nmos_best.pt (scope=tsmc7, tech_code=2)
[NN-resolver] L73.0 Mp1 TECH=tsmc7 VT=ulvt -> tsmc7_dn_medium_pmos_best.pt (scope=tsmc7, tech_code=2)
DC sweep plot saved to: /data2/home/shenshan/NN_SPICE-refactor-nn/tests/verify_nn_multi_tech_tran_results/TSMC7/vtc_vdd_0p85/directnet_v4_inverter_vtc_TSMC7_vdd0.85/directnet_v4_inverter_TSMC7_vdd0.85_dc_sweep.png
  TSMC7_vtc_vdd_0p85                  NRMSE=  3.06%  MRE= 25.80%  R2= 0.99598  MaxErr=3.168e+01  PASS

======================================================================
  TSMC12 — vtc
======================================================================
[NN-resolver] L73.0 Mn1 TECH=tsmc12 VT=svt -> tsmc12_dn_medium_nmos_best.pt (scope=tsmc12, tech_code=0)
[NN-resolver] L73.0 Mp1 TECH=tsmc12 VT=svt -> tsmc12_dn_medium_pmos_best.pt (scope=tsmc12, tech_code=0)
DC sweep plot saved to: /data2/home/shenshan/NN_SPICE-refactor-nn/tests/verify_nn_multi_tech_tran_results/TSMC12/vtc_baseline/directnet_v4_inverter_vtc_TSMC12/directnet_v4_inverter_TSMC12_dc_sweep.png
  TSMC12_vtc_baseline                 NRMSE=  1.31%  MRE= 10.56%  R2= 0.99929  MaxErr=6.794e+01  PASS
[NN-resolver] L73.0 Mn1 TECH=tsmc12 VT=svt -> tsmc12_dn_medium_nmos_best.pt (scope=tsmc12, tech_code=0)
[NN-resolver] L73.0 Mp1 TECH=tsmc12 VT=svt -> tsmc12_dn_medium_pmos_best.pt (scope=tsmc12, tech_code=0)
DC sweep plot saved to: /data2/home/shenshan/NN_SPICE-refactor-nn/tests/verify_nn_multi_tech_tran_results/TSMC12/vtc_pn_nfinp3/directnet_v4_inverter_vtc_TSMC12_pn3/directnet_v4_inverter_TSMC12_pn3_dc_sweep.png
  TSMC12_vtc_pn_nfinp3                NRMSE=  1.09%  MRE=  9.64%  R2= 0.99951  MaxErr=3.519e+01  PASS
[NN-resolver] L73.0 Mn1 TECH=tsmc12 VT=svt -> tsmc12_dn_medium_nmos_best.pt (scope=tsmc12, tech_code=0)
[NN-resolver] L73.0 Mp1 TECH=tsmc12 VT=svt -> tsmc12_dn_medium_pmos_best.pt (scope=tsmc12, tech_code=0)
DC sweep plot saved to: /data2/home/shenshan/NN_SPICE-refactor-nn/tests/verify_nn_multi_tech_tran_results/TSMC12/vtc_vdd_0p70/directnet_v4_inverter_vtc_TSMC12_vdd0.7/directnet_v4_inverter_TSMC12_vdd0.7_dc_sweep.png
  TSMC12_vtc_vdd_0p70                 NRMSE=  1.48%  MRE= 12.16%  R2= 0.99909  MaxErr=6.603e+01  PASS
[NN-resolver] L73.0 Mn1 TECH=tsmc12 VT=svt -> tsmc12_dn_medium_nmos_best.pt (scope=tsmc12, tech_code=0)
[NN-resolver] L73.0 Mp1 TECH=tsmc12 VT=svt -> tsmc12_dn_medium_pmos_best.pt (scope=tsmc12, tech_code=0)
DC sweep plot saved to: /data2/home/shenshan/NN_SPICE-refactor-nn/tests/verify_nn_multi_tech_tran_results/TSMC12/vtc_vdd_0p90/directnet_v4_inverter_vtc_TSMC12_vdd0.9/directnet_v4_inverter_TSMC12_vdd0.9_dc_sweep.png
  TSMC12_vtc_vdd_0p90                 NRMSE=  3.38%  MRE= 24.50%  R2= 0.99526  MaxErr=4.017e+01  PASS

======================================================================
  TSMC16 — vtc
======================================================================
[NN-resolver] L73.0 Mn1 TECH=tsmc16 VT=svt -> tsmc16_dn_medium_nmos_best.pt (scope=tsmc16, tech_code=0)
[NN-resolver] L73.0 Mp1 TECH=tsmc16 VT=svt -> tsmc16_dn_medium_pmos_best.pt (scope=tsmc16, tech_code=0)
DC sweep plot saved to: /data2/home/shenshan/NN_SPICE-refactor-nn/tests/verify_nn_multi_tech_tran_results/TSMC16/vtc_baseline/directnet_v4_inverter_vtc_TSMC16/directnet_v4_inverter_TSMC16_dc_sweep.png
  TSMC16_vtc_baseline                 NRMSE=  1.11%  MRE=  7.10%  R2= 0.99949  MaxErr=3.838e+01  PASS
[NN-resolver] L73.0 Mn1 TECH=tsmc16 VT=svt -> tsmc16_dn_medium_nmos_best.pt (scope=tsmc16, tech_code=0)
[NN-resolver] L73.0 Mp1 TECH=tsmc16 VT=svt -> tsmc16_dn_medium_pmos_best.pt (scope=tsmc16, tech_code=0)
DC sweep plot saved to: /data2/home/shenshan/NN_SPICE-refactor-nn/tests/verify_nn_multi_tech_tran_results/TSMC16/vtc_pn_nfinp3/directnet_v4_inverter_vtc_TSMC16_pn3/directnet_v4_inverter_TSMC16_pn3_dc_sweep.png
  TSMC16_vtc_pn_nfinp3                NRMSE=  1.20%  MRE=  8.02%  R2= 0.99940  MaxErr=7.370e+01  PASS
[NN-resolver] L73.0 Mn1 TECH=tsmc16 VT=svt -> tsmc16_dn_medium_nmos_best.pt (scope=tsmc16, tech_code=0)
[NN-resolver] L73.0 Mp1 TECH=tsmc16 VT=svt -> tsmc16_dn_medium_pmos_best.pt (scope=tsmc16, tech_code=0)
DC sweep plot saved to: /data2/home/shenshan/NN_SPICE-refactor-nn/tests/verify_nn_multi_tech_tran_results/TSMC16/vtc_vdd_0p70/directnet_v4_inverter_vtc_TSMC16_vdd0.7/directnet_v4_inverter_TSMC16_vdd0.7_dc_sweep.png
  TSMC16_vtc_vdd_0p70                 NRMSE=  1.44%  MRE=  8.90%  R2= 0.99915  MaxErr=5.073e+01  PASS
[NN-resolver] L73.0 Mn1 TECH=tsmc16 VT=svt -> tsmc16_dn_medium_nmos_best.pt (scope=tsmc16, tech_code=0)
[NN-resolver] L73.0 Mp1 TECH=tsmc16 VT=svt -> tsmc16_dn_medium_pmos_best.pt (scope=tsmc16, tech_code=0)
DC sweep plot saved to: /data2/home/shenshan/NN_SPICE-refactor-nn/tests/verify_nn_multi_tech_tran_results/TSMC16/vtc_vdd_0p90/directnet_v4_inverter_vtc_TSMC16_vdd0.9/directnet_v4_inverter_TSMC16_vdd0.9_dc_sweep.png
  TSMC16_vtc_vdd_0p90                 NRMSE=  3.45%  MRE= 26.07%  R2= 0.99504  MaxErr=4.154e+01  PASS

======================================================================
  TSMC5 — tran
======================================================================
[NN-resolver] L73.0 Mn1 TECH=tsmc5 VT=lvt -> tsmc5_dn_medium_nmos_best.pt (scope=tsmc5, tech_code=1)
[NN-resolver] L73.0 Mp1 TECH=tsmc5 VT=lvt -> tsmc5_dn_medium_pmos_best.pt (scope=tsmc5, tech_code=1)
  TSMC5_tran_baseline                 NRMSE=  2.17%  MRE= 12.96%  R2= 0.99793  MaxErr=1.116e+02  PASS
[NN-resolver] L73.0 Mn1 TECH=tsmc5 VT=lvt -> tsmc5_dn_medium_nmos_best.pt (scope=tsmc5, tech_code=1)
[NN-resolver] L73.0 Mp1 TECH=tsmc5 VT=lvt -> tsmc5_dn_medium_pmos_best.pt (scope=tsmc5, tech_code=1)
  TSMC5_tran_pn_nfinp3                NRMSE=  1.46%  MRE=  7.63%  R2= 0.99907  MaxErr=5.717e+01  PASS
[NN-resolver] L73.0 Mn1 TECH=tsmc5 VT=lvt -> tsmc5_dn_medium_nmos_best.pt (scope=tsmc5, tech_code=1)
[NN-resolver] L73.0 Mp1 TECH=tsmc5 VT=lvt -> tsmc5_dn_medium_pmos_best.pt (scope=tsmc5, tech_code=1)
  TSMC5_tran_vdd_0p55                 NRMSE=  1.51%  MRE=  8.62%  R2= 0.99897  MaxErr=5.601e+01  PASS
[NN-resolver] L73.0 Mn1 TECH=tsmc5 VT=lvt -> tsmc5_dn_medium_nmos_best.pt (scope=tsmc5, tech_code=1)
[NN-resolver] L73.0 Mp1 TECH=tsmc5 VT=lvt -> tsmc5_dn_medium_pmos_best.pt (scope=tsmc5, tech_code=1)
  TSMC5_tran_vdd_0p75                 NRMSE=  3.73%  MRE=  4.80%  R2= 0.99405  MaxErr=1.419e+02  PASS
[NN-resolver] L73.0 Mn1 TECH=tsmc5 VT=lvt -> tsmc5_dn_medium_nmos_best.pt (scope=tsmc5, tech_code=1)
[NN-resolver] L73.0 Mp1 TECH=tsmc5 VT=lvt -> tsmc5_dn_medium_pmos_best.pt (scope=tsmc5, tech_code=1)
  TSMC5_tran_cload_5fF                NRMSE=  0.44%  MRE=  1.53%  R2= 0.99992  MaxErr=1.334e+01  PASS
[NN-resolver] L73.0 Mn1 TECH=tsmc5 VT=lvt -> tsmc5_dn_medium_nmos_best.pt (scope=tsmc5, tech_code=1)
[NN-resolver] L73.0 Mp1 TECH=tsmc5 VT=lvt -> tsmc5_dn_medium_pmos_best.pt (scope=tsmc5, tech_code=1)
  TSMC5_tran_cload_50fF               NRMSE=  1.01%  MRE= 10.74%  R2= 0.99933  MaxErr=1.108e+01  PASS
[NN-resolver] L73.0 Mn1 TECH=tsmc5 VT=lvt -> tsmc5_dn_medium_nmos_best.pt (scope=tsmc5, tech_code=1)
[NN-resolver] L73.0 Mp1 TECH=tsmc5 VT=lvt -> tsmc5_dn_medium_pmos_best.pt (scope=tsmc5, tech_code=1)
  TSMC5_tran_cload_100fF              NRMSE=  0.95%  MRE=  4.12%  R2= 0.99899  MaxErr=9.785e+00  PASS
[NN-resolver] L73.0 Mn1 TECH=tsmc5 VT=lvt -> tsmc5_dn_medium_nmos_best.pt (scope=tsmc5, tech_code=1)
[NN-resolver] L73.0 Mp1 TECH=tsmc5 VT=lvt -> tsmc5_dn_medium_pmos_best.pt (scope=tsmc5, tech_code=1)
  TSMC5_tran_slew_10ps                NRMSE=  5.22%  MRE= 17.93%  R2= 0.98695  MaxErr=2.657e+02  PASS
[NN-resolver] L73.0 Mn1 TECH=tsmc5 VT=lvt -> tsmc5_dn_medium_nmos_best.pt (scope=tsmc5, tech_code=1)
[NN-resolver] L73.0 Mp1 TECH=tsmc5 VT=lvt -> tsmc5_dn_medium_pmos_best.pt (scope=tsmc5, tech_code=1)
  TSMC5_tran_slew_500ps               NRMSE=  0.49%  MRE=  0.95%  R2= 0.99990  MaxErr=1.663e+01  PASS
[NN-resolver] L73.0 Mn1 TECH=tsmc5 VT=lvt -> tsmc5_dn_medium_nmos_best.pt (scope=tsmc5, tech_code=1)
[NN-resolver] L73.0 Mp1 TECH=tsmc5 VT=lvt -> tsmc5_dn_medium_pmos_best.pt (scope=tsmc5, tech_code=1)
  TSMC5_tran_pw_0p2ns                 NRMSE=  2.86%  MRE= 12.65%  R2= 0.99531  MaxErr=1.116e+02  PASS
[NN-resolver] L73.0 Mn1 TECH=tsmc5 VT=lvt -> tsmc5_dn_medium_nmos_best.pt (scope=tsmc5, tech_code=1)
[NN-resolver] L73.0 Mp1 TECH=tsmc5 VT=lvt -> tsmc5_dn_medium_pmos_best.pt (scope=tsmc5, tech_code=1)
  TSMC5_tran_pw_0p5ns                 NRMSE=  2.31%  MRE= 10.06%  R2= 0.99757  MaxErr=1.116e+02  PASS
[NN-resolver] L73.0 Mn1 TECH=tsmc5 VT=lvt -> tsmc5_dn_medium_nmos_best.pt (scope=tsmc5, tech_code=1)
[NN-resolver] L73.0 Mp1 TECH=tsmc5 VT=lvt -> tsmc5_dn_medium_pmos_best.pt (scope=tsmc5, tech_code=1)
  TSMC5_tran_pw_2p0ns                 NRMSE=  1.77%  MRE=  7.82%  R2= 0.99866  MaxErr=1.116e+02  PASS

======================================================================
  TSMC7 — tran
======================================================================
[NN-resolver] L73.0 Mn1 TECH=tsmc7 VT=ulvt -> tsmc7_dn_medium_nmos_best.pt (scope=tsmc7, tech_code=2)
[NN-resolver] L73.0 Mp1 TECH=tsmc7 VT=ulvt -> tsmc7_dn_medium_pmos_best.pt (scope=tsmc7, tech_code=2)
  TSMC7_tran_baseline                 NRMSE=  1.21%  MRE=  4.48%  R2= 0.99935  MaxErr=7.376e+01  PASS
[NN-resolver] L73.0 Mn1 TECH=tsmc7 VT=ulvt -> tsmc7_dn_medium_nmos_best.pt (scope=tsmc7, tech_code=2)
[NN-resolver] L73.0 Mp1 TECH=tsmc7 VT=ulvt -> tsmc7_dn_medium_pmos_best.pt (scope=tsmc7, tech_code=2)
  TSMC7_tran_pn_nfinp3                NRMSE=  1.18%  MRE=  4.31%  R2= 0.99939  MaxErr=7.645e+01  PASS
[NN-resolver] L73.0 Mn1 TECH=tsmc7 VT=ulvt -> tsmc7_dn_medium_nmos_best.pt (scope=tsmc7, tech_code=2)
[NN-resolver] L73.0 Mp1 TECH=tsmc7 VT=ulvt -> tsmc7_dn_medium_pmos_best.pt (scope=tsmc7, tech_code=2)
  TSMC7_tran_vdd_0p65                 NRMSE=  1.35%  MRE=  3.24%  R2= 0.99921  MaxErr=6.528e+01  PASS
[NN-resolver] L73.0 Mn1 TECH=tsmc7 VT=ulvt -> tsmc7_dn_medium_nmos_best.pt (scope=tsmc7, tech_code=2)
[NN-resolver] L73.0 Mp1 TECH=tsmc7 VT=ulvt -> tsmc7_dn_medium_pmos_best.pt (scope=tsmc7, tech_code=2)
  TSMC7_tran_vdd_0p85                 NRMSE=  2.99%  MRE= 10.04%  R2= 0.99603  MaxErr=1.101e+02  PASS
[NN-resolver] L73.0 Mn1 TECH=tsmc7 VT=ulvt -> tsmc7_dn_medium_nmos_best.pt (scope=tsmc7, tech_code=2)
[NN-resolver] L73.0 Mp1 TECH=tsmc7 VT=ulvt -> tsmc7_dn_medium_pmos_best.pt (scope=tsmc7, tech_code=2)
  TSMC7_tran_cload_5fF                NRMSE=  0.49%  MRE=  1.45%  R2= 0.99989  MaxErr=2.102e+01  PASS
[NN-resolver] L73.0 Mn1 TECH=tsmc7 VT=ulvt -> tsmc7_dn_medium_nmos_best.pt (scope=tsmc7, tech_code=2)
[NN-resolver] L73.0 Mp1 TECH=tsmc7 VT=ulvt -> tsmc7_dn_medium_pmos_best.pt (scope=tsmc7, tech_code=2)
  TSMC7_tran_cload_50fF               NRMSE=  0.95%  MRE=  9.10%  R2= 0.99950  MaxErr=1.283e+01  PASS
[NN-resolver] L73.0 Mn1 TECH=tsmc7 VT=ulvt -> tsmc7_dn_medium_nmos_best.pt (scope=tsmc7, tech_code=2)
[NN-resolver] L73.0 Mp1 TECH=tsmc7 VT=ulvt -> tsmc7_dn_medium_pmos_best.pt (scope=tsmc7, tech_code=2)
  TSMC7_tran_cload_100fF              NRMSE=  1.03%  MRE=  9.89%  R2= 0.99910  MaxErr=1.282e+01  PASS
[NN-resolver] L73.0 Mn1 TECH=tsmc7 VT=ulvt -> tsmc7_dn_medium_nmos_best.pt (scope=tsmc7, tech_code=2)
[NN-resolver] L73.0 Mp1 TECH=tsmc7 VT=ulvt -> tsmc7_dn_medium_pmos_best.pt (scope=tsmc7, tech_code=2)
  TSMC7_tran_slew_10ps                NRMSE=  5.75%  MRE= 23.75%  R2= 0.98458  MaxErr=3.049e+02  PASS
[NN-resolver] L73.0 Mn1 TECH=tsmc7 VT=ulvt -> tsmc7_dn_medium_nmos_best.pt (scope=tsmc7, tech_code=2)
[NN-resolver] L73.0 Mp1 TECH=tsmc7 VT=ulvt -> tsmc7_dn_medium_pmos_best.pt (scope=tsmc7, tech_code=2)
  TSMC7_tran_slew_500ps               NRMSE=  0.85%  MRE=  3.62%  R2= 0.99970  MaxErr=2.508e+01  PASS
[NN-resolver] L73.0 Mn1 TECH=tsmc7 VT=ulvt -> tsmc7_dn_medium_nmos_best.pt (scope=tsmc7, tech_code=2)
[NN-resolver] L73.0 Mp1 TECH=tsmc7 VT=ulvt -> tsmc7_dn_medium_pmos_best.pt (scope=tsmc7, tech_code=2)
  TSMC7_tran_pw_0p2ns                 NRMSE=  1.59%  MRE=  3.79%  R2= 0.99854  MaxErr=7.376e+01  PASS
[NN-resolver] L73.0 Mn1 TECH=tsmc7 VT=ulvt -> tsmc7_dn_medium_nmos_best.pt (scope=tsmc7, tech_code=2)
[NN-resolver] L73.0 Mp1 TECH=tsmc7 VT=ulvt -> tsmc7_dn_medium_pmos_best.pt (scope=tsmc7, tech_code=2)
  TSMC7_tran_pw_0p5ns                 NRMSE=  1.43%  MRE=  4.25%  R2= 0.99906  MaxErr=7.376e+01  PASS
[NN-resolver] L73.0 Mn1 TECH=tsmc7 VT=ulvt -> tsmc7_dn_medium_nmos_best.pt (scope=tsmc7, tech_code=2)
[NN-resolver] L73.0 Mp1 TECH=tsmc7 VT=ulvt -> tsmc7_dn_medium_pmos_best.pt (scope=tsmc7, tech_code=2)
  TSMC7_tran_pw_2p0ns                 NRMSE=  0.97%  MRE=  2.61%  R2= 0.99960  MaxErr=7.392e+01  PASS

======================================================================
  TSMC12 — tran
======================================================================
[NN-resolver] L73.0 Mn1 TECH=tsmc12 VT=svt -> tsmc12_dn_medium_nmos_best.pt (scope=tsmc12, tech_code=0)
[NN-resolver] L73.0 Mp1 TECH=tsmc12 VT=svt -> tsmc12_dn_medium_pmos_best.pt (scope=tsmc12, tech_code=0)
  TSMC12_tran_baseline                NRMSE=  1.27%  MRE= 11.00%  R2= 0.99929  MaxErr=6.220e+01  PASS
[NN-resolver] L73.0 Mn1 TECH=tsmc12 VT=svt -> tsmc12_dn_medium_nmos_best.pt (scope=tsmc12, tech_code=0)
[NN-resolver] L73.0 Mp1 TECH=tsmc12 VT=svt -> tsmc12_dn_medium_pmos_best.pt (scope=tsmc12, tech_code=0)
  TSMC12_tran_pn_nfinp3               NRMSE=  1.34%  MRE=  9.59%  R2= 0.99922  MaxErr=8.399e+01  PASS
[NN-resolver] L73.0 Mn1 TECH=tsmc12 VT=svt -> tsmc12_dn_medium_nmos_best.pt (scope=tsmc12, tech_code=0)
[NN-resolver] L73.0 Mp1 TECH=tsmc12 VT=svt -> tsmc12_dn_medium_pmos_best.pt (scope=tsmc12, tech_code=0)
  TSMC12_tran_vdd_0p70                NRMSE=  1.71%  MRE= 13.23%  R2= 0.99866  MaxErr=6.772e+01  PASS
[NN-resolver] L73.0 Mn1 TECH=tsmc12 VT=svt -> tsmc12_dn_medium_nmos_best.pt (scope=tsmc12, tech_code=0)
[NN-resolver] L73.0 Mp1 TECH=tsmc12 VT=svt -> tsmc12_dn_medium_pmos_best.pt (scope=tsmc12, tech_code=0)
  TSMC12_tran_vdd_0p90                NRMSE=  2.80%  MRE=  3.72%  R2= 0.99664  MaxErr=9.897e+01  PASS
[NN-resolver] L73.0 Mn1 TECH=tsmc12 VT=svt -> tsmc12_dn_medium_nmos_best.pt (scope=tsmc12, tech_code=0)
[NN-resolver] L73.0 Mp1 TECH=tsmc12 VT=svt -> tsmc12_dn_medium_pmos_best.pt (scope=tsmc12, tech_code=0)
  TSMC12_tran_cload_5fF               NRMSE=  0.43%  MRE=  3.16%  R2= 0.99992  MaxErr=1.886e+01  PASS
[NN-resolver] L73.0 Mn1 TECH=tsmc12 VT=svt -> tsmc12_dn_medium_nmos_best.pt (scope=tsmc12, tech_code=0)
[NN-resolver] L73.0 Mp1 TECH=tsmc12 VT=svt -> tsmc12_dn_medium_pmos_best.pt (scope=tsmc12, tech_code=0)
  TSMC12_tran_cload_50fF              NRMSE=  0.94%  MRE=  8.98%  R2= 0.99947  MaxErr=1.354e+01  PASS
[NN-resolver] L73.0 Mn1 TECH=tsmc12 VT=svt -> tsmc12_dn_medium_nmos_best.pt (scope=tsmc12, tech_code=0)
[NN-resolver] L73.0 Mp1 TECH=tsmc12 VT=svt -> tsmc12_dn_medium_pmos_best.pt (scope=tsmc12, tech_code=0)
  TSMC12_tran_cload_100fF             NRMSE=  0.99%  MRE=  6.18%  R2= 0.99905  MaxErr=1.392e+01  PASS
[NN-resolver] L73.0 Mn1 TECH=tsmc12 VT=svt -> tsmc12_dn_medium_nmos_best.pt (scope=tsmc12, tech_code=0)
[NN-resolver] L73.0 Mp1 TECH=tsmc12 VT=svt -> tsmc12_dn_medium_pmos_best.pt (scope=tsmc12, tech_code=0)
  TSMC12_tran_slew_10ps               NRMSE=  4.10%  MRE= 14.79%  R2= 0.99159  MaxErr=2.224e+02  PASS
[NN-resolver] L73.0 Mn1 TECH=tsmc12 VT=svt -> tsmc12_dn_medium_nmos_best.pt (scope=tsmc12, tech_code=0)
[NN-resolver] L73.0 Mp1 TECH=tsmc12 VT=svt -> tsmc12_dn_medium_pmos_best.pt (scope=tsmc12, tech_code=0)
  TSMC12_tran_slew_500ps              NRMSE=  0.67%  MRE=  1.67%  R2= 0.99981  MaxErr=1.769e+01  PASS
[NN-resolver] L73.0 Mn1 TECH=tsmc12 VT=svt -> tsmc12_dn_medium_nmos_best.pt (scope=tsmc12, tech_code=0)
[NN-resolver] L73.0 Mp1 TECH=tsmc12 VT=svt -> tsmc12_dn_medium_pmos_best.pt (scope=tsmc12, tech_code=0)
  TSMC12_tran_pw_0p2ns                NRMSE=  1.65%  MRE=  9.80%  R2= 0.99843  MaxErr=6.217e+01  PASS
[NN-resolver] L73.0 Mn1 TECH=tsmc12 VT=svt -> tsmc12_dn_medium_nmos_best.pt (scope=tsmc12, tech_code=0)
[NN-resolver] L73.0 Mp1 TECH=tsmc12 VT=svt -> tsmc12_dn_medium_pmos_best.pt (scope=tsmc12, tech_code=0)
  TSMC12_tran_pw_0p5ns                NRMSE=  1.48%  MRE=  8.00%  R2= 0.99900  MaxErr=6.215e+01  PASS
[NN-resolver] L73.0 Mn1 TECH=tsmc12 VT=svt -> tsmc12_dn_medium_nmos_best.pt (scope=tsmc12, tech_code=0)
[NN-resolver] L73.0 Mp1 TECH=tsmc12 VT=svt -> tsmc12_dn_medium_pmos_best.pt (scope=tsmc12, tech_code=0)
  TSMC12_tran_pw_2p0ns                NRMSE=  1.02%  MRE=  6.49%  R2= 0.99956  MaxErr=6.215e+01  PASS

======================================================================
  TSMC16 — tran
======================================================================
[NN-resolver] L73.0 Mn1 TECH=tsmc16 VT=svt -> tsmc16_dn_medium_nmos_best.pt (scope=tsmc16, tech_code=0)
[NN-resolver] L73.0 Mp1 TECH=tsmc16 VT=svt -> tsmc16_dn_medium_pmos_best.pt (scope=tsmc16, tech_code=0)
  TSMC16_tran_baseline                NRMSE=  1.36%  MRE=  8.33%  R2= 0.99918  MaxErr=6.548e+01  PASS
[NN-resolver] L73.0 Mn1 TECH=tsmc16 VT=svt -> tsmc16_dn_medium_nmos_best.pt (scope=tsmc16, tech_code=0)
[NN-resolver] L73.0 Mp1 TECH=tsmc16 VT=svt -> tsmc16_dn_medium_pmos_best.pt (scope=tsmc16, tech_code=0)
  TSMC16_tran_pn_nfinp3               NRMSE=  1.30%  MRE=  8.05%  R2= 0.99925  MaxErr=7.373e+01  PASS
[NN-resolver] L73.0 Mn1 TECH=tsmc16 VT=svt -> tsmc16_dn_medium_nmos_best.pt (scope=tsmc16, tech_code=0)
[NN-resolver] L73.0 Mp1 TECH=tsmc16 VT=svt -> tsmc16_dn_medium_pmos_best.pt (scope=tsmc16, tech_code=0)
  TSMC16_tran_vdd_0p70                NRMSE=  1.64%  MRE=  8.99%  R2= 0.99874  MaxErr=6.991e+01  PASS
[NN-resolver] L73.0 Mn1 TECH=tsmc16 VT=svt -> tsmc16_dn_medium_nmos_best.pt (scope=tsmc16, tech_code=0)
[NN-resolver] L73.0 Mp1 TECH=tsmc16 VT=svt -> tsmc16_dn_medium_pmos_best.pt (scope=tsmc16, tech_code=0)
  TSMC16_tran_vdd_0p90                NRMSE=  2.87%  MRE=  6.64%  R2= 0.99646  MaxErr=1.437e+02  PASS
[NN-resolver] L73.0 Mn1 TECH=tsmc16 VT=svt -> tsmc16_dn_medium_nmos_best.pt (scope=tsmc16, tech_code=0)
[NN-resolver] L73.0 Mp1 TECH=tsmc16 VT=svt -> tsmc16_dn_medium_pmos_best.pt (scope=tsmc16, tech_code=0)
  TSMC16_tran_cload_5fF               NRMSE=  0.50%  MRE=  2.47%  R2= 0.99989  MaxErr=1.905e+01  PASS
[NN-resolver] L73.0 Mn1 TECH=tsmc16 VT=svt -> tsmc16_dn_medium_nmos_best.pt (scope=tsmc16, tech_code=0)
[NN-resolver] L73.0 Mp1 TECH=tsmc16 VT=svt -> tsmc16_dn_medium_pmos_best.pt (scope=tsmc16, tech_code=0)
  TSMC16_tran_cload_50fF              NRMSE=  2.23%  MRE= 12.96%  R2= 0.99694  MaxErr=6.901e+01  PASS
[NN-resolver] L73.0 Mn1 TECH=tsmc16 VT=svt -> tsmc16_dn_medium_nmos_best.pt (scope=tsmc16, tech_code=0)
[NN-resolver] L73.0 Mp1 TECH=tsmc16 VT=svt -> tsmc16_dn_medium_pmos_best.pt (scope=tsmc16, tech_code=0)
  TSMC16_tran_cload_100fF             NRMSE=  4.86%  MRE= 14.75%  R2= 0.97577  MaxErr=1.066e+02  PASS
[NN-resolver] L73.0 Mn1 TECH=tsmc16 VT=svt -> tsmc16_dn_medium_nmos_best.pt (scope=tsmc16, tech_code=0)
[NN-resolver] L73.0 Mp1 TECH=tsmc16 VT=svt -> tsmc16_dn_medium_pmos_best.pt (scope=tsmc16, tech_code=0)
  TSMC16_tran_slew_10ps               NRMSE=  5.44%  MRE= 22.67%  R2= 0.98498  MaxErr=3.095e+02  PASS
[NN-resolver] L73.0 Mn1 TECH=tsmc16 VT=svt -> tsmc16_dn_medium_nmos_best.pt (scope=tsmc16, tech_code=0)
[NN-resolver] L73.0 Mp1 TECH=tsmc16 VT=svt -> tsmc16_dn_medium_pmos_best.pt (scope=tsmc16, tech_code=0)
  TSMC16_tran_slew_500ps              NRMSE=  0.63%  MRE=  1.55%  R2= 0.99983  MaxErr=1.782e+01  PASS
[NN-resolver] L73.0 Mn1 TECH=tsmc16 VT=svt -> tsmc16_dn_medium_nmos_best.pt (scope=tsmc16, tech_code=0)
[NN-resolver] L73.0 Mp1 TECH=tsmc16 VT=svt -> tsmc16_dn_medium_pmos_best.pt (scope=tsmc16, tech_code=0)
  TSMC16_tran_pw_0p2ns                NRMSE=  1.67%  MRE=  7.36%  R2= 0.99839  MaxErr=6.548e+01  PASS
[NN-resolver] L73.0 Mn1 TECH=tsmc16 VT=svt -> tsmc16_dn_medium_nmos_best.pt (scope=tsmc16, tech_code=0)
[NN-resolver] L73.0 Mp1 TECH=tsmc16 VT=svt -> tsmc16_dn_medium_pmos_best.pt (scope=tsmc16, tech_code=0)
  TSMC16_tran_pw_0p5ns                NRMSE=  1.53%  MRE=  6.25%  R2= 0.99892  MaxErr=6.548e+01  PASS
[NN-resolver] L73.0 Mn1 TECH=tsmc16 VT=svt -> tsmc16_dn_medium_nmos_best.pt (scope=tsmc16, tech_code=0)
[NN-resolver] L73.0 Mp1 TECH=tsmc16 VT=svt -> tsmc16_dn_medium_pmos_best.pt (scope=tsmc16, tech_code=0)
  TSMC16_tran_pw_2p0ns                NRMSE=  1.12%  MRE=  4.92%  R2= 0.99946  MaxErr=6.548e+01  PASS

==============================================================================================
  SUMMARY TABLE (inv)
==============================================================================================
  Config                             | Sweep     |  NRMSE% |    MRE% |       R2 |    MaxErrmV |  Status
  ------------------------------------------------------------------------------------------
  TSMC5_vtc_baseline                 | baseline  |    0.96 |    6.29 |  0.99962 |    43.901mV |    PASS
  TSMC5_vtc_pn_nfinp3                | pn_ratio  |    3.18 |    3.71 |  0.99585 |   216.867mV |    PASS
  TSMC5_vtc_vdd_0p55                 | vdd       |    4.10 |   20.77 |  0.99310 |   138.068mV |    PASS
  TSMC5_vtc_vdd_0p75                 | vdd       |    4.87 |   34.38 |  0.99027 |    52.861mV |    PASS
  TSMC7_vtc_baseline                 | baseline  |    2.36 |   10.97 |  0.99764 |   176.400mV |    PASS
  TSMC7_vtc_pn_nfinp3                | pn_ratio  |    2.26 |   23.89 |  0.99785 |   162.633mV |    PASS
  TSMC7_vtc_vdd_0p65                 | vdd       |    2.99 |   14.62 |  0.99625 |   140.445mV |    PASS
  TSMC7_vtc_vdd_0p85                 | vdd       |    3.06 |   25.80 |  0.99598 |    31.678mV |    PASS
  TSMC12_vtc_baseline                | baseline  |    1.31 |   10.56 |  0.99929 |    67.938mV |    PASS
  TSMC12_vtc_pn_nfinp3               | pn_ratio  |    1.09 |    9.64 |  0.99951 |    35.192mV |    PASS
  TSMC12_vtc_vdd_0p70                | vdd       |    1.48 |   12.16 |  0.99909 |    66.032mV |    PASS
  TSMC12_vtc_vdd_0p90                | vdd       |    3.38 |   24.50 |  0.99526 |    40.166mV |    PASS
  TSMC16_vtc_baseline                | baseline  |    1.11 |    7.10 |  0.99949 |    38.377mV |    PASS
  TSMC16_vtc_pn_nfinp3               | pn_ratio  |    1.20 |    8.02 |  0.99940 |    73.699mV |    PASS
  TSMC16_vtc_vdd_0p70                | vdd       |    1.44 |    8.90 |  0.99915 |    50.727mV |    PASS
  TSMC16_vtc_vdd_0p90                | vdd       |    3.45 |   26.07 |  0.99504 |    41.544mV |    PASS
  TSMC5_tran_baseline                | baseline  |    2.17 |   12.96 |  0.99793 |   111.554mV |    PASS
  TSMC5_tran_pn_nfinp3               | pn_ratio  |    1.46 |    7.63 |  0.99907 |    57.166mV |    PASS
  TSMC5_tran_vdd_0p55                | vdd       |    1.51 |    8.62 |  0.99897 |    56.007mV |    PASS
  TSMC5_tran_vdd_0p75                | vdd       |    3.73 |    4.80 |  0.99405 |   141.916mV |    PASS
  TSMC5_tran_cload_5fF               | cload     |    0.44 |    1.53 |  0.99992 |    13.342mV |    PASS
  TSMC5_tran_cload_50fF              | cload     |    1.01 |   10.74 |  0.99933 |    11.076mV |    PASS
  TSMC5_tran_cload_100fF             | cload     |    0.95 |    4.12 |  0.99899 |     9.785mV |    PASS
  TSMC5_tran_slew_10ps               | slew      |    5.22 |   17.93 |  0.98695 |   265.734mV |    PASS
  TSMC5_tran_slew_500ps              | slew      |    0.49 |    0.95 |  0.99990 |    16.626mV |    PASS
  TSMC5_tran_pw_0p2ns                | pw        |    2.86 |   12.65 |  0.99531 |   111.554mV |    PASS
  TSMC5_tran_pw_0p5ns                | pw        |    2.31 |   10.06 |  0.99757 |   111.554mV |    PASS
  TSMC5_tran_pw_2p0ns                | pw        |    1.77 |    7.82 |  0.99866 |   111.555mV |    PASS
  TSMC7_tran_baseline                | baseline  |    1.21 |    4.48 |  0.99935 |    73.761mV |    PASS
  TSMC7_tran_pn_nfinp3               | pn_ratio  |    1.18 |    4.31 |  0.99939 |    76.450mV |    PASS
  TSMC7_tran_vdd_0p65                | vdd       |    1.35 |    3.24 |  0.99921 |    65.285mV |    PASS
  TSMC7_tran_vdd_0p85                | vdd       |    2.99 |   10.04 |  0.99603 |   110.136mV |    PASS
  TSMC7_tran_cload_5fF               | cload     |    0.49 |    1.45 |  0.99989 |    21.016mV |    PASS
  TSMC7_tran_cload_50fF              | cload     |    0.95 |    9.10 |  0.99950 |    12.828mV |    PASS
  TSMC7_tran_cload_100fF             | cload     |    1.03 |    9.89 |  0.99910 |    12.823mV |    PASS
  TSMC7_tran_slew_10ps               | slew      |    5.75 |   23.75 |  0.98458 |   304.874mV |    PASS
  TSMC7_tran_slew_500ps              | slew      |    0.85 |    3.62 |  0.99970 |    25.085mV |    PASS
  TSMC7_tran_pw_0p2ns                | pw        |    1.59 |    3.79 |  0.99854 |    73.761mV |    PASS
  TSMC7_tran_pw_0p5ns                | pw        |    1.43 |    4.25 |  0.99906 |    73.761mV |    PASS
  TSMC7_tran_pw_2p0ns                | pw        |    0.97 |    2.61 |  0.99960 |    73.917mV |    PASS
  TSMC12_tran_baseline               | baseline  |    1.27 |   11.00 |  0.99929 |    62.198mV |    PASS
  TSMC12_tran_pn_nfinp3              | pn_ratio  |    1.34 |    9.59 |  0.99922 |    83.992mV |    PASS
  TSMC12_tran_vdd_0p70               | vdd       |    1.71 |   13.23 |  0.99866 |    67.719mV |    PASS
  TSMC12_tran_vdd_0p90               | vdd       |    2.80 |    3.72 |  0.99664 |    98.974mV |    PASS
  TSMC12_tran_cload_5fF              | cload     |    0.43 |    3.16 |  0.99992 |    18.864mV |    PASS
  TSMC12_tran_cload_50fF             | cload     |    0.94 |    8.98 |  0.99947 |    13.544mV |    PASS
  TSMC12_tran_cload_100fF            | cload     |    0.99 |    6.18 |  0.99905 |    13.924mV |    PASS
  TSMC12_tran_slew_10ps              | slew      |    4.10 |   14.79 |  0.99159 |   222.410mV |    PASS
  TSMC12_tran_slew_500ps             | slew      |    0.67 |    1.67 |  0.99981 |    17.692mV |    PASS
  TSMC12_tran_pw_0p2ns               | pw        |    1.65 |    9.80 |  0.99843 |    62.170mV |    PASS
  TSMC12_tran_pw_0p5ns               | pw        |    1.48 |    8.00 |  0.99900 |    62.152mV |    PASS
  TSMC12_tran_pw_2p0ns               | pw        |    1.02 |    6.49 |  0.99956 |    62.145mV |    PASS
  TSMC16_tran_baseline               | baseline  |    1.36 |    8.33 |  0.99918 |    65.477mV |    PASS
  TSMC16_tran_pn_nfinp3              | pn_ratio  |    1.30 |    8.05 |  0.99925 |    73.729mV |    PASS
  TSMC16_tran_vdd_0p70               | vdd       |    1.64 |    8.99 |  0.99874 |    69.912mV |    PASS
  TSMC16_tran_vdd_0p90               | vdd       |    2.87 |    6.64 |  0.99646 |   143.652mV |    PASS
  TSMC16_tran_cload_5fF              | cload     |    0.50 |    2.47 |  0.99989 |    19.049mV |    PASS
  TSMC16_tran_cload_50fF             | cload     |    2.23 |   12.96 |  0.99694 |    69.014mV |    PASS
  TSMC16_tran_cload_100fF            | cload     |    4.86 |   14.75 |  0.97577 |   106.624mV |    PASS
  TSMC16_tran_slew_10ps              | slew      |    5.44 |   22.67 |  0.98498 |   309.531mV |    PASS
  TSMC16_tran_slew_500ps             | slew      |    0.63 |    1.55 |  0.99983 |    17.824mV |    PASS
  TSMC16_tran_pw_0p2ns               | pw        |    1.67 |    7.36 |  0.99839 |    65.476mV |    PASS
  TSMC16_tran_pw_0p5ns               | pw        |    1.53 |    6.25 |  0.99892 |    65.477mV |    PASS
  TSMC16_tran_pw_2p0ns               | pw        |    1.12 |    4.92 |  0.99946 |    65.477mV |    PASS
  ------------------------------------------------------------------------------------------
  Total: 64  Pass: 64  Fail: 0  Error: 0
  [CSV] Summary saved: /data2/home/shenshan/NN_SPICE-refactor-nn/tests/verify_nn_multi_tech_tran_results/verify_nn_multi_tech_tran_summary.csv
  [Plot] Summary bar saved: /data2/home/shenshan/NN_SPICE-refactor-nn/tests/verify_nn_multi_tech_tran_results/verify_nn_multi_tech_tran_summary.png

  RESULT: ALL 64 configs PASSED

