======================================================================
  V6.3.2 — NN inverter parametric verification
======================================================================
  Techs:    ['TSMC5', 'TSMC7', 'TSMC12', 'TSMC16']
  Analyses: ['vtc', 'tran']
  Inverter acceptance: NRMSE < 15%

======================================================================
  TSMC5 — vtc
======================================================================
[NN-resolver] L73.0 Mn1 TECH=tsmc5 VT=lvt -> tsmc5_dn_medium_nmos_best.pt (scope=tsmc5, tech_code=1)
[NN-resolver] L73.0 Mp1 TECH=tsmc5 VT=lvt -> tsmc5_dn_medium_pmos_best.pt (scope=tsmc5, tech_code=1)
DC sweep plot saved to: /data2/home/shenshan/NN_SPICE-refactor-nn/tests/verify_nn_multi_tech_tran_results/TSMC5/vtc_baseline/directnet_v4_inverter_vtc_TSMC5/directnet_v4_inverter_TSMC5_dc_sweep.png
  TSMC5_vtc_baseline                  NRMSE=  0.95%  MRE=  5.47%  R2= 0.99963  MaxErr=4.502e+01  PASS
[NN-resolver] L73.0 Mn1 TECH=tsmc5 VT=lvt -> tsmc5_dn_medium_nmos_best.pt (scope=tsmc5, tech_code=1)
[NN-resolver] L73.0 Mp1 TECH=tsmc5 VT=lvt -> tsmc5_dn_medium_pmos_best.pt (scope=tsmc5, tech_code=1)
DC sweep plot saved to: /data2/home/shenshan/NN_SPICE-refactor-nn/tests/verify_nn_multi_tech_tran_results/TSMC5/vtc_pn_nfinp3/directnet_v4_inverter_vtc_TSMC5_pn3/directnet_v4_inverter_TSMC5_pn3_dc_sweep.png
  TSMC5_vtc_pn_nfinp3                 NRMSE=  3.19%  MRE=  4.14%  R2= 0.99584  MaxErr=2.169e+02  PASS
[NN-resolver] L73.0 Mn1 TECH=tsmc5 VT=lvt -> tsmc5_dn_medium_nmos_best.pt (scope=tsmc5, tech_code=1)
[NN-resolver] L73.0 Mp1 TECH=tsmc5 VT=lvt -> tsmc5_dn_medium_pmos_best.pt (scope=tsmc5, tech_code=1)
DC sweep plot saved to: /data2/home/shenshan/NN_SPICE-refactor-nn/tests/verify_nn_multi_tech_tran_results/TSMC5/vtc_vdd_0p55/directnet_v4_inverter_vtc_TSMC5_vdd0.55/directnet_v4_inverter_TSMC5_vdd0.55_dc_sweep.png
  TSMC5_vtc_vdd_0p55                  NRMSE=  6.33%  MRE= 32.17%  R2= 0.98351  MaxErr=1.381e+02  PASS
[NN-resolver] L73.0 Mn1 TECH=tsmc5 VT=lvt -> tsmc5_dn_medium_nmos_best.pt (scope=tsmc5, tech_code=1)
[NN-resolver] L73.0 Mp1 TECH=tsmc5 VT=lvt -> tsmc5_dn_medium_pmos_best.pt (scope=tsmc5, tech_code=1)
DC sweep plot saved to: /data2/home/shenshan/NN_SPICE-refactor-nn/tests/verify_nn_multi_tech_tran_results/TSMC5/vtc_vdd_0p75/directnet_v4_inverter_vtc_TSMC5_vdd0.75/directnet_v4_inverter_TSMC5_vdd0.75_dc_sweep.png
  TSMC5_vtc_vdd_0p75                  NRMSE=  4.87%  MRE= 34.38%  R2= 0.99027  MaxErr=5.286e+01  PASS

======================================================================
  TSMC7 — vtc
======================================================================
[NN-resolver] L73.0 Mn1 TECH=tsmc7 VT=ulvt -> tsmc7_dn_medium_nmos_best.pt (scope=tsmc7, tech_code=2)
[NN-resolver] L73.0 Mp1 TECH=tsmc7 VT=ulvt -> tsmc7_dn_medium_pmos_best.pt (scope=tsmc7, tech_code=2)
DC sweep plot saved to: /data2/home/shenshan/NN_SPICE-refactor-nn/tests/verify_nn_multi_tech_tran_results/TSMC7/vtc_baseline/directnet_v4_inverter_vtc_TSMC7/directnet_v4_inverter_TSMC7_dc_sweep.png
  TSMC7_vtc_baseline                  NRMSE=  1.90%  MRE= 14.20%  R2= 0.99847  MaxErr=1.330e+02  PASS
[NN-resolver] L73.0 Mn1 TECH=tsmc7 VT=ulvt -> tsmc7_dn_medium_nmos_best.pt (scope=tsmc7, tech_code=2)
[NN-resolver] L73.0 Mp1 TECH=tsmc7 VT=ulvt -> tsmc7_dn_medium_pmos_best.pt (scope=tsmc7, tech_code=2)
DC sweep plot saved to: /data2/home/shenshan/NN_SPICE-refactor-nn/tests/verify_nn_multi_tech_tran_results/TSMC7/vtc_pn_nfinp3/directnet_v4_inverter_vtc_TSMC7_pn3/directnet_v4_inverter_TSMC7_pn3_dc_sweep.png
  TSMC7_vtc_pn_nfinp3                 NRMSE=  1.23%  MRE=  9.45%  R2= 0.99936  MaxErr=4.290e+01  PASS
[NN-resolver] L73.0 Mn1 TECH=tsmc7 VT=ulvt -> tsmc7_dn_medium_nmos_best.pt (scope=tsmc7, tech_code=2)
[NN-resolver] L73.0 Mp1 TECH=tsmc7 VT=ulvt -> tsmc7_dn_medium_pmos_best.pt (scope=tsmc7, tech_code=2)
DC sweep plot saved to: /data2/home/shenshan/NN_SPICE-refactor-nn/tests/verify_nn_multi_tech_tran_results/TSMC7/vtc_vdd_0p65/directnet_v4_inverter_vtc_TSMC7_vdd0.65/directnet_v4_inverter_TSMC7_vdd0.65_dc_sweep.png
  TSMC7_vtc_vdd_0p65                  NRMSE=  5.39%  MRE= 15.98%  R2= 0.98781  MaxErr=2.946e+02  PASS
[NN-resolver] L73.0 Mn1 TECH=tsmc7 VT=ulvt -> tsmc7_dn_medium_nmos_best.pt (scope=tsmc7, tech_code=2)
[NN-resolver] L73.0 Mp1 TECH=tsmc7 VT=ulvt -> tsmc7_dn_medium_pmos_best.pt (scope=tsmc7, tech_code=2)
DC sweep plot saved to: /data2/home/shenshan/NN_SPICE-refactor-nn/tests/verify_nn_multi_tech_tran_results/TSMC7/vtc_vdd_0p85/directnet_v4_inverter_vtc_TSMC7_vdd0.85/directnet_v4_inverter_TSMC7_vdd0.85_dc_sweep.png
  TSMC7_vtc_vdd_0p85                  NRMSE=  3.07%  MRE= 25.81%  R2= 0.99595  MaxErr=3.895e+01  PASS

======================================================================
  TSMC12 — vtc
======================================================================
[NN-resolver] L73.0 Mn1 TECH=tsmc12 VT=svt -> tsmc12_dn_medium_nmos_best.pt (scope=tsmc12, tech_code=0)
[NN-resolver] L73.0 Mp1 TECH=tsmc12 VT=svt -> tsmc12_dn_medium_pmos_best.pt (scope=tsmc12, tech_code=0)
DC sweep plot saved to: /data2/home/shenshan/NN_SPICE-refactor-nn/tests/verify_nn_multi_tech_tran_results/TSMC12/vtc_baseline/directnet_v4_inverter_vtc_TSMC12/directnet_v4_inverter_TSMC12_dc_sweep.png
  TSMC12_vtc_baseline                 NRMSE=  1.17%  MRE=  9.69%  R2= 0.99944  MaxErr=4.162e+01  PASS
[NN-resolver] L73.0 Mn1 TECH=tsmc12 VT=svt -> tsmc12_dn_medium_nmos_best.pt (scope=tsmc12, tech_code=0)
[NN-resolver] L73.0 Mp1 TECH=tsmc12 VT=svt -> tsmc12_dn_medium_pmos_best.pt (scope=tsmc12, tech_code=0)
DC sweep plot saved to: /data2/home/shenshan/NN_SPICE-refactor-nn/tests/verify_nn_multi_tech_tran_results/TSMC12/vtc_pn_nfinp3/directnet_v4_inverter_vtc_TSMC12_pn3/directnet_v4_inverter_TSMC12_pn3_dc_sweep.png
  TSMC12_vtc_pn_nfinp3                NRMSE=  1.09%  MRE=  9.63%  R2= 0.99951  MaxErr=3.859e+01  PASS
[NN-resolver] L73.0 Mn1 TECH=tsmc12 VT=svt -> tsmc12_dn_medium_nmos_best.pt (scope=tsmc12, tech_code=0)
[NN-resolver] L73.0 Mp1 TECH=tsmc12 VT=svt -> tsmc12_dn_medium_pmos_best.pt (scope=tsmc12, tech_code=0)
DC sweep plot saved to: /data2/home/shenshan/NN_SPICE-refactor-nn/tests/verify_nn_multi_tech_tran_results/TSMC12/vtc_vdd_0p70/directnet_v4_inverter_vtc_TSMC12_vdd0.7/directnet_v4_inverter_TSMC12_vdd0.7_dc_sweep.png
  TSMC12_vtc_vdd_0p70                 NRMSE=  1.55%  MRE= 12.06%  R2= 0.99901  MaxErr=6.603e+01  PASS
[NN-resolver] L73.0 Mn1 TECH=tsmc12 VT=svt -> tsmc12_dn_medium_nmos_best.pt (scope=tsmc12, tech_code=0)
[NN-resolver] L73.0 Mp1 TECH=tsmc12 VT=svt -> tsmc12_dn_medium_pmos_best.pt (scope=tsmc12, tech_code=0)
DC sweep plot saved to: /data2/home/shenshan/NN_SPICE-refactor-nn/tests/verify_nn_multi_tech_tran_results/TSMC12/vtc_vdd_0p90/directnet_v4_inverter_vtc_TSMC12_vdd0.9/directnet_v4_inverter_TSMC12_vdd0.9_dc_sweep.png
  TSMC12_vtc_vdd_0p90                 NRMSE=  3.38%  MRE= 24.49%  R2= 0.99526  MaxErr=4.017e+01  PASS

======================================================================
  TSMC16 — vtc
======================================================================
[NN-resolver] L73.0 Mn1 TECH=tsmc16 VT=svt -> tsmc16_dn_medium_nmos_best.pt (scope=tsmc16, tech_code=0)
[NN-resolver] L73.0 Mp1 TECH=tsmc16 VT=svt -> tsmc16_dn_medium_pmos_best.pt (scope=tsmc16, tech_code=0)
DC sweep plot saved to: /data2/home/shenshan/NN_SPICE-refactor-nn/tests/verify_nn_multi_tech_tran_results/TSMC16/vtc_baseline/directnet_v4_inverter_vtc_TSMC16/directnet_v4_inverter_TSMC16_dc_sweep.png
  TSMC16_vtc_baseline                 NRMSE=  1.25%  MRE= 10.48%  R2= 0.99936  MaxErr=5.827e+01  PASS
[NN-resolver] L73.0 Mn1 TECH=tsmc16 VT=svt -> tsmc16_dn_medium_nmos_best.pt (scope=tsmc16, tech_code=0)
[NN-resolver] L73.0 Mp1 TECH=tsmc16 VT=svt -> tsmc16_dn_medium_pmos_best.pt (scope=tsmc16, tech_code=0)
DC sweep plot saved to: /data2/home/shenshan/NN_SPICE-refactor-nn/tests/verify_nn_multi_tech_tran_results/TSMC16/vtc_pn_nfinp3/directnet_v4_inverter_vtc_TSMC16_pn3/directnet_v4_inverter_TSMC16_pn3_dc_sweep.png
  TSMC16_vtc_pn_nfinp3                NRMSE=  1.17%  MRE= 11.05%  R2= 0.99943  MaxErr=3.911e+01  PASS
[NN-resolver] L73.0 Mn1 TECH=tsmc16 VT=svt -> tsmc16_dn_medium_nmos_best.pt (scope=tsmc16, tech_code=0)
[NN-resolver] L73.0 Mp1 TECH=tsmc16 VT=svt -> tsmc16_dn_medium_pmos_best.pt (scope=tsmc16, tech_code=0)
DC sweep plot saved to: /data2/home/shenshan/NN_SPICE-refactor-nn/tests/verify_nn_multi_tech_tran_results/TSMC16/vtc_vdd_0p70/directnet_v4_inverter_vtc_TSMC16_vdd0.7/directnet_v4_inverter_TSMC16_vdd0.7_dc_sweep.png
  TSMC16_vtc_vdd_0p70                 NRMSE=  1.16%  MRE=  8.76%  R2= 0.99944  MaxErr=4.390e+01  PASS
[NN-resolver] L73.0 Mn1 TECH=tsmc16 VT=svt -> tsmc16_dn_medium_nmos_best.pt (scope=tsmc16, tech_code=0)
[NN-resolver] L73.0 Mp1 TECH=tsmc16 VT=svt -> tsmc16_dn_medium_pmos_best.pt (scope=tsmc16, tech_code=0)
DC sweep plot saved to: /data2/home/shenshan/NN_SPICE-refactor-nn/tests/verify_nn_multi_tech_tran_results/TSMC16/vtc_vdd_0p90/directnet_v4_inverter_vtc_TSMC16_vdd0.9/directnet_v4_inverter_TSMC16_vdd0.9_dc_sweep.png
  TSMC16_vtc_vdd_0p90                 NRMSE=  3.45%  MRE= 26.07%  R2= 0.99504  MaxErr=4.154e+01  PASS

======================================================================
  TSMC5 — tran
======================================================================
[NN-resolver] L73.0 Mn1 TECH=tsmc5 VT=lvt -> tsmc5_dn_medium_nmos_best.pt (scope=tsmc5, tech_code=1)
[NN-resolver] L73.0 Mp1 TECH=tsmc5 VT=lvt -> tsmc5_dn_medium_pmos_best.pt (scope=tsmc5, tech_code=1)
  TSMC5_tran_baseline                 NRMSE=  2.17%  MRE= 13.04%  R2= 0.99792  MaxErr=1.116e+02  PASS
[NN-resolver] L73.0 Mn1 TECH=tsmc5 VT=lvt -> tsmc5_dn_medium_nmos_best.pt (scope=tsmc5, tech_code=1)
[NN-resolver] L73.0 Mp1 TECH=tsmc5 VT=lvt -> tsmc5_dn_medium_pmos_best.pt (scope=tsmc5, tech_code=1)
  TSMC5_tran_pn_nfinp3                NRMSE=  1.46%  MRE=  7.63%  R2= 0.99907  MaxErr=5.717e+01  PASS
[NN-resolver] L73.0 Mn1 TECH=tsmc5 VT=lvt -> tsmc5_dn_medium_nmos_best.pt (scope=tsmc5, tech_code=1)
[NN-resolver] L73.0 Mp1 TECH=tsmc5 VT=lvt -> tsmc5_dn_medium_pmos_best.pt (scope=tsmc5, tech_code=1)
  TSMC5_tran_vdd_0p55                 NRMSE=  1.51%  MRE=  8.62%  R2= 0.99897  MaxErr=5.601e+01  PASS
[NN-resolver] L73.0 Mn1 TECH=tsmc5 VT=lvt -> tsmc5_dn_medium_nmos_best.pt (scope=tsmc5, tech_code=1)
[NN-resolver] L73.0 Mp1 TECH=tsmc5 VT=lvt -> tsmc5_dn_medium_pmos_best.pt (scope=tsmc5, tech_code=1)
  TSMC5_tran_vdd_0p75                 NRMSE=  3.73%  MRE=  4.80%  R2= 0.99405  MaxErr=1.419e+02  PASS
[NN-resolver] L73.0 Mn1 TECH=tsmc5 VT=lvt -> tsmc5_dn_medium_nmos_best.pt (scope=tsmc5, tech_code=1)
[NN-resolver] L73.0 Mp1 TECH=tsmc5 VT=lvt -> tsmc5_dn_medium_pmos_best.pt (scope=tsmc5, tech_code=1)
  TSMC5_tran_cload_5fF                NRMSE=  0.48%  MRE=  1.67%  R2= 0.99990  MaxErr=1.415e+01  PASS
[NN-resolver] L73.0 Mn1 TECH=tsmc5 VT=lvt -> tsmc5_dn_medium_nmos_best.pt (scope=tsmc5, tech_code=1)
[NN-resolver] L73.0 Mp1 TECH=tsmc5 VT=lvt -> tsmc5_dn_medium_pmos_best.pt (scope=tsmc5, tech_code=1)
  TSMC5_tran_cload_50fF               NRMSE=  1.07%  MRE= 11.23%  R2= 0.99924  MaxErr=1.142e+01  PASS
[NN-resolver] L73.0 Mn1 TECH=tsmc5 VT=lvt -> tsmc5_dn_medium_nmos_best.pt (scope=tsmc5, tech_code=1)
[NN-resolver] L73.0 Mp1 TECH=tsmc5 VT=lvt -> tsmc5_dn_medium_pmos_best.pt (scope=tsmc5, tech_code=1)
  TSMC5_tran_cload_100fF              NRMSE=  1.13%  MRE=  4.91%  R2= 0.99856  MaxErr=1.058e+01  PASS
[NN-resolver] L73.0 Mn1 TECH=tsmc5 VT=lvt -> tsmc5_dn_medium_nmos_best.pt (scope=tsmc5, tech_code=1)
[NN-resolver] L73.0 Mp1 TECH=tsmc5 VT=lvt -> tsmc5_dn_medium_pmos_best.pt (scope=tsmc5, tech_code=1)
  TSMC5_tran_slew_10ps                NRMSE=  5.19%  MRE= 17.89%  R2= 0.98711  MaxErr=2.657e+02  PASS
[NN-resolver] L73.0 Mn1 TECH=tsmc5 VT=lvt -> tsmc5_dn_medium_nmos_best.pt (scope=tsmc5, tech_code=1)
[NN-resolver] L73.0 Mp1 TECH=tsmc5 VT=lvt -> tsmc5_dn_medium_pmos_best.pt (scope=tsmc5, tech_code=1)
  TSMC5_tran_slew_500ps               NRMSE=  0.51%  MRE=  1.00%  R2= 0.99989  MaxErr=1.663e+01  PASS
[NN-resolver] L73.0 Mn1 TECH=tsmc5 VT=lvt -> tsmc5_dn_medium_nmos_best.pt (scope=tsmc5, tech_code=1)
[NN-resolver] L73.0 Mp1 TECH=tsmc5 VT=lvt -> tsmc5_dn_medium_pmos_best.pt (scope=tsmc5, tech_code=1)
  TSMC5_tran_pw_0p2ns                 NRMSE=  2.86%  MRE= 12.70%  R2= 0.99530  MaxErr=1.116e+02  PASS
[NN-resolver] L73.0 Mn1 TECH=tsmc5 VT=lvt -> tsmc5_dn_medium_nmos_best.pt (scope=tsmc5, tech_code=1)
[NN-resolver] L73.0 Mp1 TECH=tsmc5 VT=lvt -> tsmc5_dn_medium_pmos_best.pt (scope=tsmc5, tech_code=1)
  TSMC5_tran_pw_0p5ns                 NRMSE=  2.32%  MRE= 10.11%  R2= 0.99756  MaxErr=1.116e+02  PASS
[NN-resolver] L73.0 Mn1 TECH=tsmc5 VT=lvt -> tsmc5_dn_medium_nmos_best.pt (scope=tsmc5, tech_code=1)
[NN-resolver] L73.0 Mp1 TECH=tsmc5 VT=lvt -> tsmc5_dn_medium_pmos_best.pt (scope=tsmc5, tech_code=1)
  TSMC5_tran_pw_2p0ns                 NRMSE=  1.78%  MRE=  7.87%  R2= 0.99865  MaxErr=1.116e+02  PASS

======================================================================
  TSMC7 — tran
======================================================================
[NN-resolver] L73.0 Mn1 TECH=tsmc7 VT=ulvt -> tsmc7_dn_medium_nmos_best.pt (scope=tsmc7, tech_code=2)
[NN-resolver] L73.0 Mp1 TECH=tsmc7 VT=ulvt -> tsmc7_dn_medium_pmos_best.pt (scope=tsmc7, tech_code=2)
  TSMC7_tran_baseline                 NRMSE=  1.21%  MRE=  4.48%  R2= 0.99935  MaxErr=7.376e+01  PASS
[NN-resolver] L73.0 Mn1 TECH=tsmc7 VT=ulvt -> tsmc7_dn_medium_nmos_best.pt (scope=tsmc7, tech_code=2)
[NN-resolver] L73.0 Mp1 TECH=tsmc7 VT=ulvt -> tsmc7_dn_medium_pmos_best.pt (scope=tsmc7, tech_code=2)
  TSMC7_tran_pn_nfinp3                NRMSE=  1.18%  MRE=  4.31%  R2= 0.99939  MaxErr=7.645e+01  PASS
[NN-resolver] L73.0 Mn1 TECH=tsmc7 VT=ulvt -> tsmc7_dn_medium_nmos_best.pt (scope=tsmc7, tech_code=2)
[NN-resolver] L73.0 Mp1 TECH=tsmc7 VT=ulvt -> tsmc7_dn_medium_pmos_best.pt (scope=tsmc7, tech_code=2)
  TSMC7_tran_vdd_0p65                 NRMSE=  1.35%  MRE=  3.24%  R2= 0.99921  MaxErr=6.528e+01  PASS
[NN-resolver] L73.0 Mn1 TECH=tsmc7 VT=ulvt -> tsmc7_dn_medium_nmos_best.pt (scope=tsmc7, tech_code=2)
[NN-resolver] L73.0 Mp1 TECH=tsmc7 VT=ulvt -> tsmc7_dn_medium_pmos_best.pt (scope=tsmc7, tech_code=2)
  TSMC7_tran_vdd_0p85                 NRMSE=  2.99%  MRE= 10.04%  R2= 0.99604  MaxErr=1.101e+02  PASS
[NN-resolver] L73.0 Mn1 TECH=tsmc7 VT=ulvt -> tsmc7_dn_medium_nmos_best.pt (scope=tsmc7, tech_code=2)
[NN-resolver] L73.0 Mp1 TECH=tsmc7 VT=ulvt -> tsmc7_dn_medium_pmos_best.pt (scope=tsmc7, tech_code=2)
  TSMC7_tran_cload_5fF                NRMSE=  0.49%  MRE=  1.45%  R2= 0.99989  MaxErr=2.102e+01  PASS
[NN-resolver] L73.0 Mn1 TECH=tsmc7 VT=ulvt -> tsmc7_dn_medium_nmos_best.pt (scope=tsmc7, tech_code=2)
[NN-resolver] L73.0 Mp1 TECH=tsmc7 VT=ulvt -> tsmc7_dn_medium_pmos_best.pt (scope=tsmc7, tech_code=2)
  TSMC7_tran_cload_50fF               NRMSE=  0.96%  MRE=  8.95%  R2= 0.99948  MaxErr=1.247e+01  PASS
[NN-resolver] L73.0 Mn1 TECH=tsmc7 VT=ulvt -> tsmc7_dn_medium_nmos_best.pt (scope=tsmc7, tech_code=2)
[NN-resolver] L73.0 Mp1 TECH=tsmc7 VT=ulvt -> tsmc7_dn_medium_pmos_best.pt (scope=tsmc7, tech_code=2)
  TSMC7_tran_cload_100fF              NRMSE=  1.05%  MRE=  9.54%  R2= 0.99906  MaxErr=1.238e+01  PASS
[NN-resolver] L73.0 Mn1 TECH=tsmc7 VT=ulvt -> tsmc7_dn_medium_nmos_best.pt (scope=tsmc7, tech_code=2)
[NN-resolver] L73.0 Mp1 TECH=tsmc7 VT=ulvt -> tsmc7_dn_medium_pmos_best.pt (scope=tsmc7, tech_code=2)
  TSMC7_tran_slew_10ps                NRMSE=  5.75%  MRE= 23.75%  R2= 0.98458  MaxErr=3.049e+02  PASS
[NN-resolver] L73.0 Mn1 TECH=tsmc7 VT=ulvt -> tsmc7_dn_medium_nmos_best.pt (scope=tsmc7, tech_code=2)
[NN-resolver] L73.0 Mp1 TECH=tsmc7 VT=ulvt -> tsmc7_dn_medium_pmos_best.pt (scope=tsmc7, tech_code=2)
  TSMC7_tran_slew_500ps               NRMSE=  0.85%  MRE=  3.62%  R2= 0.99970  MaxErr=2.508e+01  PASS
[NN-resolver] L73.0 Mn1 TECH=tsmc7 VT=ulvt -> tsmc7_dn_medium_nmos_best.pt (scope=tsmc7, tech_code=2)
[NN-resolver] L73.0 Mp1 TECH=tsmc7 VT=ulvt -> tsmc7_dn_medium_pmos_best.pt (scope=tsmc7, tech_code=2)
  TSMC7_tran_pw_0p2ns                 NRMSE=  1.59%  MRE=  3.79%  R2= 0.99854  MaxErr=7.376e+01  PASS
[NN-resolver] L73.0 Mn1 TECH=tsmc7 VT=ulvt -> tsmc7_dn_medium_nmos_best.pt (scope=tsmc7, tech_code=2)
[NN-resolver] L73.0 Mp1 TECH=tsmc7 VT=ulvt -> tsmc7_dn_medium_pmos_best.pt (scope=tsmc7, tech_code=2)
  TSMC7_tran_pw_0p5ns                 NRMSE=  1.43%  MRE=  4.25%  R2= 0.99906  MaxErr=7.376e+01  PASS
[NN-resolver] L73.0 Mn1 TECH=tsmc7 VT=ulvt -> tsmc7_dn_medium_nmos_best.pt (scope=tsmc7, tech_code=2)
[NN-resolver] L73.0 Mp1 TECH=tsmc7 VT=ulvt -> tsmc7_dn_medium_pmos_best.pt (scope=tsmc7, tech_code=2)
  TSMC7_tran_pw_2p0ns                 NRMSE=  0.97%  MRE=  2.61%  R2= 0.99960  MaxErr=7.392e+01  PASS

======================================================================
  TSMC12 — tran
======================================================================
[NN-resolver] L73.0 Mn1 TECH=tsmc12 VT=svt -> tsmc12_dn_medium_nmos_best.pt (scope=tsmc12, tech_code=0)
[NN-resolver] L73.0 Mp1 TECH=tsmc12 VT=svt -> tsmc12_dn_medium_pmos_best.pt (scope=tsmc12, tech_code=0)
  TSMC12_tran_baseline                NRMSE=  1.27%  MRE= 11.00%  R2= 0.99929  MaxErr=6.220e+01  PASS
[NN-resolver] L73.0 Mn1 TECH=tsmc12 VT=svt -> tsmc12_dn_medium_nmos_best.pt (scope=tsmc12, tech_code=0)
[NN-resolver] L73.0 Mp1 TECH=tsmc12 VT=svt -> tsmc12_dn_medium_pmos_best.pt (scope=tsmc12, tech_code=0)
  TSMC12_tran_pn_nfinp3               NRMSE=  1.34%  MRE=  9.61%  R2= 0.99922  MaxErr=8.399e+01  PASS
[NN-resolver] L73.0 Mn1 TECH=tsmc12 VT=svt -> tsmc12_dn_medium_nmos_best.pt (scope=tsmc12, tech_code=0)
[NN-resolver] L73.0 Mp1 TECH=tsmc12 VT=svt -> tsmc12_dn_medium_pmos_best.pt (scope=tsmc12, tech_code=0)
  TSMC12_tran_vdd_0p70                NRMSE=  1.71%  MRE= 13.23%  R2= 0.99866  MaxErr=6.772e+01  PASS
[NN-resolver] L73.0 Mn1 TECH=tsmc12 VT=svt -> tsmc12_dn_medium_nmos_best.pt (scope=tsmc12, tech_code=0)
[NN-resolver] L73.0 Mp1 TECH=tsmc12 VT=svt -> tsmc12_dn_medium_pmos_best.pt (scope=tsmc12, tech_code=0)
  TSMC12_tran_vdd_0p90                NRMSE=  2.80%  MRE=  3.72%  R2= 0.99664  MaxErr=9.897e+01  PASS
[NN-resolver] L73.0 Mn1 TECH=tsmc12 VT=svt -> tsmc12_dn_medium_nmos_best.pt (scope=tsmc12, tech_code=0)
[NN-resolver] L73.0 Mp1 TECH=tsmc12 VT=svt -> tsmc12_dn_medium_pmos_best.pt (scope=tsmc12, tech_code=0)
  TSMC12_tran_cload_5fF               NRMSE=  0.43%  MRE=  3.16%  R2= 0.99992  MaxErr=1.886e+01  PASS
[NN-resolver] L73.0 Mn1 TECH=tsmc12 VT=svt -> tsmc12_dn_medium_nmos_best.pt (scope=tsmc12, tech_code=0)
[NN-resolver] L73.0 Mp1 TECH=tsmc12 VT=svt -> tsmc12_dn_medium_pmos_best.pt (scope=tsmc12, tech_code=0)
  TSMC12_tran_cload_50fF              NRMSE=  0.94%  MRE=  8.98%  R2= 0.99947  MaxErr=1.354e+01  PASS
[NN-resolver] L73.0 Mn1 TECH=tsmc12 VT=svt -> tsmc12_dn_medium_nmos_best.pt (scope=tsmc12, tech_code=0)
[NN-resolver] L73.0 Mp1 TECH=tsmc12 VT=svt -> tsmc12_dn_medium_pmos_best.pt (scope=tsmc12, tech_code=0)
  TSMC12_tran_cload_100fF             NRMSE=  0.99%  MRE=  6.18%  R2= 0.99905  MaxErr=1.392e+01  PASS
[NN-resolver] L73.0 Mn1 TECH=tsmc12 VT=svt -> tsmc12_dn_medium_nmos_best.pt (scope=tsmc12, tech_code=0)
[NN-resolver] L73.0 Mp1 TECH=tsmc12 VT=svt -> tsmc12_dn_medium_pmos_best.pt (scope=tsmc12, tech_code=0)
  TSMC12_tran_slew_10ps               NRMSE=  4.10%  MRE= 14.79%  R2= 0.99159  MaxErr=2.224e+02  PASS
[NN-resolver] L73.0 Mn1 TECH=tsmc12 VT=svt -> tsmc12_dn_medium_nmos_best.pt (scope=tsmc12, tech_code=0)
[NN-resolver] L73.0 Mp1 TECH=tsmc12 VT=svt -> tsmc12_dn_medium_pmos_best.pt (scope=tsmc12, tech_code=0)
  TSMC12_tran_slew_500ps              NRMSE=  0.67%  MRE=  1.67%  R2= 0.99981  MaxErr=1.769e+01  PASS
[NN-resolver] L73.0 Mn1 TECH=tsmc12 VT=svt -> tsmc12_dn_medium_nmos_best.pt (scope=tsmc12, tech_code=0)
[NN-resolver] L73.0 Mp1 TECH=tsmc12 VT=svt -> tsmc12_dn_medium_pmos_best.pt (scope=tsmc12, tech_code=0)
  TSMC12_tran_pw_0p2ns                NRMSE=  1.65%  MRE=  9.80%  R2= 0.99843  MaxErr=6.217e+01  PASS
[NN-resolver] L73.0 Mn1 TECH=tsmc12 VT=svt -> tsmc12_dn_medium_nmos_best.pt (scope=tsmc12, tech_code=0)
[NN-resolver] L73.0 Mp1 TECH=tsmc12 VT=svt -> tsmc12_dn_medium_pmos_best.pt (scope=tsmc12, tech_code=0)
  TSMC12_tran_pw_0p5ns                NRMSE=  1.48%  MRE=  8.00%  R2= 0.99900  MaxErr=6.215e+01  PASS
[NN-resolver] L73.0 Mn1 TECH=tsmc12 VT=svt -> tsmc12_dn_medium_nmos_best.pt (scope=tsmc12, tech_code=0)
[NN-resolver] L73.0 Mp1 TECH=tsmc12 VT=svt -> tsmc12_dn_medium_pmos_best.pt (scope=tsmc12, tech_code=0)
  TSMC12_tran_pw_2p0ns                NRMSE=  1.02%  MRE=  6.49%  R2= 0.99956  MaxErr=6.214e+01  PASS

======================================================================
  TSMC16 — tran
======================================================================
[NN-resolver] L73.0 Mn1 TECH=tsmc16 VT=svt -> tsmc16_dn_medium_nmos_best.pt (scope=tsmc16, tech_code=0)
[NN-resolver] L73.0 Mp1 TECH=tsmc16 VT=svt -> tsmc16_dn_medium_pmos_best.pt (scope=tsmc16, tech_code=0)
  TSMC16_tran_baseline                NRMSE=  1.35%  MRE=  8.28%  R2= 0.99919  MaxErr=6.548e+01  PASS
[NN-resolver] L73.0 Mn1 TECH=tsmc16 VT=svt -> tsmc16_dn_medium_nmos_best.pt (scope=tsmc16, tech_code=0)
[NN-resolver] L73.0 Mp1 TECH=tsmc16 VT=svt -> tsmc16_dn_medium_pmos_best.pt (scope=tsmc16, tech_code=0)
  TSMC16_tran_pn_nfinp3               NRMSE=  1.30%  MRE=  8.01%  R2= 0.99926  MaxErr=7.373e+01  PASS
[NN-resolver] L73.0 Mn1 TECH=tsmc16 VT=svt -> tsmc16_dn_medium_nmos_best.pt (scope=tsmc16, tech_code=0)
[NN-resolver] L73.0 Mp1 TECH=tsmc16 VT=svt -> tsmc16_dn_medium_pmos_best.pt (scope=tsmc16, tech_code=0)
  TSMC16_tran_vdd_0p70                NRMSE=  1.74%  MRE= 10.80%  R2= 0.99858  MaxErr=6.765e+01  PASS
[NN-resolver] L73.0 Mn1 TECH=tsmc16 VT=svt -> tsmc16_dn_medium_nmos_best.pt (scope=tsmc16, tech_code=0)
[NN-resolver] L73.0 Mp1 TECH=tsmc16 VT=svt -> tsmc16_dn_medium_pmos_best.pt (scope=tsmc16, tech_code=0)
  TSMC16_tran_vdd_0p90                NRMSE=  2.87%  MRE=  6.64%  R2= 0.99646  MaxErr=1.437e+02  PASS
[NN-resolver] L73.0 Mn1 TECH=tsmc16 VT=svt -> tsmc16_dn_medium_nmos_best.pt (scope=tsmc16, tech_code=0)
[NN-resolver] L73.0 Mp1 TECH=tsmc16 VT=svt -> tsmc16_dn_medium_pmos_best.pt (scope=tsmc16, tech_code=0)
  TSMC16_tran_cload_5fF               NRMSE=  0.42%  MRE=  2.25%  R2= 0.99992  MaxErr=1.682e+01  PASS
[NN-resolver] L73.0 Mn1 TECH=tsmc16 VT=svt -> tsmc16_dn_medium_nmos_best.pt (scope=tsmc16, tech_code=0)
[NN-resolver] L73.0 Mp1 TECH=tsmc16 VT=svt -> tsmc16_dn_medium_pmos_best.pt (scope=tsmc16, tech_code=0)
  TSMC16_tran_cload_50fF              NRMSE=  0.93%  MRE=  9.43%  R2= 0.99946  MaxErr=1.338e+01  PASS
[NN-resolver] L73.0 Mn1 TECH=tsmc16 VT=svt -> tsmc16_dn_medium_nmos_best.pt (scope=tsmc16, tech_code=0)
[NN-resolver] L73.0 Mp1 TECH=tsmc16 VT=svt -> tsmc16_dn_medium_pmos_best.pt (scope=tsmc16, tech_code=0)
  TSMC16_tran_cload_100fF             NRMSE=  0.89%  MRE=  4.48%  R2= 0.99918  MaxErr=1.303e+01  PASS
[NN-resolver] L73.0 Mn1 TECH=tsmc16 VT=svt -> tsmc16_dn_medium_nmos_best.pt (scope=tsmc16, tech_code=0)
[NN-resolver] L73.0 Mp1 TECH=tsmc16 VT=svt -> tsmc16_dn_medium_pmos_best.pt (scope=tsmc16, tech_code=0)
  TSMC16_tran_slew_10ps               NRMSE=  3.92%  MRE= 14.69%  R2= 0.99219  MaxErr=2.132e+02  PASS
[NN-resolver] L73.0 Mn1 TECH=tsmc16 VT=svt -> tsmc16_dn_medium_nmos_best.pt (scope=tsmc16, tech_code=0)
[NN-resolver] L73.0 Mp1 TECH=tsmc16 VT=svt -> tsmc16_dn_medium_pmos_best.pt (scope=tsmc16, tech_code=0)
  TSMC16_tran_slew_500ps              NRMSE=  0.62%  MRE=  1.51%  R2= 0.99984  MaxErr=1.782e+01  PASS
[NN-resolver] L73.0 Mn1 TECH=tsmc16 VT=svt -> tsmc16_dn_medium_nmos_best.pt (scope=tsmc16, tech_code=0)
[NN-resolver] L73.0 Mp1 TECH=tsmc16 VT=svt -> tsmc16_dn_medium_pmos_best.pt (scope=tsmc16, tech_code=0)
  TSMC16_tran_pw_0p2ns                NRMSE=  1.66%  MRE=  7.33%  R2= 0.99839  MaxErr=6.548e+01  PASS
[NN-resolver] L73.0 Mn1 TECH=tsmc16 VT=svt -> tsmc16_dn_medium_nmos_best.pt (scope=tsmc16, tech_code=0)
[NN-resolver] L73.0 Mp1 TECH=tsmc16 VT=svt -> tsmc16_dn_medium_pmos_best.pt (scope=tsmc16, tech_code=0)
  TSMC16_tran_pw_0p5ns                NRMSE=  1.53%  MRE=  6.21%  R2= 0.99893  MaxErr=6.548e+01  PASS
[NN-resolver] L73.0 Mn1 TECH=tsmc16 VT=svt -> tsmc16_dn_medium_nmos_best.pt (scope=tsmc16, tech_code=0)
[NN-resolver] L73.0 Mp1 TECH=tsmc16 VT=svt -> tsmc16_dn_medium_pmos_best.pt (scope=tsmc16, tech_code=0)
  TSMC16_tran_pw_2p0ns                NRMSE=  1.12%  MRE=  4.89%  R2= 0.99946  MaxErr=6.548e+01  PASS

==============================================================================================
  SUMMARY TABLE (inv)
==============================================================================================
  Config                             | Sweep     |  NRMSE% |    MRE% |       R2 |    MaxErrmV |  Status
  ------------------------------------------------------------------------------------------
  TSMC5_vtc_baseline                 | baseline  |    0.95 |    5.47 |  0.99963 |    45.016mV |    PASS
  TSMC5_vtc_pn_nfinp3                | pn_ratio  |    3.19 |    4.14 |  0.99584 |   216.867mV |    PASS
  TSMC5_vtc_vdd_0p55                 | vdd       |    6.33 |   32.17 |  0.98351 |   138.068mV |    PASS
  TSMC5_vtc_vdd_0p75                 | vdd       |    4.87 |   34.38 |  0.99027 |    52.864mV |    PASS
  TSMC7_vtc_baseline                 | baseline  |    1.90 |   14.20 |  0.99847 |   133.003mV |    PASS
  TSMC7_vtc_pn_nfinp3                | pn_ratio  |    1.23 |    9.45 |  0.99936 |    42.902mV |    PASS
  TSMC7_vtc_vdd_0p65                 | vdd       |    5.39 |   15.98 |  0.98781 |   294.615mV |    PASS
  TSMC7_vtc_vdd_0p85                 | vdd       |    3.07 |   25.81 |  0.99595 |    38.953mV |    PASS
  TSMC12_vtc_baseline                | baseline  |    1.17 |    9.69 |  0.99944 |    41.624mV |    PASS
  TSMC12_vtc_pn_nfinp3               | pn_ratio  |    1.09 |    9.63 |  0.99951 |    38.588mV |    PASS
  TSMC12_vtc_vdd_0p70                | vdd       |    1.55 |   12.06 |  0.99901 |    66.030mV |    PASS
  TSMC12_vtc_vdd_0p90                | vdd       |    3.38 |   24.49 |  0.99526 |    40.167mV |    PASS
  TSMC16_vtc_baseline                | baseline  |    1.25 |   10.48 |  0.99936 |    58.270mV |    PASS
  TSMC16_vtc_pn_nfinp3               | pn_ratio  |    1.17 |   11.05 |  0.99943 |    39.110mV |    PASS
  TSMC16_vtc_vdd_0p70                | vdd       |    1.16 |    8.76 |  0.99944 |    43.900mV |    PASS
  TSMC16_vtc_vdd_0p90                | vdd       |    3.45 |   26.07 |  0.99504 |    41.544mV |    PASS
  TSMC5_tran_baseline                | baseline  |    2.17 |   13.04 |  0.99792 |   111.554mV |    PASS
  TSMC5_tran_pn_nfinp3               | pn_ratio  |    1.46 |    7.63 |  0.99907 |    57.169mV |    PASS
  TSMC5_tran_vdd_0p55                | vdd       |    1.51 |    8.62 |  0.99897 |    56.007mV |    PASS
  TSMC5_tran_vdd_0p75                | vdd       |    3.73 |    4.80 |  0.99405 |   141.916mV |    PASS
  TSMC5_tran_cload_5fF               | cload     |    0.48 |    1.67 |  0.99990 |    14.149mV |    PASS
  TSMC5_tran_cload_50fF              | cload     |    1.07 |   11.23 |  0.99924 |    11.425mV |    PASS
  TSMC5_tran_cload_100fF             | cload     |    1.13 |    4.91 |  0.99856 |    10.583mV |    PASS
  TSMC5_tran_slew_10ps               | slew      |    5.19 |   17.89 |  0.98711 |   265.734mV |    PASS
  TSMC5_tran_slew_500ps              | slew      |    0.51 |    1.00 |  0.99989 |    16.626mV |    PASS
  TSMC5_tran_pw_0p2ns                | pw        |    2.86 |   12.70 |  0.99530 |   111.554mV |    PASS
  TSMC5_tran_pw_0p5ns                | pw        |    2.32 |   10.11 |  0.99756 |   111.554mV |    PASS
  TSMC5_tran_pw_2p0ns                | pw        |    1.78 |    7.87 |  0.99865 |   111.556mV |    PASS
  TSMC7_tran_baseline                | baseline  |    1.21 |    4.48 |  0.99935 |    73.761mV |    PASS
  TSMC7_tran_pn_nfinp3               | pn_ratio  |    1.18 |    4.31 |  0.99939 |    76.450mV |    PASS
  TSMC7_tran_vdd_0p65                | vdd       |    1.35 |    3.24 |  0.99921 |    65.285mV |    PASS
  TSMC7_tran_vdd_0p85                | vdd       |    2.99 |   10.04 |  0.99604 |   110.136mV |    PASS
  TSMC7_tran_cload_5fF               | cload     |    0.49 |    1.45 |  0.99989 |    21.016mV |    PASS
  TSMC7_tran_cload_50fF              | cload     |    0.96 |    8.95 |  0.99948 |    12.466mV |    PASS
  TSMC7_tran_cload_100fF             | cload     |    1.05 |    9.54 |  0.99906 |    12.375mV |    PASS
  TSMC7_tran_slew_10ps               | slew      |    5.75 |   23.75 |  0.98458 |   304.874mV |    PASS
  TSMC7_tran_slew_500ps              | slew      |    0.85 |    3.62 |  0.99970 |    25.085mV |    PASS
  TSMC7_tran_pw_0p2ns                | pw        |    1.59 |    3.79 |  0.99854 |    73.761mV |    PASS
  TSMC7_tran_pw_0p5ns                | pw        |    1.43 |    4.25 |  0.99906 |    73.761mV |    PASS
  TSMC7_tran_pw_2p0ns                | pw        |    0.97 |    2.61 |  0.99960 |    73.917mV |    PASS
  TSMC12_tran_baseline               | baseline  |    1.27 |   11.00 |  0.99929 |    62.197mV |    PASS
  TSMC12_tran_pn_nfinp3              | pn_ratio  |    1.34 |    9.61 |  0.99922 |    83.992mV |    PASS
  TSMC12_tran_vdd_0p70               | vdd       |    1.71 |   13.23 |  0.99866 |    67.719mV |    PASS
  TSMC12_tran_vdd_0p90               | vdd       |    2.80 |    3.72 |  0.99664 |    98.974mV |    PASS
  TSMC12_tran_cload_5fF              | cload     |    0.43 |    3.16 |  0.99992 |    18.864mV |    PASS
  TSMC12_tran_cload_50fF             | cload     |    0.94 |    8.98 |  0.99947 |    13.544mV |    PASS
  TSMC12_tran_cload_100fF            | cload     |    0.99 |    6.18 |  0.99905 |    13.924mV |    PASS
  TSMC12_tran_slew_10ps              | slew      |    4.10 |   14.79 |  0.99159 |   222.410mV |    PASS
  TSMC12_tran_slew_500ps             | slew      |    0.67 |    1.67 |  0.99981 |    17.692mV |    PASS
  TSMC12_tran_pw_0p2ns               | pw        |    1.65 |    9.80 |  0.99843 |    62.170mV |    PASS
  TSMC12_tran_pw_0p5ns               | pw        |    1.48 |    8.00 |  0.99900 |    62.151mV |    PASS
  TSMC12_tran_pw_2p0ns               | pw        |    1.02 |    6.49 |  0.99956 |    62.144mV |    PASS
  TSMC16_tran_baseline               | baseline  |    1.35 |    8.28 |  0.99919 |    65.477mV |    PASS
  TSMC16_tran_pn_nfinp3              | pn_ratio  |    1.30 |    8.01 |  0.99926 |    73.729mV |    PASS
  TSMC16_tran_vdd_0p70               | vdd       |    1.74 |   10.80 |  0.99858 |    67.650mV |    PASS
  TSMC16_tran_vdd_0p90               | vdd       |    2.87 |    6.64 |  0.99646 |   143.652mV |    PASS
  TSMC16_tran_cload_5fF              | cload     |    0.42 |    2.25 |  0.99992 |    16.821mV |    PASS
  TSMC16_tran_cload_50fF             | cload     |    0.93 |    9.43 |  0.99946 |    13.375mV |    PASS
  TSMC16_tran_cload_100fF            | cload     |    0.89 |    4.48 |  0.99918 |    13.027mV |    PASS
  TSMC16_tran_slew_10ps              | slew      |    3.92 |   14.69 |  0.99219 |   213.250mV |    PASS
  TSMC16_tran_slew_500ps             | slew      |    0.62 |    1.51 |  0.99984 |    17.819mV |    PASS
  TSMC16_tran_pw_0p2ns               | pw        |    1.66 |    7.33 |  0.99839 |    65.476mV |    PASS
  TSMC16_tran_pw_0p5ns               | pw        |    1.53 |    6.21 |  0.99893 |    65.477mV |    PASS
  TSMC16_tran_pw_2p0ns               | pw        |    1.12 |    4.89 |  0.99946 |    65.477mV |    PASS
  ------------------------------------------------------------------------------------------
  Total: 64  Pass: 64  Fail: 0  Error: 0
  [CSV] Summary saved: /data2/home/shenshan/NN_SPICE-refactor-nn/tests/verify_nn_multi_tech_tran_results/verify_nn_multi_tech_tran_summary.csv
  [Plot] Summary bar saved: /data2/home/shenshan/NN_SPICE-refactor-nn/tests/verify_nn_multi_tech_tran_results/verify_nn_multi_tech_tran_summary.png

  RESULT: ALL 64 configs PASSED

