==============================================================================
Benchmark 3b — two-stage Miller opamp: DirectNet vs NGSPICE BSIM-CMG
  Gate: open-loop DC gain within +/-10%
==============================================================================

--- TSMC5 (VDD=0.65 VT=lvt) ---
  NGSPICE BSIM-CMG reference ...
    NGSPICE gain=160.0  trip=0.3580V  slew(step)=619.24mV
  DirectNet (LEVEL=73) DC transfer ...
[NN-resolver] L73.0 Mn1 TECH=tsmc5 VT=lvt -> tsmc5_dn_medium_nmos_best.pt (scope=tsmc5, tech_code=1)
[NN-resolver] L73.0 Mn2 TECH=tsmc5 VT=lvt -> tsmc5_dn_medium_nmos_best.pt (scope=tsmc5, tech_code=1)
[NN-resolver] L73.0 Mp3 TECH=tsmc5 VT=lvt -> tsmc5_dn_medium_pmos_best.pt (scope=tsmc5, tech_code=1)
[NN-resolver] L73.0 Mp4 TECH=tsmc5 VT=lvt -> tsmc5_dn_medium_pmos_best.pt (scope=tsmc5, tech_code=1)
[NN-resolver] L73.0 Mn5 TECH=tsmc5 VT=lvt -> tsmc5_dn_medium_nmos_best.pt (scope=tsmc5, tech_code=1)
[NN-resolver] L73.0 Mp6 TECH=tsmc5 VT=lvt -> tsmc5_dn_medium_pmos_best.pt (scope=tsmc5, tech_code=1)
[NN-resolver] L73.0 Mn7 TECH=tsmc5 VT=lvt -> tsmc5_dn_medium_nmos_best.pt (scope=tsmc5, tech_code=1)
DC sweep plot saved to: /data2/home/shenshan/NN_SPICE-refactor-nn/tests/verify_complex_results/opamp/TSMC5/opamp_TSMC5_dcsweep/opamp_TSMC5_dc_sweep.png
    DirectNet gain=163.4  trip=0.2680V  slew(step)=653.56mV
    Vout curve: MRE=95.58%  R2=-0.8951  NRMSE=68.60%  MaxErr=659.35mV
    gain error = 2.15%  trip shift = -90.00mV  ->  PASS

--- TSMC7 (VDD=0.75 VT=ulvt) ---
  NGSPICE BSIM-CMG reference ...
    NGSPICE gain=163.4  trip=0.4110V  slew(step)=548.63mV
  DirectNet (LEVEL=73) DC transfer ...
[NN-resolver] L73.0 Mn1 TECH=tsmc7 VT=ulvt -> tsmc7_dn_medium_nmos_best.pt (scope=tsmc7, tech_code=2)
[NN-resolver] L73.0 Mn2 TECH=tsmc7 VT=ulvt -> tsmc7_dn_medium_nmos_best.pt (scope=tsmc7, tech_code=2)
[NN-resolver] L73.0 Mp3 TECH=tsmc7 VT=ulvt -> tsmc7_dn_medium_pmos_best.pt (scope=tsmc7, tech_code=2)
[NN-resolver] L73.0 Mp4 TECH=tsmc7 VT=ulvt -> tsmc7_dn_medium_pmos_best.pt (scope=tsmc7, tech_code=2)
[NN-resolver] L73.0 Mn5 TECH=tsmc7 VT=ulvt -> tsmc7_dn_medium_nmos_best.pt (scope=tsmc7, tech_code=2)
[NN-resolver] L73.0 Mp6 TECH=tsmc7 VT=ulvt -> tsmc7_dn_medium_pmos_best.pt (scope=tsmc7, tech_code=2)
[NN-resolver] L73.0 Mn7 TECH=tsmc7 VT=ulvt -> tsmc7_dn_medium_nmos_best.pt (scope=tsmc7, tech_code=2)
DC sweep plot saved to: /data2/home/shenshan/NN_SPICE-refactor-nn/tests/verify_complex_results/opamp/TSMC7/opamp_TSMC7_dcsweep/opamp_TSMC7_dc_sweep.png
    DirectNet gain=380.2  trip=0.2630V  slew(step)=760.39mV
    Vout curve: MRE=97.36%  R2=-0.9391  NRMSE=68.93%  MaxErr=760.50mV
    gain error = 132.69%  trip shift = -148.00mV  ->  FAIL

--- TSMC12 (VDD=0.8 VT=svt) ---
  NGSPICE BSIM-CMG reference ...
    NGSPICE gain=188.4  trip=0.4380V  slew(step)=694.05mV
  DirectNet (LEVEL=73) DC transfer ...
[NN-resolver] L73.0 Mn1 TECH=tsmc12 VT=svt -> tsmc12_dn_medium_nmos_best.pt (scope=tsmc12, tech_code=0)
[NN-resolver] L73.0 Mn2 TECH=tsmc12 VT=svt -> tsmc12_dn_medium_nmos_best.pt (scope=tsmc12, tech_code=0)
[NN-resolver] L73.0 Mp3 TECH=tsmc12 VT=svt -> tsmc12_dn_medium_pmos_best.pt (scope=tsmc12, tech_code=0)
[NN-resolver] L73.0 Mp4 TECH=tsmc12 VT=svt -> tsmc12_dn_medium_pmos_best.pt (scope=tsmc12, tech_code=0)
[NN-resolver] L73.0 Mn5 TECH=tsmc12 VT=svt -> tsmc12_dn_medium_nmos_best.pt (scope=tsmc12, tech_code=0)
[NN-resolver] L73.0 Mp6 TECH=tsmc12 VT=svt -> tsmc12_dn_medium_pmos_best.pt (scope=tsmc12, tech_code=0)
[NN-resolver] L73.0 Mn7 TECH=tsmc12 VT=svt -> tsmc12_dn_medium_nmos_best.pt (scope=tsmc12, tech_code=0)
DC sweep plot saved to: /data2/home/shenshan/NN_SPICE-refactor-nn/tests/verify_complex_results/opamp/TSMC12/opamp_TSMC12_dcsweep/opamp_TSMC12_dc_sweep.png
    DirectNet gain=198.0  trip=0.2900V  slew(step)=791.70mV
    Vout curve: MRE=96.40%  R2=-0.9276  NRMSE=69.10%  MaxErr=797.39mV
    gain error = 5.10%  trip shift = -148.00mV  ->  PASS

--- TSMC16 (VDD=0.8 VT=svt) ---
  NGSPICE BSIM-CMG reference ...
    NGSPICE gain=187.7  trip=0.4380V  slew(step)=657.56mV
  DirectNet (LEVEL=73) DC transfer ...
[NN-resolver] L73.0 Mn1 TECH=tsmc16 VT=svt -> tsmc16_dn_medium_nmos_best.pt (scope=tsmc16, tech_code=0)
[NN-resolver] L73.0 Mn2 TECH=tsmc16 VT=svt -> tsmc16_dn_medium_nmos_best.pt (scope=tsmc16, tech_code=0)
[NN-resolver] L73.0 Mp3 TECH=tsmc16 VT=svt -> tsmc16_dn_medium_pmos_best.pt (scope=tsmc16, tech_code=0)
[NN-resolver] L73.0 Mp4 TECH=tsmc16 VT=svt -> tsmc16_dn_medium_pmos_best.pt (scope=tsmc16, tech_code=0)
[NN-resolver] L73.0 Mn5 TECH=tsmc16 VT=svt -> tsmc16_dn_medium_nmos_best.pt (scope=tsmc16, tech_code=0)
[NN-resolver] L73.0 Mp6 TECH=tsmc16 VT=svt -> tsmc16_dn_medium_pmos_best.pt (scope=tsmc16, tech_code=0)
[NN-resolver] L73.0 Mn7 TECH=tsmc16 VT=svt -> tsmc16_dn_medium_nmos_best.pt (scope=tsmc16, tech_code=0)
DC sweep plot saved to: /data2/home/shenshan/NN_SPICE-refactor-nn/tests/verify_complex_results/opamp/TSMC16/opamp_TSMC16_dcsweep/opamp_TSMC16_dc_sweep.png
    DirectNet gain=0.0  trip=0.2920V  slew(step)=0.01mV
    Vout curve: MRE=99.98%  R2=-1.0047  NRMSE=70.43%  MaxErr=797.40mV
    gain error = 100.00%  trip shift = -146.00mV  ->  FAIL

==============================================================================
SUMMARY — Benchmark 3b Miller opamp
==============================================================================
Tech     |   NG gain |   DN gain |  GainErr% |  TripShift |  NRMSE% |   Status
------------------------------------------------------------------------------
TSMC5    |     160.0 |     163.4 |      2.15 |   -90.00mV |   68.60 |     PASS
TSMC7    |     163.4 |     380.2 |    132.69 |  -148.00mV |   68.93 |     FAIL
TSMC12   |     188.4 |     198.0 |      5.10 |  -148.00mV |   69.10 |     PASS
TSMC16   |     187.7 |       0.0 |    100.00 |  -146.00mV |   70.43 |     FAIL

  2/4 within +/-10% gain gate

