==============================================================================
Benchmark 3b — two-stage Miller opamp: DirectNet vs NGSPICE BSIM-CMG
  Gate: open-loop DC gain within +/-10%
==============================================================================

--- TSMC5 (VDD=0.65 VT=lvt) ---
  NGSPICE BSIM-CMG reference ...
    NGSPICE gain=160.0  trip=0.3580V  slew(step)=619.24mV
  DirectNet (LEVEL=73) DC transfer ...
[NN-resolver] L73.0 Mn1 TECH=tsmc5 VT=lvt -> tsmc5_dn_medium_nmos_best.pt (scope=tsmc5, tech_code=1)
[NN-resolver] L73.0 Mn2 TECH=tsmc5 VT=lvt -> tsmc5_dn_medium_nmos_best.pt (scope=tsmc5, tech_code=1)
[NN-resolver] L73.0 Mp3 TECH=tsmc5 VT=lvt -> tsmc5_dn_medium_pmos_best.pt (scope=tsmc5, tech_code=1)
[NN-resolver] L73.0 Mp4 TECH=tsmc5 VT=lvt -> tsmc5_dn_medium_pmos_best.pt (scope=tsmc5, tech_code=1)
[NN-resolver] L73.0 Mn5 TECH=tsmc5 VT=lvt -> tsmc5_dn_medium_nmos_best.pt (scope=tsmc5, tech_code=1)
[NN-resolver] L73.0 Mp6 TECH=tsmc5 VT=lvt -> tsmc5_dn_medium_pmos_best.pt (scope=tsmc5, tech_code=1)
[NN-resolver] L73.0 Mn7 TECH=tsmc5 VT=lvt -> tsmc5_dn_medium_nmos_best.pt (scope=tsmc5, tech_code=1)
DC sweep plot saved to: /data2/home/shenshan/NN_SPICE-refactor-nn/tests/verify_complex_results/opamp/TSMC5/opamp_TSMC5_dcsweep/opamp_TSMC5_dc_sweep.png
    DirectNet gain=163.9  trip=0.2700V  slew(step)=655.79mV
    Vout curve: MRE=97.96%  R2=-0.9591  NRMSE=69.75%  MaxErr=659.25mV
    gain error = 2.49%  trip shift = -88.00mV  ->  PASS

--- TSMC7 (VDD=0.75 VT=ulvt) ---
  NGSPICE BSIM-CMG reference ...
    NGSPICE gain=163.4  trip=0.4110V  slew(step)=548.63mV
  DirectNet (LEVEL=73) DC transfer ...
[NN-resolver] L73.0 Mn1 TECH=tsmc7 VT=ulvt -> tsmc7_dn_medium_nmos_best.pt (scope=tsmc7, tech_code=2)
[NN-resolver] L73.0 Mn2 TECH=tsmc7 VT=ulvt -> tsmc7_dn_medium_nmos_best.pt (scope=tsmc7, tech_code=2)
[NN-resolver] L73.0 Mp3 TECH=tsmc7 VT=ulvt -> tsmc7_dn_medium_pmos_best.pt (scope=tsmc7, tech_code=2)
[NN-resolver] L73.0 Mp4 TECH=tsmc7 VT=ulvt -> tsmc7_dn_medium_pmos_best.pt (scope=tsmc7, tech_code=2)
[NN-resolver] L73.0 Mn5 TECH=tsmc7 VT=ulvt -> tsmc7_dn_medium_nmos_best.pt (scope=tsmc7, tech_code=2)
[NN-resolver] L73.0 Mp6 TECH=tsmc7 VT=ulvt -> tsmc7_dn_medium_pmos_best.pt (scope=tsmc7, tech_code=2)
[NN-resolver] L73.0 Mn7 TECH=tsmc7 VT=ulvt -> tsmc7_dn_medium_nmos_best.pt (scope=tsmc7, tech_code=2)
DC sweep plot saved to: /data2/home/shenshan/NN_SPICE-refactor-nn/tests/verify_complex_results/opamp/TSMC7/opamp_TSMC7_dcsweep/opamp_TSMC7_dc_sweep.png
    DirectNet gain=180.0  trip=0.2690V  slew(step)=712.42mV
    Vout curve: MRE=80.05%  R2=-0.5727  NRMSE=62.07%  MaxErr=726.68mV
    gain error = 10.16%  trip shift = -142.00mV  ->  FAIL

--- TSMC12 (VDD=0.8 VT=svt) ---
  NGSPICE BSIM-CMG reference ...
    NGSPICE gain=188.4  trip=0.4380V  slew(step)=694.05mV
  DirectNet (LEVEL=73) DC transfer ...
[NN-resolver] L73.0 Mn1 TECH=tsmc12 VT=svt -> tsmc12_dn_medium_nmos_best.pt (scope=tsmc12, tech_code=0)
[NN-resolver] L73.0 Mn2 TECH=tsmc12 VT=svt -> tsmc12_dn_medium_nmos_best.pt (scope=tsmc12, tech_code=0)
[NN-resolver] L73.0 Mp3 TECH=tsmc12 VT=svt -> tsmc12_dn_medium_pmos_best.pt (scope=tsmc12, tech_code=0)
[NN-resolver] L73.0 Mp4 TECH=tsmc12 VT=svt -> tsmc12_dn_medium_pmos_best.pt (scope=tsmc12, tech_code=0)
[NN-resolver] L73.0 Mn5 TECH=tsmc12 VT=svt -> tsmc12_dn_medium_nmos_best.pt (scope=tsmc12, tech_code=0)
[NN-resolver] L73.0 Mp6 TECH=tsmc12 VT=svt -> tsmc12_dn_medium_pmos_best.pt (scope=tsmc12, tech_code=0)
[NN-resolver] L73.0 Mn7 TECH=tsmc12 VT=svt -> tsmc12_dn_medium_nmos_best.pt (scope=tsmc12, tech_code=0)
DC sweep plot saved to: /data2/home/shenshan/NN_SPICE-refactor-nn/tests/verify_complex_results/opamp/TSMC12/opamp_TSMC12_dcsweep/opamp_TSMC12_dc_sweep.png
    DirectNet gain=197.8  trip=0.2900V  slew(step)=791.23mV
    Vout curve: MRE=88.60%  R2=-0.7654  NRMSE=66.13%  MaxErr=797.36mV
    gain error = 4.97%  trip shift = -148.00mV  ->  PASS

--- TSMC16 (VDD=0.8 VT=svt) ---
  NGSPICE BSIM-CMG reference ...
    NGSPICE gain=187.7  trip=0.4380V  slew(step)=657.56mV
  DirectNet (LEVEL=73) DC transfer ...
[NN-resolver] L73.0 Mn1 TECH=tsmc16 VT=svt -> tsmc16_dn_medium_nmos_best.pt (scope=tsmc16, tech_code=0)
[NN-resolver] L73.0 Mn2 TECH=tsmc16 VT=svt -> tsmc16_dn_medium_nmos_best.pt (scope=tsmc16, tech_code=0)
[NN-resolver] L73.0 Mp3 TECH=tsmc16 VT=svt -> tsmc16_dn_medium_pmos_best.pt (scope=tsmc16, tech_code=0)
[NN-resolver] L73.0 Mp4 TECH=tsmc16 VT=svt -> tsmc16_dn_medium_pmos_best.pt (scope=tsmc16, tech_code=0)
[NN-resolver] L73.0 Mn5 TECH=tsmc16 VT=svt -> tsmc16_dn_medium_nmos_best.pt (scope=tsmc16, tech_code=0)
[NN-resolver] L73.0 Mp6 TECH=tsmc16 VT=svt -> tsmc16_dn_medium_pmos_best.pt (scope=tsmc16, tech_code=0)
[NN-resolver] L73.0 Mn7 TECH=tsmc16 VT=svt -> tsmc16_dn_medium_nmos_best.pt (scope=tsmc16, tech_code=0)
DC sweep plot saved to: /data2/home/shenshan/NN_SPICE-refactor-nn/tests/verify_complex_results/opamp/TSMC16/opamp_TSMC16_dcsweep/opamp_TSMC16_dc_sweep.png
    DirectNet gain=0.0  trip=0.3100V  slew(step)=0.00mV
    Vout curve: MRE=99.98%  R2=-1.0047  NRMSE=70.43%  MaxErr=797.40mV
    gain error = 100.00%  trip shift = -128.00mV  ->  FAIL

==============================================================================
SUMMARY — Benchmark 3b Miller opamp
==============================================================================
Tech     |   NG gain |   DN gain |  GainErr% |  TripShift |  NRMSE% |   Status
------------------------------------------------------------------------------
TSMC5    |     160.0 |     163.9 |      2.49 |   -88.00mV |   69.75 |     PASS
TSMC7    |     163.4 |     180.0 |     10.16 |  -142.00mV |   62.07 |     FAIL
TSMC12   |     188.4 |     197.8 |      4.97 |  -148.00mV |   66.13 |     PASS
TSMC16   |     187.7 |       0.0 |    100.00 |  -128.00mV |   70.43 |     FAIL

  2/4 within +/-10% gain gate

