====================================================================================================
S7 — P2 pre-build probe: RAW (pre-clamp) reverse-Vds id surface vs OSDI ground truth
  raw tap = identity-monkeypatched _apply_vds_correction (post-denorm, pre-correction; id untouched)
  meaningful-conduction floor = 1.0 uA (plan go/no-go region)
====================================================================================================

### 0) Sign-consistency check (forward bias, vs=vb=0 frame)
[NN-resolver] L73.0 Mpl TECH=tsmc5 VT=lvt -> tsmc5_dn_medium_pmos_best.pt (scope=tsmc5, tech_code=1)
[NN-resolver] L73.0 Mnl TECH=tsmc5 VT=lvt -> tsmc5_dn_medium_nmos_best.pt (scope=tsmc5, tech_code=1)
[NN-resolver] L73.0 Mpr TECH=tsmc5 VT=lvt -> tsmc5_dn_medium_pmos_best.pt (scope=tsmc5, tech_code=1)
[NN-resolver] L73.0 Mnr TECH=tsmc5 VT=lvt -> tsmc5_dn_medium_nmos_best.pt (scope=tsmc5, tech_code=1)
[NN-resolver] L73.0 Mal TECH=tsmc5 VT=lvt -> tsmc5_dn_medium_nmos_best.pt (scope=tsmc5, tech_code=1)
[NN-resolver] L73.0 Mar TECH=tsmc5 VT=lvt -> tsmc5_dn_medium_nmos_best.pt (scope=tsmc5, tech_code=1)
  TSMC5   nmos  fwd bias vd=vg=+0.65: raw NN id=-8.5001e-05  OSDI id=-7.8420e-05  same sign=YES
  TSMC5   pmos  fwd bias vd=vg=-0.65: raw NN id=+5.2985e-05  OSDI id=+5.3048e-05  same sign=YES
[NN-resolver] L73.0 Mpl TECH=tsmc7 VT=ulvt -> tsmc7_dn_medium_pmos_best.pt (scope=tsmc7, tech_code=2)
[NN-resolver] L73.0 Mnl TECH=tsmc7 VT=ulvt -> tsmc7_dn_medium_nmos_best.pt (scope=tsmc7, tech_code=2)
[NN-resolver] L73.0 Mpr TECH=tsmc7 VT=ulvt -> tsmc7_dn_medium_pmos_best.pt (scope=tsmc7, tech_code=2)
[NN-resolver] L73.0 Mnr TECH=tsmc7 VT=ulvt -> tsmc7_dn_medium_nmos_best.pt (scope=tsmc7, tech_code=2)
[NN-resolver] L73.0 Mal TECH=tsmc7 VT=ulvt -> tsmc7_dn_medium_nmos_best.pt (scope=tsmc7, tech_code=2)
[NN-resolver] L73.0 Mar TECH=tsmc7 VT=ulvt -> tsmc7_dn_medium_nmos_best.pt (scope=tsmc7, tech_code=2)
  TSMC7   nmos  fwd bias vd=vg=+0.75: raw NN id=-1.2552e-04  OSDI id=-1.3898e-04  same sign=YES
  TSMC7   pmos  fwd bias vd=vg=-0.75: raw NN id=+1.0227e-04  OSDI id=+1.0221e-04  same sign=YES
[NN-resolver] L73.0 Mpl TECH=tsmc12 VT=svt -> tsmc12_dn_medium_pmos_best.pt (scope=tsmc12, tech_code=0)
[NN-resolver] L73.0 Mnl TECH=tsmc12 VT=svt -> tsmc12_dn_medium_nmos_best.pt (scope=tsmc12, tech_code=0)
[NN-resolver] L73.0 Mpr TECH=tsmc12 VT=svt -> tsmc12_dn_medium_pmos_best.pt (scope=tsmc12, tech_code=0)
[NN-resolver] L73.0 Mnr TECH=tsmc12 VT=svt -> tsmc12_dn_medium_nmos_best.pt (scope=tsmc12, tech_code=0)
[NN-resolver] L73.0 Mal TECH=tsmc12 VT=svt -> tsmc12_dn_medium_nmos_best.pt (scope=tsmc12, tech_code=0)
[NN-resolver] L73.0 Mar TECH=tsmc12 VT=svt -> tsmc12_dn_medium_nmos_best.pt (scope=tsmc12, tech_code=0)
  TSMC12  nmos  fwd bias vd=vg=+0.80: raw NN id=-1.0052e-04  OSDI id=-1.0056e-04  same sign=YES
  TSMC12  pmos  fwd bias vd=vg=-0.80: raw NN id=+8.7842e-05  OSDI id=+8.7746e-05  same sign=YES
[NN-resolver] L73.0 Mpl TECH=tsmc16 VT=svt -> tsmc16_dn_medium_pmos_best.pt (scope=tsmc16, tech_code=0)
[NN-resolver] L73.0 Mnl TECH=tsmc16 VT=svt -> tsmc16_dn_medium_nmos_best.pt (scope=tsmc16, tech_code=0)
[NN-resolver] L73.0 Mpr TECH=tsmc16 VT=svt -> tsmc16_dn_medium_pmos_best.pt (scope=tsmc16, tech_code=0)
[NN-resolver] L73.0 Mnr TECH=tsmc16 VT=svt -> tsmc16_dn_medium_nmos_best.pt (scope=tsmc16, tech_code=0)
[NN-resolver] L73.0 Mal TECH=tsmc16 VT=svt -> tsmc16_dn_medium_nmos_best.pt (scope=tsmc16, tech_code=0)
[NN-resolver] L73.0 Mar TECH=tsmc16 VT=svt -> tsmc16_dn_medium_nmos_best.pt (scope=tsmc16, tech_code=0)
  TSMC16  nmos  fwd bias vd=vg=+0.80: raw NN id=-9.6897e-05  OSDI id=-9.6829e-05  same sign=YES
  TSMC16  pmos  fwd bias vd=vg=-0.80: raw NN id=+8.0107e-05  OSDI id=+8.0095e-05  same sign=YES
  => sign convention CONSISTENT (raw NN vs eval_single_point)

### 1) Live SRAM force_ic state1 attractor — per-device bias, raw NN vs post-clamp NN vs OSDI

  --- TSMC5 (VDD=0.65) — solved q=0.0844 qb=0.6759  (s2 log: q=0.084 qb=0.676  cross-check OK)
    dev  type dir  Vgs(mV)  Vds(mV)  Vbs(mV)  raw NN id(A) post-clamp(A)    OSDI id(A)  raw/OSDI  sign  raw gds(S) OSDI gds(S)
    Mpl  pmos REV   -565.6     25.9      0.0   -5.5920e-06   -0.0000e+00   -8.0291e-06     0.696     Y  2.7960e-06 -3.2304e-04
    Mnl  nmos fwd     84.4    675.9      0.0   -5.5308e-09   -1.0378e-06   -0.0000e+00       nan     Y  1.2784e-07  1.5071e-10
    Mpr  pmos fwd     25.9   -565.6      0.0   -2.0756e-08   +0.0000e+00   -0.0000e+00       nan     Y  3.8292e-07  4.2383e-13
    Mnr  nmos fwd    675.9     84.4      0.0   -5.2763e-05   -4.6698e-05   -5.4269e-05     0.972     Y  2.6381e-05  4.6557e-04
    Mal  nmos fwd    565.6    565.6    -84.4   -5.2743e-05   -5.2743e-05   -4.8716e-05     1.083     Y  2.6372e-05  3.8506e-06
    Mar  nmos REV    -25.9    -25.9   -675.9   +2.0951e-07   +0.0000e+00   -0.0000e+00       nan     n  1.0475e-07 -5.2606e-10

  --- TSMC7 (VDD=0.75) — solved q=0.7846 qb=0.1173  (s2 log: q=0.785 qb=0.117  cross-check OK)
    dev  type dir  Vgs(mV)  Vds(mV)  Vbs(mV)  raw NN id(A) post-clamp(A)    OSDI id(A)  raw/OSDI  sign  raw gds(S) OSDI gds(S)
    Mpl  pmos fwd     34.6   -632.7      0.0   +3.1963e-07   +3.1963e-07   -0.0000e+00       nan     n  1.1358e-06  9.0310e-12
    Mnl  nmos fwd    784.6    117.3      0.0   -8.2827e-05   -7.6722e-05   -9.7080e-05     0.853     Y  4.1414e-05  5.6883e-04
    Mpr  pmos REV   -632.7     34.6      0.0   -1.0184e-05   -0.0000e+00   -1.3714e-05     0.743     Y  5.0918e-06 -4.0815e-04
    Mnr  nmos fwd    117.3    784.6      0.0   +1.3315e-08   -1.5818e-06   -2.2617e-08     0.589     n  1.3385e-07  1.0620e-08
    Mal  nmos REV    -34.6    -34.6   -784.6   -3.3874e-08   -0.0000e+00   -0.0000e+00       nan     Y  1.6937e-08 -7.6107e-09
    Mar  nmos fwd    632.7    632.7   -117.3   -8.5615e-05   -8.5615e-05   -9.5583e-05     0.896     Y  4.2808e-05  8.5420e-06

  --- TSMC12 (VDD=0.8) — solved q=0.8370 qb=0.1042  (s2 log: q=0.837 qb=0.104  cross-check OK)
    dev  type dir  Vgs(mV)  Vds(mV)  Vbs(mV)  raw NN id(A) post-clamp(A)    OSDI id(A)  raw/OSDI  sign  raw gds(S) OSDI gds(S)
    Mpl  pmos fwd     37.0   -695.8      0.0   +4.8656e-09   +4.8656e-09   -0.0000e+00       nan     n  2.4328e-09  2.1376e-13
    Mnl  nmos fwd    837.0    104.2      0.0   -6.7698e-05   -5.9970e-05   -6.6459e-05     1.019     Y  3.3849e-05  4.5757e-04
    Mpr  pmos REV   -695.8     37.0      0.0   -1.1341e-05   -0.0000e+00   -1.5356e-05     0.739     Y  5.6704e-06 -4.2880e-04
    Mnr  nmos fwd    104.2    837.0      0.0   +1.6244e-08   -1.6937e-06   -0.0000e+00       nan     n  8.1221e-09  7.5736e-10
    Mal  nmos REV    -37.0    -37.0   -837.0   +1.4480e-07   +0.0000e+00   -0.0000e+00       nan     n  6.7097e-06 -4.3362e-10
    Mar  nmos fwd    695.8    695.8   -104.2   -6.6026e-05   -6.6026e-05   -6.6045e-05     1.000     Y  3.3013e-05  1.0636e-05

  --- TSMC16 (VDD=0.8) — solved q=0.8360 qb=0.1064  (s2 log: q=0.836 qb=0.106  cross-check OK)
    dev  type dir  Vgs(mV)  Vds(mV)  Vbs(mV)  raw NN id(A) post-clamp(A)    OSDI id(A)  raw/OSDI  sign  raw gds(S) OSDI gds(S)
    Mpl  pmos fwd     36.0   -693.6      0.0   -5.3106e-08   +0.0000e+00   -0.0000e+00       nan     Y  2.6553e-08  2.9092e-13
    Mnl  nmos fwd    836.0    106.4      0.0   -6.4150e-05   -5.7155e-05   -6.3213e-05     1.015     Y  3.2075e-05  4.2787e-04
    Mpr  pmos REV   -693.6     36.0      0.0   -1.0361e-05   -0.0000e+00   -1.4367e-05     0.721     Y  5.1804e-06 -4.1592e-04
    Mnr  nmos fwd    106.4    836.0      0.0   -9.3376e-09   -1.6325e-06   -0.0000e+00       nan     Y  4.6688e-09  4.6030e-10
    Mal  nmos REV    -36.0    -36.0   -836.0   -1.7646e-07   -0.0000e+00   -0.0000e+00       nan     Y  5.6501e-06 -1.5824e-10
    Mar  nmos fwd    693.6    693.6   -106.4   -6.2687e-05   -6.2687e-05   -6.2734e-05     0.999     Y  3.1344e-05  1.0512e-05

### 2) Trained reverse-Vds corridor grid — Vds in -[0.30..0.01]*VDD (12) x Vgs in {0.2..1.0}*VDD (5), Vbs=0

  TSMC5 NMOS (N=60, meaningful |OSDI id|>1uA: 44):
    Rule-16:  MRE=27.65%  R2=0.9274  NRMSE=7.41%  MaxErr=25.925 uA   (OSDI max |id|=129.90 uA)
    sign-agreement: all(|OSDI|>1nA)=0.898  meaningful=0.955
    magnitude (meaningful): median raw/OSDI=0.789  within-2x=0.932  within-10x=0.977
    post-clamp max |id| = 0.000e+00 uA (production zeroes the corridor)
    VERDICT: USABLE

  TSMC5 PMOS (N=60, meaningful |OSDI id|>1uA: 41):
    Rule-16:  MRE=34.88%  R2=0.9065  NRMSE=8.07%  MaxErr=21.595 uA   (OSDI max |id|=84.84 uA)
    sign-agreement: all(|OSDI|>1nA)=0.789  meaningful=0.951
    magnitude (meaningful): median raw/OSDI=0.722  within-2x=0.805  within-10x=0.951
    post-clamp max |id| = 0.000e+00 uA (production zeroes the corridor)
    VERDICT: USABLE

  TSMC7 NMOS (N=60, meaningful |OSDI id|>1uA: 54):
    Rule-16:  MRE=41.99%  R2=0.7822  NRMSE=13.09%  MaxErr=55.890 uA   (OSDI max |id|=179.86 uA)
    sign-agreement: all(|OSDI|>1nA)=1.000  meaningful=1.000
    magnitude (meaningful): median raw/OSDI=0.641  within-2x=0.852  within-10x=0.963
    post-clamp max |id| = 0.000e+00 uA (production zeroes the corridor)
    VERDICT: USABLE

  TSMC7 PMOS (N=60, meaningful |OSDI id|>1uA: 52):
    Rule-16:  MRE=30.97%  R2=0.8907  NRMSE=8.93%  MaxErr=27.224 uA   (OSDI max |id|=111.09 uA)
    sign-agreement: all(|OSDI|>1nA)=0.933  meaningful=1.000
    magnitude (meaningful): median raw/OSDI=0.753  within-2x=0.846  within-10x=1.000
    post-clamp max |id| = 0.000e+00 uA (production zeroes the corridor)
    VERDICT: USABLE

  TSMC12 NMOS (N=60, meaningful |OSDI id|>1uA: 47):
    Rule-16:  MRE=30.61%  R2=0.9269  NRMSE=7.57%  MaxErr=28.265 uA   (OSDI max |id|=151.25 uA)
    sign-agreement: all(|OSDI|>1nA)=0.983  meaningful=0.979
    magnitude (meaningful): median raw/OSDI=0.761  within-2x=0.851  within-10x=0.957
    post-clamp max |id| = 0.000e+00 uA (production zeroes the corridor)
    VERDICT: USABLE

  TSMC12 PMOS (N=60, meaningful |OSDI id|>1uA: 47):
    Rule-16:  MRE=31.83%  R2=0.9015  NRMSE=8.57%  MaxErr=28.115 uA   (OSDI max |id|=119.44 uA)
    sign-agreement: all(|OSDI|>1nA)=0.915  meaningful=0.979
    magnitude (meaningful): median raw/OSDI=0.750  within-2x=0.872  within-10x=0.936
    post-clamp max |id| = 0.000e+00 uA (production zeroes the corridor)
    VERDICT: USABLE

  TSMC16 NMOS (N=60, meaningful |OSDI id|>1uA: 47):
    Rule-16:  MRE=30.08%  R2=0.9272  NRMSE=7.46%  MaxErr=28.156 uA   (OSDI max |id|=145.78 uA)
    sign-agreement: all(|OSDI|>1nA)=0.949  meaningful=1.000
    magnitude (meaningful): median raw/OSDI=0.760  within-2x=0.872  within-10x=0.979
    post-clamp max |id| = 0.000e+00 uA (production zeroes the corridor)
    VERDICT: USABLE

  TSMC16 PMOS (N=60, meaningful |OSDI id|>1uA: 45):
    Rule-16:  MRE=32.15%  R2=0.9111  NRMSE=8.06%  MaxErr=27.520 uA   (OSDI max |id|=122.47 uA)
    sign-agreement: all(|OSDI|>1nA)=0.932  meaningful=0.956
    magnitude (meaningful): median raw/OSDI=0.751  within-2x=0.911  within-10x=0.956
    post-clamp max |id| = 0.000e+00 uA (production zeroes the corridor)
    VERDICT: USABLE

### 3) Beyond-corridor extrapolation — Vds in -{0.4, 0.5}*VDD at Vgs=0.6*VDD (mirrored for PMOS)
  TSMC5   nmos  vgs=+0.390 vds=-0.260 (-0.4*VDD): raw=+4.6307e-05  OSDI=+7.5315e-05  raw/OSDI=   0.615  sign=Y
  TSMC5   nmos  vgs=+0.390 vds=-0.325 (-0.5*VDD): raw=+5.1771e-05  OSDI=+9.9896e-05  raw/OSDI=   0.518  sign=Y
  TSMC5   pmos  vgs=-0.390 vds=+0.260 (-0.4*VDD): raw=-2.3963e-05  OSDI=-4.8594e-05  raw/OSDI=   0.493  sign=Y
  TSMC5   pmos  vgs=-0.390 vds=+0.325 (-0.5*VDD): raw=-2.7335e-05  OSDI=-6.8234e-05  raw/OSDI=   0.401  sign=Y
  TSMC7   nmos  vgs=+0.450 vds=-0.300 (-0.4*VDD): raw=+7.4830e-05  OSDI=+1.2984e-04  raw/OSDI=   0.576  sign=Y
  TSMC7   nmos  vgs=+0.450 vds=-0.375 (-0.5*VDD): raw=+8.0895e-05  OSDI=+1.5836e-04  raw/OSDI=   0.511  sign=Y
  TSMC7   pmos  vgs=-0.450 vds=+0.300 (-0.4*VDD): raw=-5.3311e-05  OSDI=-8.7474e-05  raw/OSDI=   0.609  sign=Y
  TSMC7   pmos  vgs=-0.450 vds=+0.375 (-0.5*VDD): raw=-5.8692e-05  OSDI=-1.1203e-04  raw/OSDI=   0.524  sign=Y
  TSMC12  nmos  vgs=+0.480 vds=-0.320 (-0.4*VDD): raw=+5.4602e-05  OSDI=+9.3097e-05  raw/OSDI=   0.587  sign=Y
  TSMC12  nmos  vgs=+0.480 vds=-0.400 (-0.5*VDD): raw=+6.0521e-05  OSDI=+1.2049e-04  raw/OSDI=   0.502  sign=Y
  TSMC12  pmos  vgs=-0.480 vds=+0.320 (-0.4*VDD): raw=-4.6913e-05  OSDI=-8.0598e-05  raw/OSDI=   0.582  sign=Y
  TSMC12  pmos  vgs=-0.480 vds=+0.400 (-0.5*VDD): raw=-5.2077e-05  OSDI=-1.0455e-04  raw/OSDI=   0.498  sign=Y
  TSMC16  nmos  vgs=+0.480 vds=-0.320 (-0.4*VDD): raw=+5.2598e-05  OSDI=+8.9100e-05  raw/OSDI=   0.590  sign=Y
  TSMC16  nmos  vgs=+0.480 vds=-0.400 (-0.5*VDD): raw=+5.8247e-05  OSDI=+1.1592e-04  raw/OSDI=   0.502  sign=Y
  TSMC16  pmos  vgs=-0.480 vds=+0.320 (-0.4*VDD): raw=-4.1755e-05  OSDI=-7.4417e-05  raw/OSDI=   0.561  sign=Y
  TSMC16  pmos  vgs=-0.480 vds=+0.400 (-0.5*VDD): raw=-4.6530e-05  OSDI=-9.8503e-05  raw/OSDI=   0.472  sign=Y

====================================================================================================
### OVERALL CORRIDOR VERDICT TABLE
  tech    dev       MRE%       R2   NRMSE%  MaxErr(uA) sign(mean.)  med ratio    <2x   <10x  verdict
  TSMC5   nmos     27.65   0.9274     7.41      25.925       0.955      0.789  0.932  0.977  USABLE
  TSMC5   pmos     34.88   0.9065     8.07      21.595       0.951      0.722  0.805  0.951  USABLE
  TSMC7   nmos     41.99   0.7822    13.09      55.890       1.000      0.641  0.852  0.963  USABLE
  TSMC7   pmos     30.97   0.8907     8.93      27.224       1.000      0.753  0.846  1.000  USABLE
  TSMC12  nmos     30.61   0.9269     7.57      28.265       0.979      0.761  0.851  0.957  USABLE
  TSMC12  pmos     31.83   0.9015     8.57      28.115       0.979      0.750  0.872  0.936  USABLE
  TSMC16  nmos     30.08   0.9272     7.46      28.156       1.000      0.760  0.872  0.979  USABLE
  TSMC16  pmos     32.15   0.9111     8.06      27.520       0.956      0.751  0.911  0.956  USABLE

CSV written: /data2/home/shenshan/NN_SPICE-refactor-nn/results/v6_4_7/s7_rev_probe_corridor.csv
MD summary written: /data2/home/shenshan/NN_SPICE-refactor-nn/results/v6_4_7/S7_P2_rev_probe.md
osdi[osdi_host] lvl=1 Warning: MEXP_i = 1.884483e+00 < 2.  Setting MEXP_i = 2.



