==============================================================================
Benchmark 3c — 6T SRAM read SNM: DirectNet vs NGSPICE BSIM-CMG
  NFIN corners: [2, 5, 10]
  Gate: both butterfly lobes positive across NFIN corners
==============================================================================

--- TSMC5 (VDD=0.65 VT=lvt) ---
  NFIN=2:
    NGSPICE BSIM-CMG butterfly lobe ...
    DirectNet (LEVEL=73) butterfly lobe ...
[NN-resolver] L73.0 Mpl TECH=tsmc5 VT=lvt -> tsmc5_dn_medium_pmos_best.pt (scope=tsmc5, tech_code=1)
[NN-resolver] L73.0 Mnl TECH=tsmc5 VT=lvt -> tsmc5_dn_medium_nmos_best.pt (scope=tsmc5, tech_code=1)
[NN-resolver] L73.0 Mna TECH=tsmc5 VT=lvt -> tsmc5_dn_medium_nmos_best.pt (scope=tsmc5, tech_code=1)
DC sweep plot saved to: /data2/home/shenshan/NN_SPICE-refactor-nn/tests/verify_complex_results/sram_snm/TSMC5/sram_TSMC5_nfin2_out/sram_TSMC5_2_dc_sweep.png
      NG SNM=189.2mV  DN SNM=173.8mV  SNMerr=8.2%  DN min(qb)=97.5mV  NRMSE=2.06%
  NFIN=5:
    NGSPICE BSIM-CMG butterfly lobe ...
    DirectNet (LEVEL=73) butterfly lobe ...
[NN-resolver] L73.0 Mpl TECH=tsmc5 VT=lvt -> tsmc5_dn_medium_pmos_best.pt (scope=tsmc5, tech_code=1)
[NN-resolver] L73.0 Mnl TECH=tsmc5 VT=lvt -> tsmc5_dn_medium_nmos_best.pt (scope=tsmc5, tech_code=1)
[NN-resolver] L73.0 Mna TECH=tsmc5 VT=lvt -> tsmc5_dn_medium_nmos_best.pt (scope=tsmc5, tech_code=1)
DC sweep plot saved to: /data2/home/shenshan/NN_SPICE-refactor-nn/tests/verify_complex_results/sram_snm/TSMC5/sram_TSMC5_nfin5_out/sram_TSMC5_5_dc_sweep.png
      NG SNM=194.2mV  DN SNM=163.1mV  SNMerr=16.0%  DN min(qb)=95.9mV  NRMSE=6.88%
  NFIN=10:
    NGSPICE BSIM-CMG butterfly lobe ...
    DirectNet (LEVEL=73) butterfly lobe ...
[NN-resolver] L73.0 Mpl TECH=tsmc5 VT=lvt -> tsmc5_dn_medium_pmos_best.pt (scope=tsmc5, tech_code=1)
[NN-resolver] L73.0 Mnl TECH=tsmc5 VT=lvt -> tsmc5_dn_medium_nmos_best.pt (scope=tsmc5, tech_code=1)
[NN-resolver] L73.0 Mna TECH=tsmc5 VT=lvt -> tsmc5_dn_medium_nmos_best.pt (scope=tsmc5, tech_code=1)
DC sweep plot saved to: /data2/home/shenshan/NN_SPICE-refactor-nn/tests/verify_complex_results/sram_snm/TSMC5/sram_TSMC5_nfin10_out/sram_TSMC5_10_dc_sweep.png
      NG SNM=196.1mV  DN SNM=248.0mV  SNMerr=26.5%  DN min(qb)=94.1mV  NRMSE=9.65%
    force_ic full-6T convergence probe ...
[NN-resolver] L73.0 Mpl TECH=tsmc5 VT=lvt -> tsmc5_dn_medium_pmos_best.pt (scope=tsmc5, tech_code=1)
[NN-resolver] L73.0 Mnl TECH=tsmc5 VT=lvt -> tsmc5_dn_medium_nmos_best.pt (scope=tsmc5, tech_code=1)
[NN-resolver] L73.0 Mpr TECH=tsmc5 VT=lvt -> tsmc5_dn_medium_pmos_best.pt (scope=tsmc5, tech_code=1)
[NN-resolver] L73.0 Mnr TECH=tsmc5 VT=lvt -> tsmc5_dn_medium_nmos_best.pt (scope=tsmc5, tech_code=1)
[NN-resolver] L73.0 Mal TECH=tsmc5 VT=lvt -> tsmc5_dn_medium_nmos_best.pt (scope=tsmc5, tech_code=1)
[NN-resolver] L73.0 Mar TECH=tsmc5 VT=lvt -> tsmc5_dn_medium_nmos_best.pt (scope=tsmc5, tech_code=1)
      force_ic state1: q=0.328 qb=0.328  resid=1.483e-06 thr=6.500e-03 (resid_ok=True rail_ok=False)  -> FAIL
[NN-resolver] L73.0 Mpl TECH=tsmc5 VT=lvt -> tsmc5_dn_medium_pmos_best.pt (scope=tsmc5, tech_code=1)
[NN-resolver] L73.0 Mnl TECH=tsmc5 VT=lvt -> tsmc5_dn_medium_nmos_best.pt (scope=tsmc5, tech_code=1)
[NN-resolver] L73.0 Mpr TECH=tsmc5 VT=lvt -> tsmc5_dn_medium_pmos_best.pt (scope=tsmc5, tech_code=1)
[NN-resolver] L73.0 Mnr TECH=tsmc5 VT=lvt -> tsmc5_dn_medium_nmos_best.pt (scope=tsmc5, tech_code=1)
[NN-resolver] L73.0 Mal TECH=tsmc5 VT=lvt -> tsmc5_dn_medium_nmos_best.pt (scope=tsmc5, tech_code=1)
[NN-resolver] L73.0 Mar TECH=tsmc5 VT=lvt -> tsmc5_dn_medium_nmos_best.pt (scope=tsmc5, tech_code=1)
      force_ic state0: q=0.328 qb=0.328  resid=1.483e-06 thr=6.500e-03 (resid_ok=True rail_ok=False)  -> FAIL

--- TSMC7 (VDD=0.75 VT=ulvt) ---
  NFIN=2:
    NGSPICE BSIM-CMG butterfly lobe ...
    DirectNet (LEVEL=73) butterfly lobe ...
[NN-resolver] L73.0 Mpl TECH=tsmc7 VT=ulvt -> tsmc7_dn_medium_pmos_best.pt (scope=tsmc7, tech_code=2)
[NN-resolver] L73.0 Mnl TECH=tsmc7 VT=ulvt -> tsmc7_dn_medium_nmos_best.pt (scope=tsmc7, tech_code=2)
[NN-resolver] L73.0 Mna TECH=tsmc7 VT=ulvt -> tsmc7_dn_medium_nmos_best.pt (scope=tsmc7, tech_code=2)
DC sweep plot saved to: /data2/home/shenshan/NN_SPICE-refactor-nn/tests/verify_complex_results/sram_snm/TSMC7/sram_TSMC7_nfin2_out/sram_TSMC7_2_dc_sweep.png
      NG SNM=187.4mV  DN SNM=184.8mV  SNMerr=1.4%  DN min(qb)=135.1mV  NRMSE=2.15%
  NFIN=5:
    NGSPICE BSIM-CMG butterfly lobe ...
    DirectNet (LEVEL=73) butterfly lobe ...
[NN-resolver] L73.0 Mpl TECH=tsmc7 VT=ulvt -> tsmc7_dn_medium_pmos_best.pt (scope=tsmc7, tech_code=2)
[NN-resolver] L73.0 Mnl TECH=tsmc7 VT=ulvt -> tsmc7_dn_medium_nmos_best.pt (scope=tsmc7, tech_code=2)
[NN-resolver] L73.0 Mna TECH=tsmc7 VT=ulvt -> tsmc7_dn_medium_nmos_best.pt (scope=tsmc7, tech_code=2)
DC sweep plot saved to: /data2/home/shenshan/NN_SPICE-refactor-nn/tests/verify_complex_results/sram_snm/TSMC7/sram_TSMC7_nfin5_out/sram_TSMC7_5_dc_sweep.png
      NG SNM=184.8mV  DN SNM=264.9mV  SNMerr=43.4%  DN min(qb)=127.1mV  NRMSE=2.80%
  NFIN=10:
    NGSPICE BSIM-CMG butterfly lobe ...
    DirectNet (LEVEL=73) butterfly lobe ...
[NN-resolver] L73.0 Mpl TECH=tsmc7 VT=ulvt -> tsmc7_dn_medium_pmos_best.pt (scope=tsmc7, tech_code=2)
[NN-resolver] L73.0 Mnl TECH=tsmc7 VT=ulvt -> tsmc7_dn_medium_nmos_best.pt (scope=tsmc7, tech_code=2)
[NN-resolver] L73.0 Mna TECH=tsmc7 VT=ulvt -> tsmc7_dn_medium_nmos_best.pt (scope=tsmc7, tech_code=2)
DC sweep plot saved to: /data2/home/shenshan/NN_SPICE-refactor-nn/tests/verify_complex_results/sram_snm/TSMC7/sram_TSMC7_nfin10_out/sram_TSMC7_10_dc_sweep.png
      NG SNM=184.4mV  DN SNM=242.5mV  SNMerr=31.5%  DN min(qb)=118.0mV  NRMSE=1.85%
    force_ic full-6T convergence probe ...
[NN-resolver] L73.0 Mpl TECH=tsmc7 VT=ulvt -> tsmc7_dn_medium_pmos_best.pt (scope=tsmc7, tech_code=2)
[NN-resolver] L73.0 Mnl TECH=tsmc7 VT=ulvt -> tsmc7_dn_medium_nmos_best.pt (scope=tsmc7, tech_code=2)
[NN-resolver] L73.0 Mpr TECH=tsmc7 VT=ulvt -> tsmc7_dn_medium_pmos_best.pt (scope=tsmc7, tech_code=2)
[NN-resolver] L73.0 Mnr TECH=tsmc7 VT=ulvt -> tsmc7_dn_medium_nmos_best.pt (scope=tsmc7, tech_code=2)
[NN-resolver] L73.0 Mal TECH=tsmc7 VT=ulvt -> tsmc7_dn_medium_nmos_best.pt (scope=tsmc7, tech_code=2)
[NN-resolver] L73.0 Mar TECH=tsmc7 VT=ulvt -> tsmc7_dn_medium_nmos_best.pt (scope=tsmc7, tech_code=2)
      force_ic state1: q=0.391 qb=0.391  resid=1.189e-05 thr=7.500e-03 (resid_ok=True rail_ok=False)  -> FAIL
[NN-resolver] L73.0 Mpl TECH=tsmc7 VT=ulvt -> tsmc7_dn_medium_pmos_best.pt (scope=tsmc7, tech_code=2)
[NN-resolver] L73.0 Mnl TECH=tsmc7 VT=ulvt -> tsmc7_dn_medium_nmos_best.pt (scope=tsmc7, tech_code=2)
[NN-resolver] L73.0 Mpr TECH=tsmc7 VT=ulvt -> tsmc7_dn_medium_pmos_best.pt (scope=tsmc7, tech_code=2)
[NN-resolver] L73.0 Mnr TECH=tsmc7 VT=ulvt -> tsmc7_dn_medium_nmos_best.pt (scope=tsmc7, tech_code=2)
[NN-resolver] L73.0 Mal TECH=tsmc7 VT=ulvt -> tsmc7_dn_medium_nmos_best.pt (scope=tsmc7, tech_code=2)
[NN-resolver] L73.0 Mar TECH=tsmc7 VT=ulvt -> tsmc7_dn_medium_nmos_best.pt (scope=tsmc7, tech_code=2)
      force_ic state0: q=0.391 qb=0.391  resid=1.189e-05 thr=7.500e-03 (resid_ok=True rail_ok=False)  -> FAIL

--- TSMC12 (VDD=0.8 VT=svt) ---
  NFIN=2:
    NGSPICE BSIM-CMG butterfly lobe ...
    DirectNet (LEVEL=73) butterfly lobe ...
[NN-resolver] L73.0 Mpl TECH=tsmc12 VT=svt -> tsmc12_dn_medium_pmos_best.pt (scope=tsmc12, tech_code=0)
[NN-resolver] L73.0 Mnl TECH=tsmc12 VT=svt -> tsmc12_dn_medium_nmos_best.pt (scope=tsmc12, tech_code=0)
[NN-resolver] L73.0 Mna TECH=tsmc12 VT=svt -> tsmc12_dn_medium_nmos_best.pt (scope=tsmc12, tech_code=0)
DC sweep plot saved to: /data2/home/shenshan/NN_SPICE-refactor-nn/tests/verify_complex_results/sram_snm/TSMC12/sram_TSMC12_nfin2_out/sram_TSMC12_2_dc_sweep.png
      NG SNM=239.1mV  DN SNM=226.1mV  SNMerr=5.4%  DN min(qb)=120.9mV  NRMSE=0.90%
  NFIN=5:
    NGSPICE BSIM-CMG butterfly lobe ...
    DirectNet (LEVEL=73) butterfly lobe ...
[NN-resolver] L73.0 Mpl TECH=tsmc12 VT=svt -> tsmc12_dn_medium_pmos_best.pt (scope=tsmc12, tech_code=0)
[NN-resolver] L73.0 Mnl TECH=tsmc12 VT=svt -> tsmc12_dn_medium_nmos_best.pt (scope=tsmc12, tech_code=0)
[NN-resolver] L73.0 Mna TECH=tsmc12 VT=svt -> tsmc12_dn_medium_nmos_best.pt (scope=tsmc12, tech_code=0)
DC sweep plot saved to: /data2/home/shenshan/NN_SPICE-refactor-nn/tests/verify_complex_results/sram_snm/TSMC12/sram_TSMC12_nfin5_out/sram_TSMC12_5_dc_sweep.png
      NG SNM=230.6mV  DN SNM=217.1mV  SNMerr=5.8%  DN min(qb)=123.0mV  NRMSE=1.01%
  NFIN=10:
    NGSPICE BSIM-CMG butterfly lobe ...
    DirectNet (LEVEL=73) butterfly lobe ...
[NN-resolver] L73.0 Mpl TECH=tsmc12 VT=svt -> tsmc12_dn_medium_pmos_best.pt (scope=tsmc12, tech_code=0)
[NN-resolver] L73.0 Mnl TECH=tsmc12 VT=svt -> tsmc12_dn_medium_nmos_best.pt (scope=tsmc12, tech_code=0)
[NN-resolver] L73.0 Mna TECH=tsmc12 VT=svt -> tsmc12_dn_medium_nmos_best.pt (scope=tsmc12, tech_code=0)
DC sweep plot saved to: /data2/home/shenshan/NN_SPICE-refactor-nn/tests/verify_complex_results/sram_snm/TSMC12/sram_TSMC12_nfin10_out/sram_TSMC12_10_dc_sweep.png
      NG SNM=226.9mV  DN SNM=217.5mV  SNMerr=4.1%  DN min(qb)=122.4mV  NRMSE=3.01%
    force_ic full-6T convergence probe ...
[NN-resolver] L73.0 Mpl TECH=tsmc12 VT=svt -> tsmc12_dn_medium_pmos_best.pt (scope=tsmc12, tech_code=0)
[NN-resolver] L73.0 Mnl TECH=tsmc12 VT=svt -> tsmc12_dn_medium_nmos_best.pt (scope=tsmc12, tech_code=0)
[NN-resolver] L73.0 Mpr TECH=tsmc12 VT=svt -> tsmc12_dn_medium_pmos_best.pt (scope=tsmc12, tech_code=0)
[NN-resolver] L73.0 Mnr TECH=tsmc12 VT=svt -> tsmc12_dn_medium_nmos_best.pt (scope=tsmc12, tech_code=0)
[NN-resolver] L73.0 Mal TECH=tsmc12 VT=svt -> tsmc12_dn_medium_nmos_best.pt (scope=tsmc12, tech_code=0)
[NN-resolver] L73.0 Mar TECH=tsmc12 VT=svt -> tsmc12_dn_medium_nmos_best.pt (scope=tsmc12, tech_code=0)
      force_ic state1: q=0.800 qb=0.116  resid=6.229e-05 thr=8.000e-03 (resid_ok=True rail_ok=False)  -> FAIL
[NN-resolver] L73.0 Mpl TECH=tsmc12 VT=svt -> tsmc12_dn_medium_pmos_best.pt (scope=tsmc12, tech_code=0)
[NN-resolver] L73.0 Mnl TECH=tsmc12 VT=svt -> tsmc12_dn_medium_nmos_best.pt (scope=tsmc12, tech_code=0)
[NN-resolver] L73.0 Mpr TECH=tsmc12 VT=svt -> tsmc12_dn_medium_pmos_best.pt (scope=tsmc12, tech_code=0)
[NN-resolver] L73.0 Mnr TECH=tsmc12 VT=svt -> tsmc12_dn_medium_nmos_best.pt (scope=tsmc12, tech_code=0)
[NN-resolver] L73.0 Mal TECH=tsmc12 VT=svt -> tsmc12_dn_medium_nmos_best.pt (scope=tsmc12, tech_code=0)
[NN-resolver] L73.0 Mar TECH=tsmc12 VT=svt -> tsmc12_dn_medium_nmos_best.pt (scope=tsmc12, tech_code=0)
      force_ic state0: q=0.116 qb=0.800  resid=6.229e-05 thr=8.000e-03 (resid_ok=True rail_ok=False)  -> FAIL

--- TSMC16 (VDD=0.8 VT=svt) ---
  NFIN=2:
    NGSPICE BSIM-CMG butterfly lobe ...
    DirectNet (LEVEL=73) butterfly lobe ...
[NN-resolver] L73.0 Mpl TECH=tsmc16 VT=svt -> tsmc16_dn_medium_pmos_best.pt (scope=tsmc16, tech_code=0)
[NN-resolver] L73.0 Mnl TECH=tsmc16 VT=svt -> tsmc16_dn_medium_nmos_best.pt (scope=tsmc16, tech_code=0)
[NN-resolver] L73.0 Mna TECH=tsmc16 VT=svt -> tsmc16_dn_medium_nmos_best.pt (scope=tsmc16, tech_code=0)
DC sweep plot saved to: /data2/home/shenshan/NN_SPICE-refactor-nn/tests/verify_complex_results/sram_snm/TSMC16/sram_TSMC16_nfin2_out/sram_TSMC16_2_dc_sweep.png
      NG SNM=235.5mV  DN SNM=237.8mV  SNMerr=1.0%  DN min(qb)=122.7mV  NRMSE=1.11%
  NFIN=5:
    NGSPICE BSIM-CMG butterfly lobe ...
    DirectNet (LEVEL=73) butterfly lobe ...
[NN-resolver] L73.0 Mpl TECH=tsmc16 VT=svt -> tsmc16_dn_medium_pmos_best.pt (scope=tsmc16, tech_code=0)
[NN-resolver] L73.0 Mnl TECH=tsmc16 VT=svt -> tsmc16_dn_medium_nmos_best.pt (scope=tsmc16, tech_code=0)
[NN-resolver] L73.0 Mna TECH=tsmc16 VT=svt -> tsmc16_dn_medium_nmos_best.pt (scope=tsmc16, tech_code=0)
DC sweep plot saved to: /data2/home/shenshan/NN_SPICE-refactor-nn/tests/verify_complex_results/sram_snm/TSMC16/sram_TSMC16_nfin5_out/sram_TSMC16_5_dc_sweep.png
      NG SNM=229.7mV  DN SNM=219.9mV  SNMerr=4.3%  DN min(qb)=121.0mV  NRMSE=1.76%
  NFIN=10:
    NGSPICE BSIM-CMG butterfly lobe ...
    DirectNet (LEVEL=73) butterfly lobe ...
[NN-resolver] L73.0 Mpl TECH=tsmc16 VT=svt -> tsmc16_dn_medium_pmos_best.pt (scope=tsmc16, tech_code=0)
[NN-resolver] L73.0 Mnl TECH=tsmc16 VT=svt -> tsmc16_dn_medium_nmos_best.pt (scope=tsmc16, tech_code=0)
[NN-resolver] L73.0 Mna TECH=tsmc16 VT=svt -> tsmc16_dn_medium_nmos_best.pt (scope=tsmc16, tech_code=0)
DC sweep plot saved to: /data2/home/shenshan/NN_SPICE-refactor-nn/tests/verify_complex_results/sram_snm/TSMC16/sram_TSMC16_nfin10_out/sram_TSMC16_10_dc_sweep.png
      NG SNM=228.7mV  DN SNM=340.2mV  SNMerr=48.8%  DN min(qb)=127.5mV  NRMSE=4.49%
    force_ic full-6T convergence probe ...
[NN-resolver] L73.0 Mpl TECH=tsmc16 VT=svt -> tsmc16_dn_medium_pmos_best.pt (scope=tsmc16, tech_code=0)
[NN-resolver] L73.0 Mnl TECH=tsmc16 VT=svt -> tsmc16_dn_medium_nmos_best.pt (scope=tsmc16, tech_code=0)
[NN-resolver] L73.0 Mpr TECH=tsmc16 VT=svt -> tsmc16_dn_medium_pmos_best.pt (scope=tsmc16, tech_code=0)
[NN-resolver] L73.0 Mnr TECH=tsmc16 VT=svt -> tsmc16_dn_medium_nmos_best.pt (scope=tsmc16, tech_code=0)
[NN-resolver] L73.0 Mal TECH=tsmc16 VT=svt -> tsmc16_dn_medium_nmos_best.pt (scope=tsmc16, tech_code=0)
[NN-resolver] L73.0 Mar TECH=tsmc16 VT=svt -> tsmc16_dn_medium_nmos_best.pt (scope=tsmc16, tech_code=0)
      force_ic state1: q=0.410 qb=0.410  resid=2.549e-06 thr=8.000e-03 (resid_ok=True rail_ok=False)  -> FAIL
[NN-resolver] L73.0 Mpl TECH=tsmc16 VT=svt -> tsmc16_dn_medium_pmos_best.pt (scope=tsmc16, tech_code=0)
[NN-resolver] L73.0 Mnl TECH=tsmc16 VT=svt -> tsmc16_dn_medium_nmos_best.pt (scope=tsmc16, tech_code=0)
[NN-resolver] L73.0 Mpr TECH=tsmc16 VT=svt -> tsmc16_dn_medium_pmos_best.pt (scope=tsmc16, tech_code=0)
[NN-resolver] L73.0 Mnr TECH=tsmc16 VT=svt -> tsmc16_dn_medium_nmos_best.pt (scope=tsmc16, tech_code=0)
[NN-resolver] L73.0 Mal TECH=tsmc16 VT=svt -> tsmc16_dn_medium_nmos_best.pt (scope=tsmc16, tech_code=0)
[NN-resolver] L73.0 Mar TECH=tsmc16 VT=svt -> tsmc16_dn_medium_nmos_best.pt (scope=tsmc16, tech_code=0)
      force_ic state0: q=0.410 qb=0.410  resid=2.549e-06 thr=8.000e-03 (resid_ok=True rail_ok=False)  -> FAIL

==============================================================================
SUMMARY — Benchmark 3c SRAM read SNM
==============================================================================
Tech     |  NFIN |  NG SNM mV |  DN SNM mV |  SNMerr% |  min(qb)mV |  Positive
------------------------------------------------------------------------------
TSMC5    |     2 |      189.2 |      173.8 |      8.2 |       97.5 |       yes
TSMC5    |     5 |      194.2 |      163.1 |     16.0 |       95.9 |       yes
TSMC5    |    10 |      196.1 |      248.0 |     26.5 |       94.1 |       yes
TSMC5    |   force_ic: state1=FAIL state0=FAIL  |  all-positive: yes
TSMC7    |     2 |      187.4 |      184.8 |      1.4 |      135.1 |       yes
TSMC7    |     5 |      184.8 |      264.9 |     43.4 |      127.1 |       yes
TSMC7    |    10 |      184.4 |      242.5 |     31.5 |      118.0 |       yes
TSMC7    |   force_ic: state1=FAIL state0=FAIL  |  all-positive: yes
TSMC12   |     2 |      239.1 |      226.1 |      5.4 |      120.9 |       yes
TSMC12   |     5 |      230.6 |      217.1 |      5.8 |      123.0 |       yes
TSMC12   |    10 |      226.9 |      217.5 |      4.1 |      122.4 |       yes
TSMC12   |   force_ic: state1=FAIL state0=FAIL  |  all-positive: yes
TSMC16   |     2 |      235.5 |      237.8 |      1.0 |      122.7 |       yes
TSMC16   |     5 |      229.7 |      219.9 |      4.3 |      121.0 |       yes
TSMC16   |    10 |      228.7 |      340.2 |     48.8 |      127.5 |       yes
TSMC16   |   force_ic: state1=FAIL state0=FAIL  |  all-positive: yes

  4/4 techs with all butterfly lobes positive

