==============================================================================
Benchmark 3d — switched-cap unit cell: DirectNet vs NGSPICE BSIM-CMG
  Gates: charge transfer +/-5% of VDD, hold droop |dn-ng| <= max(10% of NG droop, 0.1% of VDD)
==============================================================================

--- TSMC5 (VDD=0.65 VT=lvt) ---
  NGSPICE BSIM-CMG reference ...
    NGSPICE: charge level=0.2948V (Vin=0.39V)  hold droop=-0.000mV
  DirectNet (LEVEL=73) transient ...
[NN-resolver] L73.0 Mpc TECH=tsmc5 VT=lvt -> tsmc5_dn_medium_pmos_best.pt (scope=tsmc5, tech_code=1)
[NN-resolver] L73.0 Mnc TECH=tsmc5 VT=lvt -> tsmc5_dn_medium_nmos_best.pt (scope=tsmc5, tech_code=1)
[NN-resolver] L73.0 Mnt TECH=tsmc5 VT=lvt -> tsmc5_dn_medium_nmos_best.pt (scope=tsmc5, tech_code=1)
[NN-resolver] L73.0 Mpt TECH=tsmc5 VT=lvt -> tsmc5_dn_medium_pmos_best.pt (scope=tsmc5, tech_code=1)
    DirectNet: charge level=0.3736V  hold droop=-0.000mV
    waveform: MRE=20.89%  R2=0.5866  NRMSE=16.11%  MaxErr=105.33mV
    charge err=12.13% of VDD  droop |dn-ng|=0.000mV (0% of allowance 0.650mV)  ->  FAIL

--- TSMC7 (VDD=0.75 VT=ulvt) ---
  NGSPICE BSIM-CMG reference ...
    NGSPICE: charge level=0.4473V (Vin=0.45V)  hold droop=-0.000mV
  DirectNet (LEVEL=73) transient ...
[NN-resolver] L73.0 Mpc TECH=tsmc7 VT=ulvt -> tsmc7_dn_medium_pmos_best.pt (scope=tsmc7, tech_code=2)
[NN-resolver] L73.0 Mnc TECH=tsmc7 VT=ulvt -> tsmc7_dn_medium_nmos_best.pt (scope=tsmc7, tech_code=2)
[NN-resolver] L73.0 Mnt TECH=tsmc7 VT=ulvt -> tsmc7_dn_medium_nmos_best.pt (scope=tsmc7, tech_code=2)
[NN-resolver] L73.0 Mpt TECH=tsmc7 VT=ulvt -> tsmc7_dn_medium_pmos_best.pt (scope=tsmc7, tech_code=2)
    DirectNet: charge level=0.4324V  hold droop=-0.609mV
    waveform: MRE=2.53%  R2=0.9899  NRMSE=2.55%  MaxErr=29.39mV
    charge err=1.99% of VDD  droop |dn-ng|=0.609mV (81% of allowance 0.750mV)  ->  PASS

--- TSMC12 (VDD=0.8 VT=svt) ---
  NGSPICE BSIM-CMG reference ...
    NGSPICE: charge level=0.4200V (Vin=0.48V)  hold droop=-0.001mV
  DirectNet (LEVEL=73) transient ...
[NN-resolver] L73.0 Mpc TECH=tsmc12 VT=svt -> tsmc12_dn_medium_pmos_best.pt (scope=tsmc12, tech_code=0)
[NN-resolver] L73.0 Mnc TECH=tsmc12 VT=svt -> tsmc12_dn_medium_nmos_best.pt (scope=tsmc12, tech_code=0)
[NN-resolver] L73.0 Mnt TECH=tsmc12 VT=svt -> tsmc12_dn_medium_nmos_best.pt (scope=tsmc12, tech_code=0)
[NN-resolver] L73.0 Mpt TECH=tsmc12 VT=svt -> tsmc12_dn_medium_pmos_best.pt (scope=tsmc12, tech_code=0)
    DirectNet: charge level=0.3603V  hold droop=-0.439mV
    waveform: MRE=9.41%  R2=0.8919  NRMSE=8.63%  MaxErr=59.79mV
    charge err=7.46% of VDD  droop |dn-ng|=0.438mV (55% of allowance 0.800mV)  ->  FAIL

--- TSMC16 (VDD=0.8 VT=svt) ---
  NGSPICE BSIM-CMG reference ...
    NGSPICE: charge level=0.4048V (Vin=0.48V)  hold droop=-0.001mV
  DirectNet (LEVEL=73) transient ...
[NN-resolver] L73.0 Mpc TECH=tsmc16 VT=svt -> tsmc16_dn_medium_pmos_best.pt (scope=tsmc16, tech_code=0)
[NN-resolver] L73.0 Mnc TECH=tsmc16 VT=svt -> tsmc16_dn_medium_nmos_best.pt (scope=tsmc16, tech_code=0)
[NN-resolver] L73.0 Mnt TECH=tsmc16 VT=svt -> tsmc16_dn_medium_nmos_best.pt (scope=tsmc16, tech_code=0)
[NN-resolver] L73.0 Mpt TECH=tsmc16 VT=svt -> tsmc16_dn_medium_pmos_best.pt (scope=tsmc16, tech_code=0)
    DirectNet: charge level=0.3589V  hold droop=-5.761mV
    waveform: MRE=7.91%  R2=0.9286  NRMSE=6.96%  MaxErr=47.49mV
    charge err=5.74% of VDD  droop |dn-ng|=5.759mV (720% of allowance 0.800mV)  ->  FAIL

==============================================================================
SUMMARY — Benchmark 3d switched-cap unit cell
==============================================================================
Tech     |  NG chg V |  DN chg V |  ChgErr% |  Droop%alw |  NRMSE% |   Status
-----------------------------------------------------------------------------
TSMC5    |    0.2948 |    0.3736 |    12.13 |        0.0 |   16.11 |     FAIL
TSMC7    |    0.4473 |    0.4324 |     1.99 |       81.2 |    2.55 |     PASS
TSMC12   |    0.4200 |    0.3603 |     7.46 |       54.7 |    8.63 |     FAIL
TSMC16   |    0.4048 |    0.3589 |     5.74 |      719.9 |    6.96 |     FAIL

  1/4 passed both charge + droop gates

