==============================================================================
Benchmark 3d — switched-cap unit cell: DirectNet vs NGSPICE BSIM-CMG
  Gates: charge transfer +/-5% of VDD, hold droop +/-10%
==============================================================================

--- TSMC5 (VDD=0.65 VT=lvt) ---
  NGSPICE BSIM-CMG reference ...
    NGSPICE: charge level=0.2948V (Vin=0.39V)  hold droop=-0.000mV
  DirectNet (LEVEL=73) transient ...
[NN-resolver] L73.0 Mpc TECH=tsmc5 VT=lvt -> tsmc5_dn_medium_pmos_best.pt (scope=tsmc5, tech_code=1)
[NN-resolver] L73.0 Mnc TECH=tsmc5 VT=lvt -> tsmc5_dn_medium_nmos_best.pt (scope=tsmc5, tech_code=1)
[NN-resolver] L73.0 Mnt TECH=tsmc5 VT=lvt -> tsmc5_dn_medium_nmos_best.pt (scope=tsmc5, tech_code=1)
[NN-resolver] L73.0 Mpt TECH=tsmc5 VT=lvt -> tsmc5_dn_medium_pmos_best.pt (scope=tsmc5, tech_code=1)
    DirectNet: charge level=0.3902V  hold droop=0.000mV
    waveform: MRE=50.61%  R2=-1.0804  NRMSE=36.13%  MaxErr=390.01mV
    charge err=14.68% of VDD  droop err=nan%  ->  FAIL

--- TSMC7 (VDD=0.75 VT=ulvt) ---
  NGSPICE BSIM-CMG reference ...
    NGSPICE: charge level=0.4473V (Vin=0.45V)  hold droop=-0.000mV
  DirectNet (LEVEL=73) transient ...
[NN-resolver] L73.0 Mpc TECH=tsmc7 VT=ulvt -> tsmc7_dn_medium_pmos_best.pt (scope=tsmc7, tech_code=2)
[NN-resolver] L73.0 Mnc TECH=tsmc7 VT=ulvt -> tsmc7_dn_medium_nmos_best.pt (scope=tsmc7, tech_code=2)
[NN-resolver] L73.0 Mnt TECH=tsmc7 VT=ulvt -> tsmc7_dn_medium_nmos_best.pt (scope=tsmc7, tech_code=2)
[NN-resolver] L73.0 Mpt TECH=tsmc7 VT=ulvt -> tsmc7_dn_medium_pmos_best.pt (scope=tsmc7, tech_code=2)
    DirectNet: charge level=0.4502V  hold droop=-0.000mV
    waveform: MRE=23.08%  R2=-0.1250  NRMSE=26.95%  MaxErr=450.00mV
    charge err=0.38% of VDD  droop err=nan%  ->  PASS

--- TSMC12 (VDD=0.8 VT=svt) ---
  NGSPICE BSIM-CMG reference ...
    NGSPICE: charge level=0.4200V (Vin=0.48V)  hold droop=-0.001mV
  DirectNet (LEVEL=73) transient ...
[NN-resolver] L73.0 Mpc TECH=tsmc12 VT=svt -> tsmc12_dn_medium_pmos_best.pt (scope=tsmc12, tech_code=0)
[NN-resolver] L73.0 Mnc TECH=tsmc12 VT=svt -> tsmc12_dn_medium_nmos_best.pt (scope=tsmc12, tech_code=0)
[NN-resolver] L73.0 Mnt TECH=tsmc12 VT=svt -> tsmc12_dn_medium_nmos_best.pt (scope=tsmc12, tech_code=0)
[NN-resolver] L73.0 Mpt TECH=tsmc12 VT=svt -> tsmc12_dn_medium_pmos_best.pt (scope=tsmc12, tech_code=0)
    DirectNet: charge level=0.4866V  hold droop=0.026mV
    waveform: MRE=34.07%  R2=-0.4358  NRMSE=31.43%  MaxErr=493.32mV
    charge err=8.33% of VDD  droop err=2325.7%  ->  FAIL

--- TSMC16 (VDD=0.8 VT=svt) ---
  NGSPICE BSIM-CMG reference ...
    NGSPICE: charge level=0.4048V (Vin=0.48V)  hold droop=-0.001mV
  DirectNet (LEVEL=73) transient ...
[NN-resolver] L73.0 Mpc TECH=tsmc16 VT=svt -> tsmc16_dn_medium_pmos_best.pt (scope=tsmc16, tech_code=0)
[NN-resolver] L73.0 Mnc TECH=tsmc16 VT=svt -> tsmc16_dn_medium_nmos_best.pt (scope=tsmc16, tech_code=0)
[NN-resolver] L73.0 Mnt TECH=tsmc16 VT=svt -> tsmc16_dn_medium_nmos_best.pt (scope=tsmc16, tech_code=0)
[NN-resolver] L73.0 Mpt TECH=tsmc16 VT=svt -> tsmc16_dn_medium_pmos_best.pt (scope=tsmc16, tech_code=0)
    DirectNet: charge level=0.5098V  hold droop=0.002mV
    waveform: MRE=53.00%  R2=-2.0132  NRMSE=45.22%  MaxErr=701.81mV
    charge err=13.13% of VDD  droop err=241.3%  ->  FAIL

==============================================================================
SUMMARY — Benchmark 3d switched-cap unit cell
==============================================================================
Tech     |  NG chg V |  DN chg V |  ChgErr% |  DroopErr% |  NRMSE% |   Status
-----------------------------------------------------------------------------
TSMC5    |    0.2948 |    0.3902 |    14.68 |        nan |   36.13 |     FAIL
TSMC7    |    0.4473 |    0.4502 |     0.38 |        nan |   26.95 |     PASS
TSMC12   |    0.4200 |    0.4866 |     8.33 |     2325.7 |   31.43 |     FAIL
TSMC16   |    0.4048 |    0.5098 |    13.13 |      241.3 |   45.22 |     FAIL

  1/4 passed both charge + droop gates

