======================================================================
  V6.3.2 — NN single-device parametric DC verification
======================================================================
  Techs:   ['TSMC5', 'TSMC7', 'TSMC12', 'TSMC16']
  Devices: ['nmos', 'pmos']
  DC acceptance: NRMSE < 10%

======================================================================
  TSMC5 — nmos
======================================================================
[NN-resolver] L73.0 Mn1 TECH=tsmc5 VT=lvt -> tsmc5_dn_medium_nmos_best.pt (scope=tsmc5, tech_code=1)
DC sweep plot saved to: /data2/home/shenshan/NN_SPICE-refactor-nn/tests/verify_nn_multi_tech_dc_results/TSMC5/nmos_baseline/directnet_v4_dc_TSMC5/directnet_v4_nmos_TSMC5_dc_sweep.png
  TSMC5_nmos_baseline                 NRMSE=  2.33%  MRE= 11.27%  R2= 0.99359  MaxErr=4.372e-06  PASS
[NN-resolver] L73.0 Mn1 TECH=tsmc5 VT=lvt -> tsmc5_dn_medium_nmos_best.pt (scope=tsmc5, tech_code=1)
DC sweep plot saved to: /data2/home/shenshan/NN_SPICE-refactor-nn/tests/verify_nn_multi_tech_dc_results/TSMC5/nmos_l_20nm/directnet_v4_dc_TSMC5_l20/directnet_v4_nmos_TSMC5_l20_dc_sweep.png
  TSMC5_nmos_l_20nm                   NRMSE=  0.08%  MRE=  0.51%  R2= 0.99999  MaxErr=1.678e-07  PASS
[NN-resolver] L73.0 Mn1 TECH=tsmc5 VT=lvt -> tsmc5_dn_medium_nmos_best.pt (scope=tsmc5, tech_code=1)
DC sweep plot saved to: /data2/home/shenshan/NN_SPICE-refactor-nn/tests/verify_nn_multi_tech_dc_results/TSMC5/nmos_l_24nm/directnet_v4_dc_TSMC5_l24/directnet_v4_nmos_TSMC5_l24_dc_sweep.png
  TSMC5_nmos_l_24nm                   NRMSE=  2.17%  MRE= 13.04%  R2= 0.99428  MaxErr=2.678e-06  PASS
[NN-resolver] L73.0 Mn1 TECH=tsmc5 VT=lvt -> tsmc5_dn_medium_nmos_best.pt (scope=tsmc5, tech_code=1)
DC sweep plot saved to: /data2/home/shenshan/NN_SPICE-refactor-nn/tests/verify_nn_multi_tech_dc_results/TSMC5/nmos_nfin_5/directnet_v4_dc_TSMC5_nfin5/directnet_v4_nmos_TSMC5_nfin5_dc_sweep.png
  TSMC5_nmos_nfin_5                   NRMSE=  1.65%  MRE= 16.46%  R2= 0.99673  MaxErr=4.910e-06  PASS
[NN-resolver] L73.0 Mn1 TECH=tsmc5 VT=lvt -> tsmc5_dn_medium_nmos_best.pt (scope=tsmc5, tech_code=1)
DC sweep plot saved to: /data2/home/shenshan/NN_SPICE-refactor-nn/tests/verify_nn_multi_tech_dc_results/TSMC5/nmos_nfin_10/directnet_v4_dc_TSMC5_nfin10/directnet_v4_nmos_TSMC5_nfin10_dc_sweep.png
  TSMC5_nmos_nfin_10                  NRMSE=  0.77%  MRE=  4.93%  R2= 0.99928  MaxErr=7.572e-06  PASS
[NN-resolver] L73.0 Mn1 TECH=tsmc5 VT=ulvt -> tsmc5_dn_medium_nmos_best.pt (scope=tsmc5, tech_code=2)
DC sweep plot saved to: /data2/home/shenshan/NN_SPICE-refactor-nn/tests/verify_nn_multi_tech_dc_results/TSMC5/nmos_vt_ulvt/directnet_v4_dc_TSMC5_vtulvt/directnet_v4_nmos_TSMC5_vtulvt_dc_sweep.png
  TSMC5_nmos_vt_ulvt                  NRMSE=  2.26%  MRE=  5.27%  R2= 0.99481  MaxErr=5.496e-06  PASS
[NN-resolver] L73.0 Mn1 TECH=tsmc5 VT=elvt -> tsmc5_dn_medium_nmos_best.pt (scope=tsmc5, tech_code=3)
DC sweep plot saved to: /data2/home/shenshan/NN_SPICE-refactor-nn/tests/verify_nn_multi_tech_dc_results/TSMC5/nmos_vt_elvt/directnet_v4_dc_TSMC5_vtelvt/directnet_v4_nmos_TSMC5_vtelvt_dc_sweep.png
  TSMC5_nmos_vt_elvt                  NRMSE=  2.47%  MRE=  8.26%  R2= 0.99406  MaxErr=7.205e-06  PASS

======================================================================
  TSMC7 — nmos
======================================================================
[NN-resolver] L73.0 Mn1 TECH=tsmc7 VT=ulvt -> tsmc7_dn_medium_nmos_best.pt (scope=tsmc7, tech_code=2)
DC sweep plot saved to: /data2/home/shenshan/NN_SPICE-refactor-nn/tests/verify_nn_multi_tech_dc_results/TSMC7/nmos_baseline/directnet_v4_dc_TSMC7/directnet_v4_nmos_TSMC7_dc_sweep.png
  TSMC7_nmos_baseline                 NRMSE=  4.69%  MRE= 15.22%  R2= 0.97841  MaxErr=1.308e-05  PASS
[NN-resolver] L73.0 Mn1 TECH=tsmc7 VT=ulvt -> tsmc7_dn_medium_nmos_best.pt (scope=tsmc7, tech_code=2)
DC sweep plot saved to: /data2/home/shenshan/NN_SPICE-refactor-nn/tests/verify_nn_multi_tech_dc_results/TSMC7/nmos_l_20nm/directnet_v4_dc_TSMC7_l20/directnet_v4_nmos_TSMC7_l20_dc_sweep.png
  TSMC7_nmos_l_20nm                   NRMSE=  0.06%  MRE=  0.85%  R2= 1.00000  MaxErr=1.373e-07  PASS
[NN-resolver] L73.0 Mn1 TECH=tsmc7 VT=ulvt -> tsmc7_dn_medium_nmos_best.pt (scope=tsmc7, tech_code=2)
DC sweep plot saved to: /data2/home/shenshan/NN_SPICE-refactor-nn/tests/verify_nn_multi_tech_dc_results/TSMC7/nmos_l_24nm/directnet_v4_dc_TSMC7_l24/directnet_v4_nmos_TSMC7_l24_dc_sweep.png
  TSMC7_nmos_l_24nm                   NRMSE=  0.24%  MRE=  1.57%  R2= 0.99994  MaxErr=4.438e-07  PASS
[NN-resolver] L73.0 Mn1 TECH=tsmc7 VT=ulvt -> tsmc7_dn_medium_nmos_best.pt (scope=tsmc7, tech_code=2)
DC sweep plot saved to: /data2/home/shenshan/NN_SPICE-refactor-nn/tests/verify_nn_multi_tech_dc_results/TSMC7/nmos_nfin_5/directnet_v4_dc_TSMC7_nfin5/directnet_v4_nmos_TSMC7_nfin5_dc_sweep.png
  TSMC7_nmos_nfin_5                   NRMSE=  2.79%  MRE=  9.43%  R2= 0.99254  MaxErr=1.302e-05  PASS
[NN-resolver] L73.0 Mn1 TECH=tsmc7 VT=ulvt -> tsmc7_dn_medium_nmos_best.pt (scope=tsmc7, tech_code=2)
DC sweep plot saved to: /data2/home/shenshan/NN_SPICE-refactor-nn/tests/verify_nn_multi_tech_dc_results/TSMC7/nmos_nfin_10/directnet_v4_dc_TSMC7_nfin10/directnet_v4_nmos_TSMC7_nfin10_dc_sweep.png
  TSMC7_nmos_nfin_10                  NRMSE=  3.45%  MRE= 13.82%  R2= 0.98866  MaxErr=3.334e-05  PASS

======================================================================
  TSMC12 — nmos
======================================================================
[NN-resolver] L73.0 Mn1 TECH=tsmc12 VT=svt -> tsmc12_dn_medium_nmos_best.pt (scope=tsmc12, tech_code=0)
DC sweep plot saved to: /data2/home/shenshan/NN_SPICE-refactor-nn/tests/verify_nn_multi_tech_dc_results/TSMC12/nmos_baseline/directnet_v4_dc_TSMC12/directnet_v4_nmos_TSMC12_dc_sweep.png
  TSMC12_nmos_baseline                NRMSE=  0.05%  MRE=  0.32%  R2= 1.00000  MaxErr=1.131e-07  PASS
[NN-resolver] L73.0 Mn1 TECH=tsmc12 VT=svt -> tsmc12_dn_medium_nmos_best.pt (scope=tsmc12, tech_code=0)
DC sweep plot saved to: /data2/home/shenshan/NN_SPICE-refactor-nn/tests/verify_nn_multi_tech_dc_results/TSMC12/nmos_l_20nm/directnet_v4_dc_TSMC12_l20/directnet_v4_nmos_TSMC12_l20_dc_sweep.png
  TSMC12_nmos_l_20nm                  NRMSE=  0.06%  MRE=  0.28%  R2= 1.00000  MaxErr=1.313e-07  PASS
[NN-resolver] L73.0 Mn1 TECH=tsmc12 VT=svt -> tsmc12_dn_medium_nmos_best.pt (scope=tsmc12, tech_code=0)
DC sweep plot saved to: /data2/home/shenshan/NN_SPICE-refactor-nn/tests/verify_nn_multi_tech_dc_results/TSMC12/nmos_l_24nm/directnet_v4_dc_TSMC12_l24/directnet_v4_nmos_TSMC12_l24_dc_sweep.png
  TSMC12_nmos_l_24nm                  NRMSE=  0.36%  MRE=  2.50%  R2= 0.99985  MaxErr=7.456e-07  PASS
[NN-resolver] L73.0 Mn1 TECH=tsmc12 VT=svt -> tsmc12_dn_medium_nmos_best.pt (scope=tsmc12, tech_code=0)
DC sweep plot saved to: /data2/home/shenshan/NN_SPICE-refactor-nn/tests/verify_nn_multi_tech_dc_results/TSMC12/nmos_nfin_5/directnet_v4_dc_TSMC12_nfin5/directnet_v4_nmos_TSMC12_nfin5_dc_sweep.png
  TSMC12_nmos_nfin_5                  NRMSE=  0.96%  MRE=  2.40%  R2= 0.99900  MaxErr=6.042e-06  PASS
[NN-resolver] L73.0 Mn1 TECH=tsmc12 VT=svt -> tsmc12_dn_medium_nmos_best.pt (scope=tsmc12, tech_code=0)
DC sweep plot saved to: /data2/home/shenshan/NN_SPICE-refactor-nn/tests/verify_nn_multi_tech_dc_results/TSMC12/nmos_nfin_10/directnet_v4_dc_TSMC12_nfin10/directnet_v4_nmos_TSMC12_nfin10_dc_sweep.png
  TSMC12_nmos_nfin_10                 NRMSE=  4.21%  MRE=  8.17%  R2= 0.98091  MaxErr=5.901e-05  PASS
[NN-resolver] L73.0 Mn1 TECH=tsmc12 VT=lvt -> tsmc12_dn_medium_nmos_best.pt (scope=tsmc12, tech_code=1)
DC sweep plot saved to: /data2/home/shenshan/NN_SPICE-refactor-nn/tests/verify_nn_multi_tech_dc_results/TSMC12/nmos_vt_lvt/directnet_v4_dc_TSMC12_vtlvt/directnet_v4_nmos_TSMC12_vtlvt_dc_sweep.png
  TSMC12_nmos_vt_lvt                  NRMSE=  0.03%  MRE=  0.48%  R2= 1.00000  MaxErr=7.722e-08  PASS
[NN-resolver] L73.0 Mn1 TECH=tsmc12 VT=hvt -> tsmc12_dn_medium_nmos_best.pt (scope=tsmc12, tech_code=3)
DC sweep plot saved to: /data2/home/shenshan/NN_SPICE-refactor-nn/tests/verify_nn_multi_tech_dc_results/TSMC12/nmos_vt_hvt/directnet_v4_dc_TSMC12_vthvt/directnet_v4_nmos_TSMC12_vthvt_dc_sweep.png
  TSMC12_nmos_vt_hvt                  NRMSE=  0.04%  MRE=  0.24%  R2= 1.00000  MaxErr=8.918e-08  PASS
[NN-resolver] L73.0 Mn1 TECH=tsmc12 VT=ulvt -> tsmc12_dn_medium_nmos_best.pt (scope=tsmc12, tech_code=2)
DC sweep plot saved to: /data2/home/shenshan/NN_SPICE-refactor-nn/tests/verify_nn_multi_tech_dc_results/TSMC12/nmos_vt_ulvt/directnet_v4_dc_TSMC12_vtulvt/directnet_v4_nmos_TSMC12_vtulvt_dc_sweep.png
  TSMC12_nmos_vt_ulvt                 NRMSE=  0.07%  MRE=  1.29%  R2= 0.99999  MaxErr=2.611e-07  PASS
[NN-resolver] L73.0 Mn1 TECH=tsmc12 VT=lnvt -> tsmc12_dn_medium_nmos_best.pt (scope=tsmc12, tech_code=4)
DC sweep plot saved to: /data2/home/shenshan/NN_SPICE-refactor-nn/tests/verify_nn_multi_tech_dc_results/TSMC12/nmos_vt_lnvt/directnet_v4_dc_TSMC12_vtlnvt/directnet_v4_nmos_TSMC12_vtlnvt_dc_sweep.png
  TSMC12_nmos_vt_lnvt                 NRMSE=  0.07%  MRE=  1.28%  R2= 0.99999  MaxErr=2.211e-07  PASS

======================================================================
  TSMC16 — nmos
======================================================================
[NN-resolver] L73.0 Mn1 TECH=tsmc16 VT=svt -> tsmc16_dn_medium_nmos_best.pt (scope=tsmc16, tech_code=0)
DC sweep plot saved to: /data2/home/shenshan/NN_SPICE-refactor-nn/tests/verify_nn_multi_tech_dc_results/TSMC16/nmos_baseline/directnet_v4_dc_TSMC16/directnet_v4_nmos_TSMC16_dc_sweep.png
  TSMC16_nmos_baseline                NRMSE=  0.08%  MRE=  0.51%  R2= 0.99999  MaxErr=1.236e-07  PASS
[NN-resolver] L73.0 Mn1 TECH=tsmc16 VT=svt -> tsmc16_dn_medium_nmos_best.pt (scope=tsmc16, tech_code=0)
DC sweep plot saved to: /data2/home/shenshan/NN_SPICE-refactor-nn/tests/verify_nn_multi_tech_dc_results/TSMC16/nmos_l_20nm/directnet_v4_dc_TSMC16_l20/directnet_v4_nmos_TSMC16_l20_dc_sweep.png
  TSMC16_nmos_l_20nm                  NRMSE=  0.02%  MRE=  0.25%  R2= 1.00000  MaxErr=4.931e-08  PASS
[NN-resolver] L73.0 Mn1 TECH=tsmc16 VT=svt -> tsmc16_dn_medium_nmos_best.pt (scope=tsmc16, tech_code=0)
DC sweep plot saved to: /data2/home/shenshan/NN_SPICE-refactor-nn/tests/verify_nn_multi_tech_dc_results/TSMC16/nmos_nfin_5/directnet_v4_dc_TSMC16_nfin5/directnet_v4_nmos_TSMC16_nfin5_dc_sweep.png
  TSMC16_nmos_nfin_5                  NRMSE=  0.44%  MRE=  1.57%  R2= 0.99979  MaxErr=3.601e-06  PASS
[NN-resolver] L73.0 Mn1 TECH=tsmc16 VT=svt -> tsmc16_dn_medium_nmos_best.pt (scope=tsmc16, tech_code=0)
DC sweep plot saved to: /data2/home/shenshan/NN_SPICE-refactor-nn/tests/verify_nn_multi_tech_dc_results/TSMC16/nmos_nfin_10/directnet_v4_dc_TSMC16_nfin10/directnet_v4_nmos_TSMC16_nfin10_dc_sweep.png
  TSMC16_nmos_nfin_10                 NRMSE=  4.01%  MRE= 11.70%  R2= 0.98237  MaxErr=5.277e-05  PASS
[NN-resolver] L73.0 Mn1 TECH=tsmc16 VT=lvt -> tsmc16_dn_medium_nmos_best.pt (scope=tsmc16, tech_code=1)
DC sweep plot saved to: /data2/home/shenshan/NN_SPICE-refactor-nn/tests/verify_nn_multi_tech_dc_results/TSMC16/nmos_vt_lvt/directnet_v4_dc_TSMC16_vtlvt/directnet_v4_nmos_TSMC16_vtlvt_dc_sweep.png
  TSMC16_nmos_vt_lvt                  NRMSE=  0.07%  MRE=  0.96%  R2= 1.00000  MaxErr=1.611e-07  PASS
[NN-resolver] L73.0 Mn1 TECH=tsmc16 VT=hvt -> tsmc16_dn_medium_nmos_best.pt (scope=tsmc16, tech_code=3)
DC sweep plot saved to: /data2/home/shenshan/NN_SPICE-refactor-nn/tests/verify_nn_multi_tech_dc_results/TSMC16/nmos_vt_hvt/directnet_v4_dc_TSMC16_vthvt/directnet_v4_nmos_TSMC16_vthvt_dc_sweep.png
  TSMC16_nmos_vt_hvt                  NRMSE=  0.04%  MRE=  0.37%  R2= 1.00000  MaxErr=1.039e-07  PASS
[NN-resolver] L73.0 Mn1 TECH=tsmc16 VT=ulvt -> tsmc16_dn_medium_nmos_best.pt (scope=tsmc16, tech_code=2)
DC sweep plot saved to: /data2/home/shenshan/NN_SPICE-refactor-nn/tests/verify_nn_multi_tech_dc_results/TSMC16/nmos_vt_ulvt/directnet_v4_dc_TSMC16_vtulvt/directnet_v4_nmos_TSMC16_vtulvt_dc_sweep.png
  TSMC16_nmos_vt_ulvt                 NRMSE=  0.09%  MRE=  1.33%  R2= 0.99999  MaxErr=2.500e-07  PASS

======================================================================
  TSMC5 — pmos
======================================================================
[NN-resolver] L73.0 Mp1 TECH=tsmc5 VT=lvt -> tsmc5_dn_medium_pmos_best.pt (scope=tsmc5, tech_code=1)
DC sweep plot saved to: /data2/home/shenshan/NN_SPICE-refactor-nn/tests/verify_nn_multi_tech_dc_results/TSMC5/pmos_baseline/directnet_v4_pmos_dc_TSMC5/directnet_v4_pmos_TSMC5_dc_sweep.png
  TSMC5_pmos_baseline                 NRMSE=  0.20%  MRE=  1.01%  R2= 0.99995  MaxErr=1.945e-07  PASS
[NN-resolver] L73.0 Mp1 TECH=tsmc5 VT=lvt -> tsmc5_dn_medium_pmos_best.pt (scope=tsmc5, tech_code=1)
DC sweep plot saved to: /data2/home/shenshan/NN_SPICE-refactor-nn/tests/verify_nn_multi_tech_dc_results/TSMC5/pmos_l_16nm/directnet_v4_pmos_dc_TSMC5_l16/directnet_v4_pmos_TSMC5_l16_dc_sweep.png
  TSMC5_pmos_l_16nm                   NRMSE=  3.48%  MRE= 10.48%  R2= 0.98474  MaxErr=5.878e-06  PASS
[NN-resolver] L73.0 Mp1 TECH=tsmc5 VT=lvt -> tsmc5_dn_medium_pmos_best.pt (scope=tsmc5, tech_code=1)
DC sweep plot saved to: /data2/home/shenshan/NN_SPICE-refactor-nn/tests/verify_nn_multi_tech_dc_results/TSMC5/pmos_l_24nm/directnet_v4_pmos_dc_TSMC5_l24/directnet_v4_pmos_TSMC5_l24_dc_sweep.png
  TSMC5_pmos_l_24nm                   NRMSE=  2.74%  MRE= 14.23%  R2= 0.99000  MaxErr=3.219e-06  PASS
[NN-resolver] L73.0 Mp1 TECH=tsmc5 VT=lvt -> tsmc5_dn_medium_pmos_best.pt (scope=tsmc5, tech_code=1)
DC sweep plot saved to: /data2/home/shenshan/NN_SPICE-refactor-nn/tests/verify_nn_multi_tech_dc_results/TSMC5/pmos_nfin_5/directnet_v4_pmos_dc_TSMC5_nfin5/directnet_v4_pmos_TSMC5_nfin5_dc_sweep.png
  TSMC5_pmos_nfin_5                   NRMSE=  1.62%  MRE=  5.78%  R2= 0.99630  MaxErr=5.864e-06  PASS
[NN-resolver] L73.0 Mp1 TECH=tsmc5 VT=lvt -> tsmc5_dn_medium_pmos_best.pt (scope=tsmc5, tech_code=1)
DC sweep plot saved to: /data2/home/shenshan/NN_SPICE-refactor-nn/tests/verify_nn_multi_tech_dc_results/TSMC5/pmos_nfin_10/directnet_v4_pmos_dc_TSMC5_nfin10/directnet_v4_pmos_TSMC5_nfin10_dc_sweep.png
  TSMC5_pmos_nfin_10                  NRMSE=  0.80%  MRE=  9.08%  R2= 0.99908  MaxErr=6.441e-06  PASS
[NN-resolver] L73.0 Mp1 TECH=tsmc5 VT=ulvt -> tsmc5_dn_medium_pmos_best.pt (scope=tsmc5, tech_code=2)
DC sweep plot saved to: /data2/home/shenshan/NN_SPICE-refactor-nn/tests/verify_nn_multi_tech_dc_results/TSMC5/pmos_vt_ulvt/directnet_v4_pmos_dc_TSMC5_vtulvt/directnet_v4_pmos_TSMC5_vtulvt_dc_sweep.png
  TSMC5_pmos_vt_ulvt                  NRMSE=  0.07%  MRE=  0.86%  R2= 0.99999  MaxErr=1.688e-07  PASS
[NN-resolver] L73.0 Mp1 TECH=tsmc5 VT=elvt -> tsmc5_dn_medium_pmos_best.pt (scope=tsmc5, tech_code=3)
DC sweep plot saved to: /data2/home/shenshan/NN_SPICE-refactor-nn/tests/verify_nn_multi_tech_dc_results/TSMC5/pmos_vt_elvt/directnet_v4_pmos_dc_TSMC5_vtelvt/directnet_v4_pmos_TSMC5_vtelvt_dc_sweep.png
  TSMC5_pmos_vt_elvt                  NRMSE=  0.06%  MRE=  0.71%  R2= 1.00000  MaxErr=1.210e-07  PASS

======================================================================
  TSMC7 — pmos
======================================================================
[NN-resolver] L73.0 Mp1 TECH=tsmc7 VT=ulvt -> tsmc7_dn_medium_pmos_best.pt (scope=tsmc7, tech_code=2)
DC sweep plot saved to: /data2/home/shenshan/NN_SPICE-refactor-nn/tests/verify_nn_multi_tech_dc_results/TSMC7/pmos_baseline/directnet_v4_pmos_dc_TSMC7/directnet_v4_pmos_TSMC7_dc_sweep.png
  TSMC7_pmos_baseline                 NRMSE=  0.12%  MRE=  1.32%  R2= 0.99999  MaxErr=3.733e-07  PASS
[NN-resolver] L73.0 Mp1 TECH=tsmc7 VT=ulvt -> tsmc7_dn_medium_pmos_best.pt (scope=tsmc7, tech_code=2)
DC sweep plot saved to: /data2/home/shenshan/NN_SPICE-refactor-nn/tests/verify_nn_multi_tech_dc_results/TSMC7/pmos_l_24nm/directnet_v4_pmos_dc_TSMC7_l24/directnet_v4_pmos_TSMC7_l24_dc_sweep.png
  TSMC7_pmos_l_24nm                   NRMSE=  0.99%  MRE=  3.57%  R2= 0.99901  MaxErr=2.047e-06  PASS
[NN-resolver] L73.0 Mp1 TECH=tsmc7 VT=ulvt -> tsmc7_dn_medium_pmos_best.pt (scope=tsmc7, tech_code=2)
DC sweep plot saved to: /data2/home/shenshan/NN_SPICE-refactor-nn/tests/verify_nn_multi_tech_dc_results/TSMC7/pmos_nfin_5/directnet_v4_pmos_dc_TSMC7_nfin5/directnet_v4_pmos_TSMC7_nfin5_dc_sweep.png
  TSMC7_pmos_nfin_5                   NRMSE=  1.12%  MRE=  2.50%  R2= 0.99876  MaxErr=4.942e-06  PASS
[NN-resolver] L73.0 Mp1 TECH=tsmc7 VT=ulvt -> tsmc7_dn_medium_pmos_best.pt (scope=tsmc7, tech_code=2)
DC sweep plot saved to: /data2/home/shenshan/NN_SPICE-refactor-nn/tests/verify_nn_multi_tech_dc_results/TSMC7/pmos_nfin_10/directnet_v4_pmos_dc_TSMC7_nfin10/directnet_v4_pmos_TSMC7_nfin10_dc_sweep.png
  TSMC7_pmos_nfin_10                  NRMSE=  0.29%  MRE=  1.28%  R2= 0.99992  MaxErr=3.525e-06  PASS

======================================================================
  TSMC12 — pmos
======================================================================
[NN-resolver] L73.0 Mp1 TECH=tsmc12 VT=svt -> tsmc12_dn_medium_pmos_best.pt (scope=tsmc12, tech_code=0)
DC sweep plot saved to: /data2/home/shenshan/NN_SPICE-refactor-nn/tests/verify_nn_multi_tech_dc_results/TSMC12/pmos_baseline/directnet_v4_pmos_dc_TSMC12/directnet_v4_pmos_TSMC12_dc_sweep.png
  TSMC12_pmos_baseline                NRMSE=  0.05%  MRE=  0.82%  R2= 1.00000  MaxErr=9.012e-08  PASS
[NN-resolver] L73.0 Mp1 TECH=tsmc12 VT=svt -> tsmc12_dn_medium_pmos_best.pt (scope=tsmc12, tech_code=0)
DC sweep plot saved to: /data2/home/shenshan/NN_SPICE-refactor-nn/tests/verify_nn_multi_tech_dc_results/TSMC12/pmos_l_16nm/directnet_v4_pmos_dc_TSMC12_l16/directnet_v4_pmos_TSMC12_l16_dc_sweep.png
  TSMC12_pmos_l_16nm                  NRMSE=  0.13%  MRE=  0.51%  R2= 0.99998  MaxErr=2.397e-07  PASS
[NN-resolver] L73.0 Mp1 TECH=tsmc12 VT=svt -> tsmc12_dn_medium_pmos_best.pt (scope=tsmc12, tech_code=0)
DC sweep plot saved to: /data2/home/shenshan/NN_SPICE-refactor-nn/tests/verify_nn_multi_tech_dc_results/TSMC12/pmos_l_24nm/directnet_v4_pmos_dc_TSMC12_l24/directnet_v4_pmos_TSMC12_l24_dc_sweep.png
  TSMC12_pmos_l_24nm                  NRMSE=  0.51%  MRE=  4.50%  R2= 0.99971  MaxErr=7.063e-07  PASS
[NN-resolver] L73.0 Mp1 TECH=tsmc12 VT=svt -> tsmc12_dn_medium_pmos_best.pt (scope=tsmc12, tech_code=0)
DC sweep plot saved to: /data2/home/shenshan/NN_SPICE-refactor-nn/tests/verify_nn_multi_tech_dc_results/TSMC12/pmos_nfin_5/directnet_v4_pmos_dc_TSMC12_nfin5/directnet_v4_pmos_TSMC12_nfin5_dc_sweep.png
  TSMC12_pmos_nfin_5                  NRMSE=  2.29%  MRE=  7.83%  R2= 0.99410  MaxErr=1.381e-05  PASS
[NN-resolver] L73.0 Mp1 TECH=tsmc12 VT=svt -> tsmc12_dn_medium_pmos_best.pt (scope=tsmc12, tech_code=0)
DC sweep plot saved to: /data2/home/shenshan/NN_SPICE-refactor-nn/tests/verify_nn_multi_tech_dc_results/TSMC12/pmos_nfin_10/directnet_v4_pmos_dc_TSMC12_nfin10/directnet_v4_pmos_TSMC12_nfin10_dc_sweep.png
  TSMC12_pmos_nfin_10                 NRMSE=  8.61%  MRE= 26.89%  R2= 0.91644  MaxErr=1.043e-04  PASS
[NN-resolver] L73.0 Mp1 TECH=tsmc12 VT=lvt -> tsmc12_dn_medium_pmos_best.pt (scope=tsmc12, tech_code=1)
DC sweep plot saved to: /data2/home/shenshan/NN_SPICE-refactor-nn/tests/verify_nn_multi_tech_dc_results/TSMC12/pmos_vt_lvt/directnet_v4_pmos_dc_TSMC12_vtlvt/directnet_v4_pmos_TSMC12_vtlvt_dc_sweep.png
  TSMC12_pmos_vt_lvt                  NRMSE=  0.06%  MRE=  1.03%  R2= 1.00000  MaxErr=1.536e-07  PASS
[NN-resolver] L73.0 Mp1 TECH=tsmc12 VT=hvt -> tsmc12_dn_medium_pmos_best.pt (scope=tsmc12, tech_code=3)
DC sweep plot saved to: /data2/home/shenshan/NN_SPICE-refactor-nn/tests/verify_nn_multi_tech_dc_results/TSMC12/pmos_vt_hvt/directnet_v4_pmos_dc_TSMC12_vthvt/directnet_v4_pmos_TSMC12_vthvt_dc_sweep.png
  TSMC12_pmos_vt_hvt                  NRMSE=  0.10%  MRE=  0.52%  R2= 0.99999  MaxErr=1.410e-07  PASS
[NN-resolver] L73.0 Mp1 TECH=tsmc12 VT=ulvt -> tsmc12_dn_medium_pmos_best.pt (scope=tsmc12, tech_code=2)
DC sweep plot saved to: /data2/home/shenshan/NN_SPICE-refactor-nn/tests/verify_nn_multi_tech_dc_results/TSMC12/pmos_vt_ulvt/directnet_v4_pmos_dc_TSMC12_vtulvt/directnet_v4_pmos_TSMC12_vtulvt_dc_sweep.png
  TSMC12_pmos_vt_ulvt                 NRMSE=  0.10%  MRE=  1.64%  R2= 0.99999  MaxErr=2.762e-07  PASS
[NN-resolver] L73.0 Mp1 TECH=tsmc12 VT=lnvt -> tsmc12_dn_medium_pmos_best.pt (scope=tsmc12, tech_code=4)
DC sweep plot saved to: /data2/home/shenshan/NN_SPICE-refactor-nn/tests/verify_nn_multi_tech_dc_results/TSMC12/pmos_vt_lnvt/directnet_v4_pmos_dc_TSMC12_vtlnvt/directnet_v4_pmos_TSMC12_vtlnvt_dc_sweep.png
  TSMC12_pmos_vt_lnvt                 NRMSE=  0.23%  MRE=  3.44%  R2= 0.99995  MaxErr=6.788e-07  PASS

======================================================================
  TSMC16 — pmos
======================================================================
[NN-resolver] L73.0 Mp1 TECH=tsmc16 VT=svt -> tsmc16_dn_medium_pmos_best.pt (scope=tsmc16, tech_code=0)
DC sweep plot saved to: /data2/home/shenshan/NN_SPICE-refactor-nn/tests/verify_nn_multi_tech_dc_results/TSMC16/pmos_baseline/directnet_v4_pmos_dc_TSMC16/directnet_v4_pmos_TSMC16_dc_sweep.png
  TSMC16_pmos_baseline                NRMSE=  0.03%  MRE=  0.33%  R2= 1.00000  MaxErr=4.102e-08  PASS
[NN-resolver] L73.0 Mp1 TECH=tsmc16 VT=svt -> tsmc16_dn_medium_pmos_best.pt (scope=tsmc16, tech_code=0)
DC sweep plot saved to: /data2/home/shenshan/NN_SPICE-refactor-nn/tests/verify_nn_multi_tech_dc_results/TSMC16/pmos_l_16nm/directnet_v4_pmos_dc_TSMC16_l16/directnet_v4_pmos_TSMC16_l16_dc_sweep.png
  TSMC16_pmos_l_16nm                  NRMSE=  0.08%  MRE=  0.62%  R2= 0.99999  MaxErr=1.893e-07  PASS
[NN-resolver] L73.0 Mp1 TECH=tsmc16 VT=svt -> tsmc16_dn_medium_pmos_best.pt (scope=tsmc16, tech_code=0)
DC sweep plot saved to: /data2/home/shenshan/NN_SPICE-refactor-nn/tests/verify_nn_multi_tech_dc_results/TSMC16/pmos_nfin_5/directnet_v4_pmos_dc_TSMC16_nfin5/directnet_v4_pmos_TSMC16_nfin5_dc_sweep.png
  TSMC16_pmos_nfin_5                  NRMSE=  0.24%  MRE=  0.72%  R2= 0.99993  MaxErr=1.836e-06  PASS
[NN-resolver] L73.0 Mp1 TECH=tsmc16 VT=svt -> tsmc16_dn_medium_pmos_best.pt (scope=tsmc16, tech_code=0)
DC sweep plot saved to: /data2/home/shenshan/NN_SPICE-refactor-nn/tests/verify_nn_multi_tech_dc_results/TSMC16/pmos_nfin_10/directnet_v4_pmos_dc_TSMC16_nfin10/directnet_v4_pmos_TSMC16_nfin10_dc_sweep.png
  TSMC16_pmos_nfin_10                 NRMSE=  2.08%  MRE=  7.90%  R2= 0.99491  MaxErr=2.073e-05  PASS
[NN-resolver] L73.0 Mp1 TECH=tsmc16 VT=lvt -> tsmc16_dn_medium_pmos_best.pt (scope=tsmc16, tech_code=1)
DC sweep plot saved to: /data2/home/shenshan/NN_SPICE-refactor-nn/tests/verify_nn_multi_tech_dc_results/TSMC16/pmos_vt_lvt/directnet_v4_pmos_dc_TSMC16_vtlvt/directnet_v4_pmos_TSMC16_vtlvt_dc_sweep.png
  TSMC16_pmos_vt_lvt                  NRMSE=  0.04%  MRE=  0.73%  R2= 1.00000  MaxErr=1.034e-07  PASS
[NN-resolver] L73.0 Mp1 TECH=tsmc16 VT=hvt -> tsmc16_dn_medium_pmos_best.pt (scope=tsmc16, tech_code=3)
DC sweep plot saved to: /data2/home/shenshan/NN_SPICE-refactor-nn/tests/verify_nn_multi_tech_dc_results/TSMC16/pmos_vt_hvt/directnet_v4_pmos_dc_TSMC16_vthvt/directnet_v4_pmos_TSMC16_vthvt_dc_sweep.png
  TSMC16_pmos_vt_hvt                  NRMSE=  0.07%  MRE=  0.17%  R2= 0.99999  MaxErr=1.054e-07  PASS
[NN-resolver] L73.0 Mp1 TECH=tsmc16 VT=ulvt -> tsmc16_dn_medium_pmos_best.pt (scope=tsmc16, tech_code=2)
DC sweep plot saved to: /data2/home/shenshan/NN_SPICE-refactor-nn/tests/verify_nn_multi_tech_dc_results/TSMC16/pmos_vt_ulvt/directnet_v4_pmos_dc_TSMC16_vtulvt/directnet_v4_pmos_TSMC16_vtulvt_dc_sweep.png
  TSMC16_pmos_vt_ulvt                 NRMSE=  0.11%  MRE=  1.18%  R2= 0.99999  MaxErr=2.555e-07  PASS

==============================================================================================
  SUMMARY TABLE (dc)
==============================================================================================
  Config                             | Sweep     |  NRMSE% |    MRE% |       R2 |    MaxErruA |  Status
  ------------------------------------------------------------------------------------------
  TSMC5_nmos_baseline                | baseline  |    2.33 |   11.27 |  0.99359 |     4.372uA |    PASS
  TSMC5_nmos_l_20nm                  | l         |    0.08 |    0.51 |  0.99999 |     0.168uA |    PASS
  TSMC5_nmos_l_24nm                  | l         |    2.17 |   13.04 |  0.99428 |     2.678uA |    PASS
  TSMC5_nmos_nfin_5                  | nfin      |    1.65 |   16.46 |  0.99673 |     4.910uA |    PASS
  TSMC5_nmos_nfin_10                 | nfin      |    0.77 |    4.93 |  0.99928 |     7.572uA |    PASS
  TSMC5_nmos_vt_ulvt                 | vt        |    2.26 |    5.27 |  0.99481 |     5.496uA |    PASS
  TSMC5_nmos_vt_elvt                 | vt        |    2.47 |    8.26 |  0.99406 |     7.205uA |    PASS
  TSMC7_nmos_baseline                | baseline  |    4.69 |   15.22 |  0.97841 |    13.078uA |    PASS
  TSMC7_nmos_l_20nm                  | l         |    0.06 |    0.85 |  1.00000 |     0.137uA |    PASS
  TSMC7_nmos_l_24nm                  | l         |    0.24 |    1.57 |  0.99994 |     0.444uA |    PASS
  TSMC7_nmos_nfin_5                  | nfin      |    2.79 |    9.43 |  0.99254 |    13.023uA |    PASS
  TSMC7_nmos_nfin_10                 | nfin      |    3.45 |   13.82 |  0.98866 |    33.338uA |    PASS
  TSMC12_nmos_baseline               | baseline  |    0.05 |    0.32 |  1.00000 |     0.113uA |    PASS
  TSMC12_nmos_l_20nm                 | l         |    0.06 |    0.28 |  1.00000 |     0.131uA |    PASS
  TSMC12_nmos_l_24nm                 | l         |    0.36 |    2.50 |  0.99985 |     0.746uA |    PASS
  TSMC12_nmos_nfin_5                 | nfin      |    0.96 |    2.40 |  0.99900 |     6.042uA |    PASS
  TSMC12_nmos_nfin_10                | nfin      |    4.21 |    8.17 |  0.98091 |    59.011uA |    PASS
  TSMC12_nmos_vt_lvt                 | vt        |    0.03 |    0.48 |  1.00000 |     0.077uA |    PASS
  TSMC12_nmos_vt_hvt                 | vt        |    0.04 |    0.24 |  1.00000 |     0.089uA |    PASS
  TSMC12_nmos_vt_ulvt                | vt        |    0.07 |    1.29 |  0.99999 |     0.261uA |    PASS
  TSMC12_nmos_vt_lnvt                | vt        |    0.07 |    1.28 |  0.99999 |     0.221uA |    PASS
  TSMC16_nmos_baseline               | baseline  |    0.08 |    0.51 |  0.99999 |     0.124uA |    PASS
  TSMC16_nmos_l_20nm                 | l         |    0.02 |    0.25 |  1.00000 |     0.049uA |    PASS
  TSMC16_nmos_nfin_5                 | nfin      |    0.44 |    1.57 |  0.99979 |     3.601uA |    PASS
  TSMC16_nmos_nfin_10                | nfin      |    4.01 |   11.70 |  0.98237 |    52.766uA |    PASS
  TSMC16_nmos_vt_lvt                 | vt        |    0.07 |    0.96 |  1.00000 |     0.161uA |    PASS
  TSMC16_nmos_vt_hvt                 | vt        |    0.04 |    0.37 |  1.00000 |     0.104uA |    PASS
  TSMC16_nmos_vt_ulvt                | vt        |    0.09 |    1.33 |  0.99999 |     0.250uA |    PASS
  TSMC5_pmos_baseline                | baseline  |    0.20 |    1.01 |  0.99995 |     0.194uA |    PASS
  TSMC5_pmos_l_16nm                  | l         |    3.48 |   10.48 |  0.98474 |     5.878uA |    PASS
  TSMC5_pmos_l_24nm                  | l         |    2.74 |   14.23 |  0.99000 |     3.219uA |    PASS
  TSMC5_pmos_nfin_5                  | nfin      |    1.62 |    5.78 |  0.99630 |     5.864uA |    PASS
  TSMC5_pmos_nfin_10                 | nfin      |    0.80 |    9.08 |  0.99908 |     6.441uA |    PASS
  TSMC5_pmos_vt_ulvt                 | vt        |    0.07 |    0.86 |  0.99999 |     0.169uA |    PASS
  TSMC5_pmos_vt_elvt                 | vt        |    0.06 |    0.71 |  1.00000 |     0.121uA |    PASS
  TSMC7_pmos_baseline                | baseline  |    0.12 |    1.32 |  0.99999 |     0.373uA |    PASS
  TSMC7_pmos_l_24nm                  | l         |    0.99 |    3.57 |  0.99901 |     2.047uA |    PASS
  TSMC7_pmos_nfin_5                  | nfin      |    1.12 |    2.50 |  0.99876 |     4.942uA |    PASS
  TSMC7_pmos_nfin_10                 | nfin      |    0.29 |    1.28 |  0.99992 |     3.525uA |    PASS
  TSMC12_pmos_baseline               | baseline  |    0.05 |    0.82 |  1.00000 |     0.090uA |    PASS
  TSMC12_pmos_l_16nm                 | l         |    0.13 |    0.51 |  0.99998 |     0.240uA |    PASS
  TSMC12_pmos_l_24nm                 | l         |    0.51 |    4.50 |  0.99971 |     0.706uA |    PASS
  TSMC12_pmos_nfin_5                 | nfin      |    2.29 |    7.83 |  0.99410 |    13.809uA |    PASS
  TSMC12_pmos_nfin_10                | nfin      |    8.61 |   26.89 |  0.91644 |   104.293uA |    PASS
  TSMC12_pmos_vt_lvt                 | vt        |    0.06 |    1.03 |  1.00000 |     0.154uA |    PASS
  TSMC12_pmos_vt_hvt                 | vt        |    0.10 |    0.52 |  0.99999 |     0.141uA |    PASS
  TSMC12_pmos_vt_ulvt                | vt        |    0.10 |    1.64 |  0.99999 |     0.276uA |    PASS
  TSMC12_pmos_vt_lnvt                | vt        |    0.23 |    3.44 |  0.99995 |     0.679uA |    PASS
  TSMC16_pmos_baseline               | baseline  |    0.03 |    0.33 |  1.00000 |     0.041uA |    PASS
  TSMC16_pmos_l_16nm                 | l         |    0.08 |    0.62 |  0.99999 |     0.189uA |    PASS
  TSMC16_pmos_nfin_5                 | nfin      |    0.24 |    0.72 |  0.99993 |     1.836uA |    PASS
  TSMC16_pmos_nfin_10                | nfin      |    2.08 |    7.90 |  0.99491 |    20.728uA |    PASS
  TSMC16_pmos_vt_lvt                 | vt        |    0.04 |    0.73 |  1.00000 |     0.103uA |    PASS
  TSMC16_pmos_vt_hvt                 | vt        |    0.07 |    0.17 |  0.99999 |     0.105uA |    PASS
  TSMC16_pmos_vt_ulvt                | vt        |    0.11 |    1.18 |  0.99999 |     0.256uA |    PASS
  ------------------------------------------------------------------------------------------
  Total: 55  Pass: 55  Fail: 0  Error: 0
  [CSV] Summary saved: /data2/home/shenshan/NN_SPICE-refactor-nn/tests/verify_nn_multi_tech_dc_results/verify_nn_multi_tech_dc_summary.csv
  [Plot] Summary bar saved: /data2/home/shenshan/NN_SPICE-refactor-nn/tests/verify_nn_multi_tech_dc_results/verify_nn_multi_tech_dc_summary.png

  RESULT: ALL 55 configs PASSED

