======================================================================
  V6.3.2 — NN inverter parametric verification
======================================================================
  Techs:    ['TSMC5', 'TSMC7', 'TSMC12', 'TSMC16']
  Analyses: ['vtc', 'tran']
  Inverter acceptance: NRMSE < 15%

======================================================================
  TSMC5 — vtc
======================================================================
[NN-resolver] L73.0 Mn1 TECH=tsmc5 VT=lvt -> tsmc5_dn_medium_nmos_best.pt (scope=tsmc5, tech_code=1)
[NN-resolver] L73.0 Mp1 TECH=tsmc5 VT=lvt -> tsmc5_dn_medium_pmos_best.pt (scope=tsmc5, tech_code=1)
DC sweep plot saved to: /data2/home/shenshan/NN_SPICE-refactor-nn/tests/verify_nn_multi_tech_tran_results/TSMC5/vtc_baseline/directnet_v4_inverter_vtc_TSMC5/directnet_v4_inverter_TSMC5_dc_sweep.png
  TSMC5_vtc_baseline                  NRMSE=  1.21%  MRE=  5.54%  R2= 0.99940  MaxErr=4.503e+01  PASS
[NN-resolver] L73.0 Mn1 TECH=tsmc5 VT=lvt -> tsmc5_dn_medium_nmos_best.pt (scope=tsmc5, tech_code=1)
[NN-resolver] L73.0 Mp1 TECH=tsmc5 VT=lvt -> tsmc5_dn_medium_pmos_best.pt (scope=tsmc5, tech_code=1)
DC sweep plot saved to: /data2/home/shenshan/NN_SPICE-refactor-nn/tests/verify_nn_multi_tech_tran_results/TSMC5/vtc_pn_nfinp3/directnet_v4_inverter_vtc_TSMC5_pn3/directnet_v4_inverter_TSMC5_pn3_dc_sweep.png
  TSMC5_vtc_pn_nfinp3                 NRMSE=  3.28%  MRE=  4.54%  R2= 0.99560  MaxErr=2.173e+02  PASS
[NN-resolver] L73.0 Mn1 TECH=tsmc5 VT=lvt -> tsmc5_dn_medium_nmos_best.pt (scope=tsmc5, tech_code=1)
[NN-resolver] L73.0 Mp1 TECH=tsmc5 VT=lvt -> tsmc5_dn_medium_pmos_best.pt (scope=tsmc5, tech_code=1)
DC sweep plot saved to: /data2/home/shenshan/NN_SPICE-refactor-nn/tests/verify_nn_multi_tech_tran_results/TSMC5/vtc_vdd_0p55/directnet_v4_inverter_vtc_TSMC5_vdd0.55/directnet_v4_inverter_TSMC5_vdd0.55_dc_sweep.png
  TSMC5_vtc_vdd_0p55                  NRMSE= 14.55%  MRE= 74.77%  R2= 0.91288  MaxErr=2.988e+02  PASS
[NN-resolver] L73.0 Mn1 TECH=tsmc5 VT=lvt -> tsmc5_dn_medium_nmos_best.pt (scope=tsmc5, tech_code=1)
[NN-resolver] L73.0 Mp1 TECH=tsmc5 VT=lvt -> tsmc5_dn_medium_pmos_best.pt (scope=tsmc5, tech_code=1)
DC sweep plot saved to: /data2/home/shenshan/NN_SPICE-refactor-nn/tests/verify_nn_multi_tech_tran_results/TSMC5/vtc_vdd_0p75/directnet_v4_inverter_vtc_TSMC5_vdd0.75/directnet_v4_inverter_TSMC5_vdd0.75_dc_sweep.png
  TSMC5_vtc_vdd_0p75                  NRMSE=  4.86%  MRE= 34.38%  R2= 0.99030  MaxErr=5.286e+01  PASS

======================================================================
  TSMC7 — vtc
======================================================================
[NN-resolver] L73.0 Mn1 TECH=tsmc7 VT=ulvt -> tsmc7_dn_medium_nmos_best.pt (scope=tsmc7, tech_code=2)
[NN-resolver] L73.0 Mp1 TECH=tsmc7 VT=ulvt -> tsmc7_dn_medium_pmos_best.pt (scope=tsmc7, tech_code=2)
DC sweep plot saved to: /data2/home/shenshan/NN_SPICE-refactor-nn/tests/verify_nn_multi_tech_tran_results/TSMC7/vtc_baseline/directnet_v4_inverter_vtc_TSMC7/directnet_v4_inverter_TSMC7_dc_sweep.png
  TSMC7_vtc_baseline                  NRMSE=  2.37%  MRE= 12.61%  R2= 0.99761  MaxErr=3.807e+01  PASS
[NN-resolver] L73.0 Mn1 TECH=tsmc7 VT=ulvt -> tsmc7_dn_medium_nmos_best.pt (scope=tsmc7, tech_code=2)
[NN-resolver] L73.0 Mp1 TECH=tsmc7 VT=ulvt -> tsmc7_dn_medium_pmos_best.pt (scope=tsmc7, tech_code=2)
DC sweep plot saved to: /data2/home/shenshan/NN_SPICE-refactor-nn/tests/verify_nn_multi_tech_tran_results/TSMC7/vtc_pn_nfinp3/directnet_v4_inverter_vtc_TSMC7_pn3/directnet_v4_inverter_TSMC7_pn3_dc_sweep.png
  TSMC7_vtc_pn_nfinp3                 NRMSE=  3.41%  MRE= 20.79%  R2= 0.99509  MaxErr=1.269e+02  PASS
[NN-resolver] L73.0 Mn1 TECH=tsmc7 VT=ulvt -> tsmc7_dn_medium_nmos_best.pt (scope=tsmc7, tech_code=2)
[NN-resolver] L73.0 Mp1 TECH=tsmc7 VT=ulvt -> tsmc7_dn_medium_pmos_best.pt (scope=tsmc7, tech_code=2)
DC sweep plot saved to: /data2/home/shenshan/NN_SPICE-refactor-nn/tests/verify_nn_multi_tech_tran_results/TSMC7/vtc_vdd_0p65/directnet_v4_inverter_vtc_TSMC7_vdd0.65/directnet_v4_inverter_TSMC7_vdd0.65_dc_sweep.png
  TSMC7_vtc_vdd_0p65                  NRMSE= 10.21%  MRE= 34.23%  R2= 0.95629  MaxErr=2.947e+02  PASS
[NN-resolver] L73.0 Mn1 TECH=tsmc7 VT=ulvt -> tsmc7_dn_medium_nmos_best.pt (scope=tsmc7, tech_code=2)
[NN-resolver] L73.0 Mp1 TECH=tsmc7 VT=ulvt -> tsmc7_dn_medium_pmos_best.pt (scope=tsmc7, tech_code=2)
DC sweep plot saved to: /data2/home/shenshan/NN_SPICE-refactor-nn/tests/verify_nn_multi_tech_tran_results/TSMC7/vtc_vdd_0p85/directnet_v4_inverter_vtc_TSMC7_vdd0.85/directnet_v4_inverter_TSMC7_vdd0.85_dc_sweep.png
  TSMC7_vtc_vdd_0p85                  NRMSE=  3.08%  MRE= 25.78%  R2= 0.99592  MaxErr=5.703e+01  PASS

======================================================================
  TSMC12 — vtc
======================================================================
[NN-resolver] L73.0 Mn1 TECH=tsmc12 VT=svt -> tsmc12_dn_medium_nmos_best.pt (scope=tsmc12, tech_code=0)
[NN-resolver] L73.0 Mp1 TECH=tsmc12 VT=svt -> tsmc12_dn_medium_pmos_best.pt (scope=tsmc12, tech_code=0)
DC sweep plot saved to: /data2/home/shenshan/NN_SPICE-refactor-nn/tests/verify_nn_multi_tech_tran_results/TSMC12/vtc_baseline/directnet_v4_inverter_vtc_TSMC12/directnet_v4_inverter_TSMC12_dc_sweep.png
  TSMC12_vtc_baseline                 NRMSE=  2.05%  MRE= 15.80%  R2= 0.99827  MaxErr=1.219e+02  PASS
[NN-resolver] L73.0 Mn1 TECH=tsmc12 VT=svt -> tsmc12_dn_medium_nmos_best.pt (scope=tsmc12, tech_code=0)
[NN-resolver] L73.0 Mp1 TECH=tsmc12 VT=svt -> tsmc12_dn_medium_pmos_best.pt (scope=tsmc12, tech_code=0)
DC sweep plot saved to: /data2/home/shenshan/NN_SPICE-refactor-nn/tests/verify_nn_multi_tech_tran_results/TSMC12/vtc_pn_nfinp3/directnet_v4_inverter_vtc_TSMC12_pn3/directnet_v4_inverter_TSMC12_pn3_dc_sweep.png
  TSMC12_vtc_pn_nfinp3                NRMSE=  1.67%  MRE= 12.51%  R2= 0.99884  MaxErr=5.581e+01  PASS
[NN-resolver] L73.0 Mn1 TECH=tsmc12 VT=svt -> tsmc12_dn_medium_nmos_best.pt (scope=tsmc12, tech_code=0)
[NN-resolver] L73.0 Mp1 TECH=tsmc12 VT=svt -> tsmc12_dn_medium_pmos_best.pt (scope=tsmc12, tech_code=0)
DC sweep plot saved to: /data2/home/shenshan/NN_SPICE-refactor-nn/tests/verify_nn_multi_tech_tran_results/TSMC12/vtc_vdd_0p70/directnet_v4_inverter_vtc_TSMC12_vdd0.7/directnet_v4_inverter_TSMC12_vdd0.7_dc_sweep.png
  TSMC12_vtc_vdd_0p70                 NRMSE=  9.05%  MRE= 42.56%  R2= 0.96627  MaxErr=3.289e+02  PASS
[NN-resolver] L73.0 Mn1 TECH=tsmc12 VT=svt -> tsmc12_dn_medium_nmos_best.pt (scope=tsmc12, tech_code=0)
[NN-resolver] L73.0 Mp1 TECH=tsmc12 VT=svt -> tsmc12_dn_medium_pmos_best.pt (scope=tsmc12, tech_code=0)
DC sweep plot saved to: /data2/home/shenshan/NN_SPICE-refactor-nn/tests/verify_nn_multi_tech_tran_results/TSMC12/vtc_vdd_0p90/directnet_v4_inverter_vtc_TSMC12_vdd0.9/directnet_v4_inverter_TSMC12_vdd0.9_dc_sweep.png
  TSMC12_vtc_vdd_0p90                 NRMSE=  3.37%  MRE= 24.49%  R2= 0.99529  MaxErr=4.017e+01  PASS

======================================================================
  TSMC16 — vtc
======================================================================
[NN-resolver] L73.0 Mn1 TECH=tsmc16 VT=svt -> tsmc16_dn_medium_nmos_best.pt (scope=tsmc16, tech_code=0)
[NN-resolver] L73.0 Mp1 TECH=tsmc16 VT=svt -> tsmc16_dn_medium_pmos_best.pt (scope=tsmc16, tech_code=0)
DC sweep plot saved to: /data2/home/shenshan/NN_SPICE-refactor-nn/tests/verify_nn_multi_tech_tran_results/TSMC16/vtc_baseline/directnet_v4_inverter_vtc_TSMC16/directnet_v4_inverter_TSMC16_dc_sweep.png
  TSMC16_vtc_baseline                 NRMSE=  1.33%  MRE=  7.11%  R2= 0.99927  MaxErr=3.912e+01  PASS
[NN-resolver] L73.0 Mn1 TECH=tsmc16 VT=svt -> tsmc16_dn_medium_nmos_best.pt (scope=tsmc16, tech_code=0)
[NN-resolver] L73.0 Mp1 TECH=tsmc16 VT=svt -> tsmc16_dn_medium_pmos_best.pt (scope=tsmc16, tech_code=0)
DC sweep plot saved to: /data2/home/shenshan/NN_SPICE-refactor-nn/tests/verify_nn_multi_tech_tran_results/TSMC16/vtc_pn_nfinp3/directnet_v4_inverter_vtc_TSMC16_pn3/directnet_v4_inverter_TSMC16_pn3_dc_sweep.png
  TSMC16_vtc_pn_nfinp3                NRMSE=  2.23%  MRE= 11.56%  R2= 0.99794  MaxErr=4.637e+01  PASS
[NN-resolver] L73.0 Mn1 TECH=tsmc16 VT=svt -> tsmc16_dn_medium_nmos_best.pt (scope=tsmc16, tech_code=0)
[NN-resolver] L73.0 Mp1 TECH=tsmc16 VT=svt -> tsmc16_dn_medium_pmos_best.pt (scope=tsmc16, tech_code=0)
DC sweep plot saved to: /data2/home/shenshan/NN_SPICE-refactor-nn/tests/verify_nn_multi_tech_tran_results/TSMC16/vtc_vdd_0p70/directnet_v4_inverter_vtc_TSMC16_vdd0.7/directnet_v4_inverter_TSMC16_vdd0.7_dc_sweep.png
  TSMC16_vtc_vdd_0p70                 NRMSE=  7.12%  MRE= 13.99%  R2= 0.97912  MaxErr=1.101e+02  PASS
[NN-resolver] L73.0 Mn1 TECH=tsmc16 VT=svt -> tsmc16_dn_medium_nmos_best.pt (scope=tsmc16, tech_code=0)
[NN-resolver] L73.0 Mp1 TECH=tsmc16 VT=svt -> tsmc16_dn_medium_pmos_best.pt (scope=tsmc16, tech_code=0)
DC sweep plot saved to: /data2/home/shenshan/NN_SPICE-refactor-nn/tests/verify_nn_multi_tech_tran_results/TSMC16/vtc_vdd_0p90/directnet_v4_inverter_vtc_TSMC16_vdd0.9/directnet_v4_inverter_TSMC16_vdd0.9_dc_sweep.png
  TSMC16_vtc_vdd_0p90                 NRMSE=  3.44%  MRE= 26.06%  R2= 0.99506  MaxErr=4.154e+01  PASS

======================================================================
  TSMC5 — tran
======================================================================
[NN-resolver] L73.0 Mn1 TECH=tsmc5 VT=lvt -> tsmc5_dn_medium_nmos_best.pt (scope=tsmc5, tech_code=1)
[NN-resolver] L73.0 Mp1 TECH=tsmc5 VT=lvt -> tsmc5_dn_medium_pmos_best.pt (scope=tsmc5, tech_code=1)
  TSMC5_tran_baseline                 NRMSE=  2.32%  MRE= 13.59%  R2= 0.99763  MaxErr=1.128e+02  PASS
[NN-resolver] L73.0 Mn1 TECH=tsmc5 VT=lvt -> tsmc5_dn_medium_nmos_best.pt (scope=tsmc5, tech_code=1)
[NN-resolver] L73.0 Mp1 TECH=tsmc5 VT=lvt -> tsmc5_dn_medium_pmos_best.pt (scope=tsmc5, tech_code=1)
  TSMC5_tran_pn_nfinp3                NRMSE=  1.71%  MRE=  8.29%  R2= 0.99871  MaxErr=5.835e+01  PASS
[NN-resolver] L73.0 Mn1 TECH=tsmc5 VT=lvt -> tsmc5_dn_medium_nmos_best.pt (scope=tsmc5, tech_code=1)
[NN-resolver] L73.0 Mp1 TECH=tsmc5 VT=lvt -> tsmc5_dn_medium_pmos_best.pt (scope=tsmc5, tech_code=1)
  TSMC5_tran_vdd_0p55                 NRMSE=  5.69%  MRE= 15.45%  R2= 0.98531  MaxErr=1.192e+02  PASS
[NN-resolver] L73.0 Mn1 TECH=tsmc5 VT=lvt -> tsmc5_dn_medium_nmos_best.pt (scope=tsmc5, tech_code=1)
[NN-resolver] L73.0 Mp1 TECH=tsmc5 VT=lvt -> tsmc5_dn_medium_pmos_best.pt (scope=tsmc5, tech_code=1)
  TSMC5_tran_vdd_0p75                 NRMSE=  3.73%  MRE=  4.80%  R2= 0.99405  MaxErr=1.419e+02  PASS
[NN-resolver] L73.0 Mn1 TECH=tsmc5 VT=lvt -> tsmc5_dn_medium_nmos_best.pt (scope=tsmc5, tech_code=1)
[NN-resolver] L73.0 Mp1 TECH=tsmc5 VT=lvt -> tsmc5_dn_medium_pmos_best.pt (scope=tsmc5, tech_code=1)
  TSMC5_tran_cload_5fF                NRMSE=  0.70%  MRE=  1.98%  R2= 0.99978  MaxErr=1.714e+01  PASS
[NN-resolver] L73.0 Mn1 TECH=tsmc5 VT=lvt -> tsmc5_dn_medium_nmos_best.pt (scope=tsmc5, tech_code=1)
[NN-resolver] L73.0 Mp1 TECH=tsmc5 VT=lvt -> tsmc5_dn_medium_pmos_best.pt (scope=tsmc5, tech_code=1)
  TSMC5_tran_cload_50fF               NRMSE=  2.07%  MRE= 14.09%  R2= 0.99718  MaxErr=2.827e+01  PASS
[NN-resolver] L73.0 Mn1 TECH=tsmc5 VT=lvt -> tsmc5_dn_medium_nmos_best.pt (scope=tsmc5, tech_code=1)
[NN-resolver] L73.0 Mp1 TECH=tsmc5 VT=lvt -> tsmc5_dn_medium_pmos_best.pt (scope=tsmc5, tech_code=1)
  TSMC5_tran_cload_100fF              NRMSE=  3.03%  MRE= 10.03%  R2= 0.98972  MaxErr=2.935e+01  PASS
[NN-resolver] L73.0 Mn1 TECH=tsmc5 VT=lvt -> tsmc5_dn_medium_nmos_best.pt (scope=tsmc5, tech_code=1)
[NN-resolver] L73.0 Mp1 TECH=tsmc5 VT=lvt -> tsmc5_dn_medium_pmos_best.pt (scope=tsmc5, tech_code=1)
  TSMC5_tran_slew_10ps                NRMSE=  5.24%  MRE= 18.93%  R2= 0.98686  MaxErr=2.657e+02  PASS
[NN-resolver] L73.0 Mn1 TECH=tsmc5 VT=lvt -> tsmc5_dn_medium_nmos_best.pt (scope=tsmc5, tech_code=1)
[NN-resolver] L73.0 Mp1 TECH=tsmc5 VT=lvt -> tsmc5_dn_medium_pmos_best.pt (scope=tsmc5, tech_code=1)
  TSMC5_tran_slew_500ps               NRMSE=  0.54%  MRE=  1.04%  R2= 0.99988  MaxErr=1.665e+01  PASS
[NN-resolver] L73.0 Mn1 TECH=tsmc5 VT=lvt -> tsmc5_dn_medium_nmos_best.pt (scope=tsmc5, tech_code=1)
[NN-resolver] L73.0 Mp1 TECH=tsmc5 VT=lvt -> tsmc5_dn_medium_pmos_best.pt (scope=tsmc5, tech_code=1)
  TSMC5_tran_pw_0p2ns                 NRMSE=  3.03%  MRE= 13.30%  R2= 0.99473  MaxErr=1.128e+02  PASS
[NN-resolver] L73.0 Mn1 TECH=tsmc5 VT=lvt -> tsmc5_dn_medium_nmos_best.pt (scope=tsmc5, tech_code=1)
[NN-resolver] L73.0 Mp1 TECH=tsmc5 VT=lvt -> tsmc5_dn_medium_pmos_best.pt (scope=tsmc5, tech_code=1)
  TSMC5_tran_pw_0p5ns                 NRMSE=  2.48%  MRE= 10.77%  R2= 0.99720  MaxErr=1.128e+02  PASS
[NN-resolver] L73.0 Mn1 TECH=tsmc5 VT=lvt -> tsmc5_dn_medium_nmos_best.pt (scope=tsmc5, tech_code=1)
[NN-resolver] L73.0 Mp1 TECH=tsmc5 VT=lvt -> tsmc5_dn_medium_pmos_best.pt (scope=tsmc5, tech_code=1)
  TSMC5_tran_pw_2p0ns                 NRMSE=  1.43%  MRE=  5.25%  R2= 0.99913  MaxErr=6.098e+01  PASS

======================================================================
  TSMC7 — tran
======================================================================
[NN-resolver] L73.0 Mn1 TECH=tsmc7 VT=ulvt -> tsmc7_dn_medium_nmos_best.pt (scope=tsmc7, tech_code=2)
[NN-resolver] L73.0 Mp1 TECH=tsmc7 VT=ulvt -> tsmc7_dn_medium_pmos_best.pt (scope=tsmc7, tech_code=2)
  TSMC7_tran_baseline                 NRMSE=  1.23%  MRE=  5.63%  R2= 0.99932  MaxErr=4.934e+01  PASS
[NN-resolver] L73.0 Mn1 TECH=tsmc7 VT=ulvt -> tsmc7_dn_medium_nmos_best.pt (scope=tsmc7, tech_code=2)
[NN-resolver] L73.0 Mp1 TECH=tsmc7 VT=ulvt -> tsmc7_dn_medium_pmos_best.pt (scope=tsmc7, tech_code=2)
  TSMC7_tran_pn_nfinp3                NRMSE=  1.28%  MRE=  5.49%  R2= 0.99928  MaxErr=4.393e+01  PASS
[NN-resolver] L73.0 Mn1 TECH=tsmc7 VT=ulvt -> tsmc7_dn_medium_nmos_best.pt (scope=tsmc7, tech_code=2)
[NN-resolver] L73.0 Mp1 TECH=tsmc7 VT=ulvt -> tsmc7_dn_medium_pmos_best.pt (scope=tsmc7, tech_code=2)
  TSMC7_tran_vdd_0p65                 NRMSE=  7.46%  MRE= 11.93%  R2= 0.97608  MaxErr=1.196e+02  PASS
[NN-resolver] L73.0 Mn1 TECH=tsmc7 VT=ulvt -> tsmc7_dn_medium_nmos_best.pt (scope=tsmc7, tech_code=2)
[NN-resolver] L73.0 Mp1 TECH=tsmc7 VT=ulvt -> tsmc7_dn_medium_pmos_best.pt (scope=tsmc7, tech_code=2)
  TSMC7_tran_vdd_0p85                 NRMSE=  2.99%  MRE= 10.04%  R2= 0.99604  MaxErr=1.101e+02  PASS
[NN-resolver] L73.0 Mn1 TECH=tsmc7 VT=ulvt -> tsmc7_dn_medium_nmos_best.pt (scope=tsmc7, tech_code=2)
[NN-resolver] L73.0 Mp1 TECH=tsmc7 VT=ulvt -> tsmc7_dn_medium_pmos_best.pt (scope=tsmc7, tech_code=2)
  TSMC7_tran_cload_5fF                NRMSE=  0.73%  MRE=  1.85%  R2= 0.99977  MaxErr=2.591e+01  PASS
[NN-resolver] L73.0 Mn1 TECH=tsmc7 VT=ulvt -> tsmc7_dn_medium_nmos_best.pt (scope=tsmc7, tech_code=2)
[NN-resolver] L73.0 Mp1 TECH=tsmc7 VT=ulvt -> tsmc7_dn_medium_pmos_best.pt (scope=tsmc7, tech_code=2)
  TSMC7_tran_cload_50fF               NRMSE=  1.97%  MRE= 12.13%  R2= 0.99784  MaxErr=3.486e+01  PASS
[NN-resolver] L73.0 Mn1 TECH=tsmc7 VT=ulvt -> tsmc7_dn_medium_nmos_best.pt (scope=tsmc7, tech_code=2)
[NN-resolver] L73.0 Mp1 TECH=tsmc7 VT=ulvt -> tsmc7_dn_medium_pmos_best.pt (scope=tsmc7, tech_code=2)
  TSMC7_tran_cload_100fF              NRMSE=  2.61%  MRE= 15.06%  R2= 0.99425  MaxErr=3.633e+01  PASS
[NN-resolver] L73.0 Mn1 TECH=tsmc7 VT=ulvt -> tsmc7_dn_medium_nmos_best.pt (scope=tsmc7, tech_code=2)
[NN-resolver] L73.0 Mp1 TECH=tsmc7 VT=ulvt -> tsmc7_dn_medium_pmos_best.pt (scope=tsmc7, tech_code=2)
  TSMC7_tran_slew_10ps                NRMSE=  4.57%  MRE= 24.55%  R2= 0.99027  MaxErr=2.477e+02  PASS
[NN-resolver] L73.0 Mn1 TECH=tsmc7 VT=ulvt -> tsmc7_dn_medium_nmos_best.pt (scope=tsmc7, tech_code=2)
[NN-resolver] L73.0 Mp1 TECH=tsmc7 VT=ulvt -> tsmc7_dn_medium_pmos_best.pt (scope=tsmc7, tech_code=2)
  TSMC7_tran_slew_500ps               NRMSE=  0.89%  MRE=  3.70%  R2= 0.99967  MaxErr=2.508e+01  PASS
[NN-resolver] L73.0 Mn1 TECH=tsmc7 VT=ulvt -> tsmc7_dn_medium_nmos_best.pt (scope=tsmc7, tech_code=2)
[NN-resolver] L73.0 Mp1 TECH=tsmc7 VT=ulvt -> tsmc7_dn_medium_pmos_best.pt (scope=tsmc7, tech_code=2)
  TSMC7_tran_pw_0p2ns                 NRMSE=  1.56%  MRE=  3.76%  R2= 0.99861  MaxErr=4.934e+01  PASS
[NN-resolver] L73.0 Mn1 TECH=tsmc7 VT=ulvt -> tsmc7_dn_medium_nmos_best.pt (scope=tsmc7, tech_code=2)
[NN-resolver] L73.0 Mp1 TECH=tsmc7 VT=ulvt -> tsmc7_dn_medium_pmos_best.pt (scope=tsmc7, tech_code=2)
  TSMC7_tran_pw_0p5ns                 NRMSE=  1.36%  MRE=  4.41%  R2= 0.99916  MaxErr=4.934e+01  PASS
[NN-resolver] L73.0 Mn1 TECH=tsmc7 VT=ulvt -> tsmc7_dn_medium_nmos_best.pt (scope=tsmc7, tech_code=2)
[NN-resolver] L73.0 Mp1 TECH=tsmc7 VT=ulvt -> tsmc7_dn_medium_pmos_best.pt (scope=tsmc7, tech_code=2)
  TSMC7_tran_pw_2p0ns                 NRMSE=  0.98%  MRE=  3.27%  R2= 0.99958  MaxErr=4.939e+01  PASS

======================================================================
  TSMC12 — tran
======================================================================
[NN-resolver] L73.0 Mn1 TECH=tsmc12 VT=svt -> tsmc12_dn_medium_nmos_best.pt (scope=tsmc12, tech_code=0)
[NN-resolver] L73.0 Mp1 TECH=tsmc12 VT=svt -> tsmc12_dn_medium_pmos_best.pt (scope=tsmc12, tech_code=0)
  TSMC12_tran_baseline                NRMSE=  1.58%  MRE= 10.83%  R2= 0.99891  MaxErr=6.424e+01  PASS
[NN-resolver] L73.0 Mn1 TECH=tsmc12 VT=svt -> tsmc12_dn_medium_nmos_best.pt (scope=tsmc12, tech_code=0)
[NN-resolver] L73.0 Mp1 TECH=tsmc12 VT=svt -> tsmc12_dn_medium_pmos_best.pt (scope=tsmc12, tech_code=0)
  TSMC12_tran_pn_nfinp3               NRMSE=  1.70%  MRE= 10.00%  R2= 0.99873  MaxErr=7.576e+01  PASS
[NN-resolver] L73.0 Mn1 TECH=tsmc12 VT=svt -> tsmc12_dn_medium_nmos_best.pt (scope=tsmc12, tech_code=0)
[NN-resolver] L73.0 Mp1 TECH=tsmc12 VT=svt -> tsmc12_dn_medium_pmos_best.pt (scope=tsmc12, tech_code=0)
  TSMC12_tran_vdd_0p70                NRMSE=  2.95%  MRE= 15.14%  R2= 0.99601  MaxErr=9.015e+01  PASS
[NN-resolver] L73.0 Mn1 TECH=tsmc12 VT=svt -> tsmc12_dn_medium_nmos_best.pt (scope=tsmc12, tech_code=0)
[NN-resolver] L73.0 Mp1 TECH=tsmc12 VT=svt -> tsmc12_dn_medium_pmos_best.pt (scope=tsmc12, tech_code=0)
  TSMC12_tran_vdd_0p90                NRMSE=  2.80%  MRE=  3.72%  R2= 0.99664  MaxErr=9.897e+01  PASS
[NN-resolver] L73.0 Mn1 TECH=tsmc12 VT=svt -> tsmc12_dn_medium_nmos_best.pt (scope=tsmc12, tech_code=0)
[NN-resolver] L73.0 Mp1 TECH=tsmc12 VT=svt -> tsmc12_dn_medium_pmos_best.pt (scope=tsmc12, tech_code=0)
  TSMC12_tran_cload_5fF               NRMSE=  0.43%  MRE=  3.16%  R2= 0.99992  MaxErr=1.888e+01  PASS
[NN-resolver] L73.0 Mn1 TECH=tsmc12 VT=svt -> tsmc12_dn_medium_nmos_best.pt (scope=tsmc12, tech_code=0)
[NN-resolver] L73.0 Mp1 TECH=tsmc12 VT=svt -> tsmc12_dn_medium_pmos_best.pt (scope=tsmc12, tech_code=0)
  TSMC12_tran_cload_50fF              NRMSE=  0.94%  MRE=  8.98%  R2= 0.99947  MaxErr=1.354e+01  PASS
[NN-resolver] L73.0 Mn1 TECH=tsmc12 VT=svt -> tsmc12_dn_medium_nmos_best.pt (scope=tsmc12, tech_code=0)
[NN-resolver] L73.0 Mp1 TECH=tsmc12 VT=svt -> tsmc12_dn_medium_pmos_best.pt (scope=tsmc12, tech_code=0)
  TSMC12_tran_cload_100fF             NRMSE=  0.99%  MRE=  6.18%  R2= 0.99905  MaxErr=1.392e+01  PASS
[NN-resolver] L73.0 Mn1 TECH=tsmc12 VT=svt -> tsmc12_dn_medium_nmos_best.pt (scope=tsmc12, tech_code=0)
[NN-resolver] L73.0 Mp1 TECH=tsmc12 VT=svt -> tsmc12_dn_medium_pmos_best.pt (scope=tsmc12, tech_code=0)
  TSMC12_tran_slew_10ps               NRMSE=  4.11%  MRE= 14.85%  R2= 0.99157  MaxErr=2.224e+02  PASS
[NN-resolver] L73.0 Mn1 TECH=tsmc12 VT=svt -> tsmc12_dn_medium_nmos_best.pt (scope=tsmc12, tech_code=0)
[NN-resolver] L73.0 Mp1 TECH=tsmc12 VT=svt -> tsmc12_dn_medium_pmos_best.pt (scope=tsmc12, tech_code=0)
  TSMC12_tran_slew_500ps              NRMSE=  0.74%  MRE=  1.63%  R2= 0.99977  MaxErr=1.780e+01  PASS
[NN-resolver] L73.0 Mn1 TECH=tsmc12 VT=svt -> tsmc12_dn_medium_nmos_best.pt (scope=tsmc12, tech_code=0)
[NN-resolver] L73.0 Mp1 TECH=tsmc12 VT=svt -> tsmc12_dn_medium_pmos_best.pt (scope=tsmc12, tech_code=0)
  TSMC12_tran_pw_0p2ns                NRMSE=  2.01%  MRE=  9.67%  R2= 0.99768  MaxErr=6.457e+01  PASS
[NN-resolver] L73.0 Mn1 TECH=tsmc12 VT=svt -> tsmc12_dn_medium_nmos_best.pt (scope=tsmc12, tech_code=0)
[NN-resolver] L73.0 Mp1 TECH=tsmc12 VT=svt -> tsmc12_dn_medium_pmos_best.pt (scope=tsmc12, tech_code=0)
  TSMC12_tran_pw_0p5ns                NRMSE=  1.80%  MRE=  7.93%  R2= 0.99853  MaxErr=6.430e+01  PASS
[NN-resolver] L73.0 Mn1 TECH=tsmc12 VT=svt -> tsmc12_dn_medium_nmos_best.pt (scope=tsmc12, tech_code=0)
[NN-resolver] L73.0 Mp1 TECH=tsmc12 VT=svt -> tsmc12_dn_medium_pmos_best.pt (scope=tsmc12, tech_code=0)
  TSMC12_tran_pw_2p0ns                NRMSE=  1.26%  MRE=  6.40%  R2= 0.99932  MaxErr=6.423e+01  PASS

======================================================================
  TSMC16 — tran
======================================================================
[NN-resolver] L73.0 Mn1 TECH=tsmc16 VT=svt -> tsmc16_dn_medium_nmos_best.pt (scope=tsmc16, tech_code=0)
[NN-resolver] L73.0 Mp1 TECH=tsmc16 VT=svt -> tsmc16_dn_medium_pmos_best.pt (scope=tsmc16, tech_code=0)
  TSMC16_tran_baseline                NRMSE=  1.64%  MRE=  9.06%  R2= 0.99880  MaxErr=6.897e+01  PASS
[NN-resolver] L73.0 Mn1 TECH=tsmc16 VT=svt -> tsmc16_dn_medium_nmos_best.pt (scope=tsmc16, tech_code=0)
[NN-resolver] L73.0 Mp1 TECH=tsmc16 VT=svt -> tsmc16_dn_medium_pmos_best.pt (scope=tsmc16, tech_code=0)
  TSMC16_tran_pn_nfinp3               NRMSE=  1.98%  MRE=  7.99%  R2= 0.99827  MaxErr=1.060e+02  PASS
[NN-resolver] L73.0 Mn1 TECH=tsmc16 VT=svt -> tsmc16_dn_medium_nmos_best.pt (scope=tsmc16, tech_code=0)
[NN-resolver] L73.0 Mp1 TECH=tsmc16 VT=svt -> tsmc16_dn_medium_pmos_best.pt (scope=tsmc16, tech_code=0)
  TSMC16_tran_vdd_0p70                NRMSE=  4.14%  MRE= 15.18%  R2= 0.99199  MaxErr=1.279e+02  PASS
[NN-resolver] L73.0 Mn1 TECH=tsmc16 VT=svt -> tsmc16_dn_medium_nmos_best.pt (scope=tsmc16, tech_code=0)
[NN-resolver] L73.0 Mp1 TECH=tsmc16 VT=svt -> tsmc16_dn_medium_pmos_best.pt (scope=tsmc16, tech_code=0)
  TSMC16_tran_vdd_0p90                NRMSE=  2.87%  MRE=  6.64%  R2= 0.99646  MaxErr=1.437e+02  PASS
[NN-resolver] L73.0 Mn1 TECH=tsmc16 VT=svt -> tsmc16_dn_medium_nmos_best.pt (scope=tsmc16, tech_code=0)
[NN-resolver] L73.0 Mp1 TECH=tsmc16 VT=svt -> tsmc16_dn_medium_pmos_best.pt (scope=tsmc16, tech_code=0)
  TSMC16_tran_cload_5fF               NRMSE=  0.69%  MRE=  2.70%  R2= 0.99979  MaxErr=2.149e+01  PASS
[NN-resolver] L73.0 Mn1 TECH=tsmc16 VT=svt -> tsmc16_dn_medium_nmos_best.pt (scope=tsmc16, tech_code=0)
[NN-resolver] L73.0 Mp1 TECH=tsmc16 VT=svt -> tsmc16_dn_medium_pmos_best.pt (scope=tsmc16, tech_code=0)
  TSMC16_tran_cload_50fF              NRMSE=  2.07%  MRE= 12.92%  R2= 0.99735  MaxErr=3.840e+01  PASS
[NN-resolver] L73.0 Mn1 TECH=tsmc16 VT=svt -> tsmc16_dn_medium_nmos_best.pt (scope=tsmc16, tech_code=0)
[NN-resolver] L73.0 Mp1 TECH=tsmc16 VT=svt -> tsmc16_dn_medium_pmos_best.pt (scope=tsmc16, tech_code=0)
  TSMC16_tran_cload_100fF             NRMSE=  2.94%  MRE= 10.31%  R2= 0.99112  MaxErr=4.001e+01  PASS
[NN-resolver] L73.0 Mn1 TECH=tsmc16 VT=svt -> tsmc16_dn_medium_nmos_best.pt (scope=tsmc16, tech_code=0)
[NN-resolver] L73.0 Mp1 TECH=tsmc16 VT=svt -> tsmc16_dn_medium_pmos_best.pt (scope=tsmc16, tech_code=0)
  TSMC16_tran_slew_10ps               NRMSE=  5.53%  MRE= 30.41%  R2= 0.98445  MaxErr=3.095e+02  PASS
[NN-resolver] L73.0 Mn1 TECH=tsmc16 VT=svt -> tsmc16_dn_medium_nmos_best.pt (scope=tsmc16, tech_code=0)
[NN-resolver] L73.0 Mp1 TECH=tsmc16 VT=svt -> tsmc16_dn_medium_pmos_best.pt (scope=tsmc16, tech_code=0)
  TSMC16_tran_slew_500ps              NRMSE=  0.73%  MRE=  1.60%  R2= 0.99978  MaxErr=1.794e+01  PASS
[NN-resolver] L73.0 Mn1 TECH=tsmc16 VT=svt -> tsmc16_dn_medium_nmos_best.pt (scope=tsmc16, tech_code=0)
[NN-resolver] L73.0 Mp1 TECH=tsmc16 VT=svt -> tsmc16_dn_medium_pmos_best.pt (scope=tsmc16, tech_code=0)
  TSMC16_tran_pw_0p2ns                NRMSE=  2.01%  MRE=  8.16%  R2= 0.99766  MaxErr=6.907e+01  PASS
[NN-resolver] L73.0 Mn1 TECH=tsmc16 VT=svt -> tsmc16_dn_medium_nmos_best.pt (scope=tsmc16, tech_code=0)
[NN-resolver] L73.0 Mp1 TECH=tsmc16 VT=svt -> tsmc16_dn_medium_pmos_best.pt (scope=tsmc16, tech_code=0)
  TSMC16_tran_pw_0p5ns                NRMSE=  1.83%  MRE=  7.22%  R2= 0.99846  MaxErr=6.898e+01  PASS
[NN-resolver] L73.0 Mn1 TECH=tsmc16 VT=svt -> tsmc16_dn_medium_nmos_best.pt (scope=tsmc16, tech_code=0)
[NN-resolver] L73.0 Mp1 TECH=tsmc16 VT=svt -> tsmc16_dn_medium_pmos_best.pt (scope=tsmc16, tech_code=0)
  TSMC16_tran_pw_2p0ns                NRMSE=  1.34%  MRE=  5.34%  R2= 0.99923  MaxErr=6.897e+01  PASS

==============================================================================================
  SUMMARY TABLE (inv)
==============================================================================================
  Config                             | Sweep     |  NRMSE% |    MRE% |       R2 |    MaxErrmV |  Status
  ------------------------------------------------------------------------------------------
  TSMC5_vtc_baseline                 | baseline  |    1.21 |    5.54 |  0.99940 |    45.030mV |    PASS
  TSMC5_vtc_pn_nfinp3                | pn_ratio  |    3.28 |    4.54 |  0.99560 |   217.289mV |    PASS
  TSMC5_vtc_vdd_0p55                 | vdd       |   14.55 |   74.77 |  0.91288 |   298.843mV |    PASS
  TSMC5_vtc_vdd_0p75                 | vdd       |    4.86 |   34.38 |  0.99030 |    52.861mV |    PASS
  TSMC7_vtc_baseline                 | baseline  |    2.37 |   12.61 |  0.99761 |    38.071mV |    PASS
  TSMC7_vtc_pn_nfinp3                | pn_ratio  |    3.41 |   20.79 |  0.99509 |   126.869mV |    PASS
  TSMC7_vtc_vdd_0p65                 | vdd       |   10.21 |   34.23 |  0.95629 |   294.659mV |    PASS
  TSMC7_vtc_vdd_0p85                 | vdd       |    3.08 |   25.78 |  0.99592 |    57.032mV |    PASS
  TSMC12_vtc_baseline                | baseline  |    2.05 |   15.80 |  0.99827 |   121.930mV |    PASS
  TSMC12_vtc_pn_nfinp3               | pn_ratio  |    1.67 |   12.51 |  0.99884 |    55.813mV |    PASS
  TSMC12_vtc_vdd_0p70                | vdd       |    9.05 |   42.56 |  0.96627 |   328.913mV |    PASS
  TSMC12_vtc_vdd_0p90                | vdd       |    3.37 |   24.49 |  0.99529 |    40.167mV |    PASS
  TSMC16_vtc_baseline                | baseline  |    1.33 |    7.11 |  0.99927 |    39.118mV |    PASS
  TSMC16_vtc_pn_nfinp3               | pn_ratio  |    2.23 |   11.56 |  0.99794 |    46.375mV |    PASS
  TSMC16_vtc_vdd_0p70                | vdd       |    7.12 |   13.99 |  0.97912 |   110.085mV |    PASS
  TSMC16_vtc_vdd_0p90                | vdd       |    3.44 |   26.06 |  0.99506 |    41.543mV |    PASS
  TSMC5_tran_baseline                | baseline  |    2.32 |   13.59 |  0.99763 |   112.764mV |    PASS
  TSMC5_tran_pn_nfinp3               | pn_ratio  |    1.71 |    8.29 |  0.99871 |    58.347mV |    PASS
  TSMC5_tran_vdd_0p55                | vdd       |    5.69 |   15.45 |  0.98531 |   119.202mV |    PASS
  TSMC5_tran_vdd_0p75                | vdd       |    3.73 |    4.80 |  0.99405 |   141.916mV |    PASS
  TSMC5_tran_cload_5fF               | cload     |    0.70 |    1.98 |  0.99978 |    17.136mV |    PASS
  TSMC5_tran_cload_50fF              | cload     |    2.07 |   14.09 |  0.99718 |    28.274mV |    PASS
  TSMC5_tran_cload_100fF             | cload     |    3.03 |   10.03 |  0.98972 |    29.347mV |    PASS
  TSMC5_tran_slew_10ps               | slew      |    5.24 |   18.93 |  0.98686 |   265.735mV |    PASS
  TSMC5_tran_slew_500ps              | slew      |    0.54 |    1.04 |  0.99988 |    16.645mV |    PASS
  TSMC5_tran_pw_0p2ns                | pw        |    3.03 |   13.30 |  0.99473 |   112.764mV |    PASS
  TSMC5_tran_pw_0p5ns                | pw        |    2.48 |   10.77 |  0.99720 |   112.764mV |    PASS
  TSMC5_tran_pw_2p0ns                | pw        |    1.43 |    5.25 |  0.99913 |    60.976mV |    PASS
  TSMC7_tran_baseline                | baseline  |    1.23 |    5.63 |  0.99932 |    49.336mV |    PASS
  TSMC7_tran_pn_nfinp3               | pn_ratio  |    1.28 |    5.49 |  0.99928 |    43.934mV |    PASS
  TSMC7_tran_vdd_0p65                | vdd       |    7.46 |   11.93 |  0.97608 |   119.596mV |    PASS
  TSMC7_tran_vdd_0p85                | vdd       |    2.99 |   10.04 |  0.99604 |   110.136mV |    PASS
  TSMC7_tran_cload_5fF               | cload     |    0.73 |    1.85 |  0.99977 |    25.909mV |    PASS
  TSMC7_tran_cload_50fF              | cload     |    1.97 |   12.13 |  0.99784 |    34.860mV |    PASS
  TSMC7_tran_cload_100fF             | cload     |    2.61 |   15.06 |  0.99425 |    36.326mV |    PASS
  TSMC7_tran_slew_10ps               | slew      |    4.57 |   24.55 |  0.99027 |   247.713mV |    PASS
  TSMC7_tran_slew_500ps              | slew      |    0.89 |    3.70 |  0.99967 |    25.085mV |    PASS
  TSMC7_tran_pw_0p2ns                | pw        |    1.56 |    3.76 |  0.99861 |    49.336mV |    PASS
  TSMC7_tran_pw_0p5ns                | pw        |    1.36 |    4.41 |  0.99916 |    49.336mV |    PASS
  TSMC7_tran_pw_2p0ns                | pw        |    0.98 |    3.27 |  0.99958 |    49.394mV |    PASS
  TSMC12_tran_baseline               | baseline  |    1.58 |   10.83 |  0.99891 |    64.240mV |    PASS
  TSMC12_tran_pn_nfinp3              | pn_ratio  |    1.70 |   10.00 |  0.99873 |    75.758mV |    PASS
  TSMC12_tran_vdd_0p70               | vdd       |    2.95 |   15.14 |  0.99601 |    90.151mV |    PASS
  TSMC12_tran_vdd_0p90               | vdd       |    2.80 |    3.72 |  0.99664 |    98.974mV |    PASS
  TSMC12_tran_cload_5fF              | cload     |    0.43 |    3.16 |  0.99992 |    18.876mV |    PASS
  TSMC12_tran_cload_50fF             | cload     |    0.94 |    8.98 |  0.99947 |    13.544mV |    PASS
  TSMC12_tran_cload_100fF            | cload     |    0.99 |    6.18 |  0.99905 |    13.924mV |    PASS
  TSMC12_tran_slew_10ps              | slew      |    4.11 |   14.85 |  0.99157 |   222.410mV |    PASS
  TSMC12_tran_slew_500ps             | slew      |    0.74 |    1.63 |  0.99977 |    17.801mV |    PASS
  TSMC12_tran_pw_0p2ns               | pw        |    2.01 |    9.67 |  0.99768 |    64.569mV |    PASS
  TSMC12_tran_pw_0p5ns               | pw        |    1.80 |    7.93 |  0.99853 |    64.298mV |    PASS
  TSMC12_tran_pw_2p0ns               | pw        |    1.26 |    6.40 |  0.99932 |    64.226mV |    PASS
  TSMC16_tran_baseline               | baseline  |    1.64 |    9.06 |  0.99880 |    68.974mV |    PASS
  TSMC16_tran_pn_nfinp3              | pn_ratio  |    1.98 |    7.99 |  0.99827 |   105.981mV |    PASS
  TSMC16_tran_vdd_0p70               | vdd       |    4.14 |   15.18 |  0.99199 |   127.852mV |    PASS
  TSMC16_tran_vdd_0p90               | vdd       |    2.87 |    6.64 |  0.99646 |   143.652mV |    PASS
  TSMC16_tran_cload_5fF              | cload     |    0.69 |    2.70 |  0.99979 |    21.491mV |    PASS
  TSMC16_tran_cload_50fF             | cload     |    2.07 |   12.92 |  0.99735 |    38.399mV |    PASS
  TSMC16_tran_cload_100fF            | cload     |    2.94 |   10.31 |  0.99112 |    40.008mV |    PASS
  TSMC16_tran_slew_10ps              | slew      |    5.53 |   30.41 |  0.98445 |   309.486mV |    PASS
  TSMC16_tran_slew_500ps             | slew      |    0.73 |    1.60 |  0.99978 |    17.940mV |    PASS
  TSMC16_tran_pw_0p2ns               | pw        |    2.01 |    8.16 |  0.99766 |    69.066mV |    PASS
  TSMC16_tran_pw_0p5ns               | pw        |    1.83 |    7.22 |  0.99846 |    68.976mV |    PASS
  TSMC16_tran_pw_2p0ns               | pw        |    1.34 |    5.34 |  0.99923 |    68.974mV |    PASS
  ------------------------------------------------------------------------------------------
  Total: 64  Pass: 64  Fail: 0  Error: 0
  [CSV] Summary saved: /data2/home/shenshan/NN_SPICE-refactor-nn/tests/verify_nn_multi_tech_tran_results/verify_nn_multi_tech_tran_summary.csv
  [Plot] Summary bar saved: /data2/home/shenshan/NN_SPICE-refactor-nn/tests/verify_nn_multi_tech_tran_results/verify_nn_multi_tech_tran_summary.png

  RESULT: ALL 64 configs PASSED

