==============================================================================
Benchmark 3a — 5-stage ring oscillator: DirectNet vs NGSPICE BSIM-CMG
  Gate: oscillation period within +/-5%
==============================================================================

--- TSMC5 (VDD=0.65 VT=lvt) ---
  NGSPICE BSIM-CMG reference ...
    NGSPICE period = 73.23 ps
  DirectNet (LEVEL=73) transient ...
[NN-resolver] L73.0 Mp1 TECH=tsmc5 VT=lvt -> tsmc5_dn_medium_pmos_best.pt (scope=tsmc5, tech_code=1)
[NN-resolver] L73.0 Mn1 TECH=tsmc5 VT=lvt -> tsmc5_dn_medium_nmos_best.pt (scope=tsmc5, tech_code=1)
[NN-resolver] L73.0 Mp2 TECH=tsmc5 VT=lvt -> tsmc5_dn_medium_pmos_best.pt (scope=tsmc5, tech_code=1)
[NN-resolver] L73.0 Mn2 TECH=tsmc5 VT=lvt -> tsmc5_dn_medium_nmos_best.pt (scope=tsmc5, tech_code=1)
[NN-resolver] L73.0 Mp3 TECH=tsmc5 VT=lvt -> tsmc5_dn_medium_pmos_best.pt (scope=tsmc5, tech_code=1)
[NN-resolver] L73.0 Mn3 TECH=tsmc5 VT=lvt -> tsmc5_dn_medium_nmos_best.pt (scope=tsmc5, tech_code=1)
[NN-resolver] L73.0 Mp4 TECH=tsmc5 VT=lvt -> tsmc5_dn_medium_pmos_best.pt (scope=tsmc5, tech_code=1)
[NN-resolver] L73.0 Mn4 TECH=tsmc5 VT=lvt -> tsmc5_dn_medium_nmos_best.pt (scope=tsmc5, tech_code=1)
[NN-resolver] L73.0 Mp5 TECH=tsmc5 VT=lvt -> tsmc5_dn_medium_pmos_best.pt (scope=tsmc5, tech_code=1)
[NN-resolver] L73.0 Mn5 TECH=tsmc5 VT=lvt -> tsmc5_dn_medium_nmos_best.pt (scope=tsmc5, tech_code=1)
    DirectNet period = 75.41 ps
    waveform: MRE=205.89%  R2=0.6402  NRMSE=25.65%  MaxErr=607.16mV
    period error = 2.98%  ->  PASS

--- TSMC7 (VDD=0.75 VT=ulvt) ---
  NGSPICE BSIM-CMG reference ...
    NGSPICE period = 46.64 ps
  DirectNet (LEVEL=73) transient ...
[NN-resolver] L73.0 Mp1 TECH=tsmc7 VT=ulvt -> tsmc7_dn_medium_pmos_best.pt (scope=tsmc7, tech_code=2)
[NN-resolver] L73.0 Mn1 TECH=tsmc7 VT=ulvt -> tsmc7_dn_medium_nmos_best.pt (scope=tsmc7, tech_code=2)
[NN-resolver] L73.0 Mp2 TECH=tsmc7 VT=ulvt -> tsmc7_dn_medium_pmos_best.pt (scope=tsmc7, tech_code=2)
[NN-resolver] L73.0 Mn2 TECH=tsmc7 VT=ulvt -> tsmc7_dn_medium_nmos_best.pt (scope=tsmc7, tech_code=2)
[NN-resolver] L73.0 Mp3 TECH=tsmc7 VT=ulvt -> tsmc7_dn_medium_pmos_best.pt (scope=tsmc7, tech_code=2)
[NN-resolver] L73.0 Mn3 TECH=tsmc7 VT=ulvt -> tsmc7_dn_medium_nmos_best.pt (scope=tsmc7, tech_code=2)
[NN-resolver] L73.0 Mp4 TECH=tsmc7 VT=ulvt -> tsmc7_dn_medium_pmos_best.pt (scope=tsmc7, tech_code=2)
[NN-resolver] L73.0 Mn4 TECH=tsmc7 VT=ulvt -> tsmc7_dn_medium_nmos_best.pt (scope=tsmc7, tech_code=2)
[NN-resolver] L73.0 Mp5 TECH=tsmc7 VT=ulvt -> tsmc7_dn_medium_pmos_best.pt (scope=tsmc7, tech_code=2)
[NN-resolver] L73.0 Mn5 TECH=tsmc7 VT=ulvt -> tsmc7_dn_medium_nmos_best.pt (scope=tsmc7, tech_code=2)
    DirectNet period = 50.82 ps
    waveform: MRE=346.77%  R2=-0.6525  NRMSE=54.37%  MaxErr=790.76mV
    period error = 8.97%  ->  FAIL

--- TSMC12 (VDD=0.8 VT=svt) ---
  NGSPICE BSIM-CMG reference ...
    NGSPICE period = 81.40 ps
  DirectNet (LEVEL=73) transient ...
[NN-resolver] L73.0 Mp1 TECH=tsmc12 VT=svt -> tsmc12_dn_medium_pmos_best.pt (scope=tsmc12, tech_code=0)
[NN-resolver] L73.0 Mn1 TECH=tsmc12 VT=svt -> tsmc12_dn_medium_nmos_best.pt (scope=tsmc12, tech_code=0)
[NN-resolver] L73.0 Mp2 TECH=tsmc12 VT=svt -> tsmc12_dn_medium_pmos_best.pt (scope=tsmc12, tech_code=0)
[NN-resolver] L73.0 Mn2 TECH=tsmc12 VT=svt -> tsmc12_dn_medium_nmos_best.pt (scope=tsmc12, tech_code=0)
[NN-resolver] L73.0 Mp3 TECH=tsmc12 VT=svt -> tsmc12_dn_medium_pmos_best.pt (scope=tsmc12, tech_code=0)
[NN-resolver] L73.0 Mn3 TECH=tsmc12 VT=svt -> tsmc12_dn_medium_nmos_best.pt (scope=tsmc12, tech_code=0)
[NN-resolver] L73.0 Mp4 TECH=tsmc12 VT=svt -> tsmc12_dn_medium_pmos_best.pt (scope=tsmc12, tech_code=0)
[NN-resolver] L73.0 Mn4 TECH=tsmc12 VT=svt -> tsmc12_dn_medium_nmos_best.pt (scope=tsmc12, tech_code=0)
[NN-resolver] L73.0 Mp5 TECH=tsmc12 VT=svt -> tsmc12_dn_medium_pmos_best.pt (scope=tsmc12, tech_code=0)
[NN-resolver] L73.0 Mn5 TECH=tsmc12 VT=svt -> tsmc12_dn_medium_nmos_best.pt (scope=tsmc12, tech_code=0)
    DirectNet period = 83.85 ps
    waveform: MRE=232.94%  R2=0.3405  NRMSE=33.83%  MaxErr=811.55mV
    period error = 3.01%  ->  PASS

--- TSMC16 (VDD=0.8 VT=svt) ---
  NGSPICE BSIM-CMG reference ...
    NGSPICE period = 90.08 ps
  DirectNet (LEVEL=73) transient ...
[NN-resolver] L73.0 Mp1 TECH=tsmc16 VT=svt -> tsmc16_dn_medium_pmos_best.pt (scope=tsmc16, tech_code=0)
[NN-resolver] L73.0 Mn1 TECH=tsmc16 VT=svt -> tsmc16_dn_medium_nmos_best.pt (scope=tsmc16, tech_code=0)
[NN-resolver] L73.0 Mp2 TECH=tsmc16 VT=svt -> tsmc16_dn_medium_pmos_best.pt (scope=tsmc16, tech_code=0)
[NN-resolver] L73.0 Mn2 TECH=tsmc16 VT=svt -> tsmc16_dn_medium_nmos_best.pt (scope=tsmc16, tech_code=0)
[NN-resolver] L73.0 Mp3 TECH=tsmc16 VT=svt -> tsmc16_dn_medium_pmos_best.pt (scope=tsmc16, tech_code=0)
[NN-resolver] L73.0 Mn3 TECH=tsmc16 VT=svt -> tsmc16_dn_medium_nmos_best.pt (scope=tsmc16, tech_code=0)
[NN-resolver] L73.0 Mp4 TECH=tsmc16 VT=svt -> tsmc16_dn_medium_pmos_best.pt (scope=tsmc16, tech_code=0)
[NN-resolver] L73.0 Mn4 TECH=tsmc16 VT=svt -> tsmc16_dn_medium_nmos_best.pt (scope=tsmc16, tech_code=0)
[NN-resolver] L73.0 Mp5 TECH=tsmc16 VT=svt -> tsmc16_dn_medium_pmos_best.pt (scope=tsmc16, tech_code=0)
[NN-resolver] L73.0 Mn5 TECH=tsmc16 VT=svt -> tsmc16_dn_medium_nmos_best.pt (scope=tsmc16, tech_code=0)
    DirectNet period = 92.67 ps
    waveform: MRE=232.67%  R2=0.4917  NRMSE=29.49%  MaxErr=809.71mV
    period error = 2.88%  ->  PASS

==============================================================================
SUMMARY — Benchmark 3a ring oscillator
==============================================================================
Tech     |  NG per(ps) |  DN per(ps) |  PerErr% |  NRMSE% |      R2 |   Status
------------------------------------------------------------------------------
TSMC5    |       73.23 |       75.41 |     2.98 |   25.65 |  0.6402 |     PASS
TSMC7    |       46.64 |       50.82 |     8.97 |   54.37 | -0.6525 |     FAIL
TSMC12   |       81.40 |       83.85 |     3.01 |   33.83 |  0.3405 |     PASS
TSMC16   |       90.08 |       92.67 |     2.88 |   29.49 |  0.4917 |     PASS

  3/4 within +/-5% period gate

