[S6-P1] mode=id_q_nmos_only  TSTOP=0.600 ns  SETTLE=0.300 ns  tstep=2 ps  (start-state: S5b constrained-.ic uic-equivalent, both sides)
[S6-P1] FD convention check — NMOS @ (vd=0.375, vg=0.375, vs=0, vb=0):
  FD cgd: raw dQ/dV=-1.644e-17  -OSDI cgd=-1.644e-17  rel=0.00%  OK
  FD cgs: raw dQ/dV=-9.100e-17  -OSDI cgs=-9.100e-17  rel=0.00%  OK
  FD cdg: raw dQ/dV=-4.768e-17  -OSDI cdg=-4.768e-17  rel=0.00%  OK
  FD gm : -d(id)/dVg=+2.053e-04  OSDI gm=+2.053e-04  rel=0.00%  OK
[S6-P1] NGSPICE ground truth period = 46.65 ps
[NN-resolver] L73.0 Mp1 TECH=tsmc7 VT=ulvt -> tsmc7_dn_medium_pmos_best.pt (scope=tsmc7, tech_code=2)
[NN-resolver] L73.0 Mn1 TECH=tsmc7 VT=ulvt -> tsmc7_dn_medium_nmos_best.pt (scope=tsmc7, tech_code=2)
[NN-resolver] L73.0 Mp2 TECH=tsmc7 VT=ulvt -> tsmc7_dn_medium_pmos_best.pt (scope=tsmc7, tech_code=2)
[NN-resolver] L73.0 Mn2 TECH=tsmc7 VT=ulvt -> tsmc7_dn_medium_nmos_best.pt (scope=tsmc7, tech_code=2)
[NN-resolver] L73.0 Mp3 TECH=tsmc7 VT=ulvt -> tsmc7_dn_medium_pmos_best.pt (scope=tsmc7, tech_code=2)
[NN-resolver] L73.0 Mn3 TECH=tsmc7 VT=ulvt -> tsmc7_dn_medium_nmos_best.pt (scope=tsmc7, tech_code=2)
[NN-resolver] L73.0 Mp4 TECH=tsmc7 VT=ulvt -> tsmc7_dn_medium_pmos_best.pt (scope=tsmc7, tech_code=2)
[NN-resolver] L73.0 Mn4 TECH=tsmc7 VT=ulvt -> tsmc7_dn_medium_nmos_best.pt (scope=tsmc7, tech_code=2)
[NN-resolver] L73.0 Mp5 TECH=tsmc7 VT=ulvt -> tsmc7_dn_medium_pmos_best.pt (scope=tsmc7, tech_code=2)
[NN-resolver] L73.0 Mn5 TECH=tsmc7 VT=ulvt -> tsmc7_dn_medium_nmos_best.pt (scope=tsmc7, tech_code=2)
    [spot 1] Mn1 (vd=+0.000 vg=+0.000 vs=+0.000 vb=+0.000)  id NN=-0.0000e+00 OSDI=-0.0000e+00 A (Δ=+0.00e+00)  qg NN=-6.900 OSDI=-8.606 aC (Δ=1.706 aC)
    [spot 2] Mn2 (vd=+0.750 vg=+0.000 vs=+0.000 vb=+0.000)  id NN=-3.4216e-08 OSDI=-0.0000e+00 A (Δ=-3.42e-08)  qg NN=-17.309 OSDI=-18.856 aC (Δ=1.547 aC)
    [spot 3] Mn3 (vd=+0.000 vg=+0.750 vs=+0.000 vb=+0.000)  id NN=-0.0000e+00 OSDI=-0.0000e+00 A (Δ=+0.00e+00)  qg NN=+76.887 OSDI=+77.075 aC (Δ=0.188 aC)
    [spot 4] Mn4 (vd=+0.750 vg=+0.000 vs=+0.000 vb=+0.000)  id NN=-3.4216e-08 OSDI=-0.0000e+00 A (Δ=-3.42e-08)  qg NN=-17.309 OSDI=-18.856 aC (Δ=1.547 aC)
    [spot 5] Mn5 (vd=+0.000 vg=+0.750 vs=+0.000 vb=+0.000)  id NN=-0.0000e+00 OSDI=-0.0000e+00 A (Δ=+0.00e+00)  qg NN=+76.887 OSDI=+77.075 aC (Δ=0.188 aC)
    [spot 6] Mn2 (vd=+0.038 vg=+0.000 vs=+0.000 vb=+0.000)  id NN=+0.0000e+00 OSDI=-0.0000e+00 A (Δ=+0.00e+00)  qg NN=-7.449 OSDI=-9.217 aC (Δ=1.769 aC)
[S6-P1] id_q_nmos_only period =   92.91 ps  err vs NG =  99.17%  Δvs pre-S5b baseline 50.83 = +42.08 ps  NRMSE =  60.92%  R2 =  -1.0736
        partial=False reached=0.6000ns err=''
        wall=3104s  (5174 s/ns; 0.6 ns full run ≈ 0.86 h)  osdi_calls=357923 hits=1085552 osdi_fail=0
        NN-vs-OSDI at injected biases: injected_evals=360095 fallbacks=0  max|Δqg|=2.977 aC  max|Δqd|=1.316 aC  max|Δid|=57.917 uA  max rel id (|id|>1uA)=116.1% at bias=(np.float64(0.782), np.float64(0.233), 0.0, 0.0)
        wave: vmin=-0.016 vmax=0.785 swing=0.801V  n_rise=3 n_fall=3  half-periods(ps)=[46.,48.,44.,48.,46.]
        saved waveform -> /data2/home/shenshan/NN_SPICE-refactor-nn/results/v6_4_7/s6_logs/wave_id_q_nmos_only_600ps.npz
[S6-P1] VERDICT: 92.91 ps vs NG 46.65 ps (99.2% off; P0-I id-only gave 92.30 ps) — INDICTS solver/harness
[S6-P1] results table -> /data2/home/shenshan/NN_SPICE-refactor-nn/results/v6_4_7/s6_logs/s6_p1_id_q_nmos_only_600ps.md

