==============================================================================
Benchmark 3d — switched-cap unit cell: DirectNet vs NGSPICE BSIM-CMG
  Gates: charge transfer +/-5% of VDD, hold droop |dn-ng| <= max(10% of NG droop, 0.1% of VDD)
==============================================================================

--- TSMC5 (VDD=0.65 VT=lvt) ---
  NGSPICE BSIM-CMG reference ...
    NGSPICE: charge level=0.2948V (Vin=0.39V)  hold droop=-0.000mV
  DirectNet (LEVEL=73) transient ...
[NN-resolver] L73.0 Mpc TECH=tsmc5 VT=lvt -> tsmc5_dn_medium_pmos_best.pt (scope=tsmc5, tech_code=1)
[NN-resolver] L73.0 Mnc TECH=tsmc5 VT=lvt -> tsmc5_dn_medium_nmos_best.pt (scope=tsmc5, tech_code=1)
[NN-resolver] L73.0 Mnt TECH=tsmc5 VT=lvt -> tsmc5_dn_medium_nmos_best.pt (scope=tsmc5, tech_code=1)
[NN-resolver] L73.0 Mpt TECH=tsmc5 VT=lvt -> tsmc5_dn_medium_pmos_best.pt (scope=tsmc5, tech_code=1)
    DirectNet: charge level=0.3187V  hold droop=47.634mV
    waveform: MRE=39.89%  R2=-0.6047  NRMSE=31.73%  MaxErr=390.00mV
    charge err=3.68% of VDD  droop |dn-ng|=47.634mV (7328% of allowance 0.650mV)  ->  FAIL

--- TSMC7 (VDD=0.75 VT=ulvt) ---
  NGSPICE BSIM-CMG reference ...
    NGSPICE: charge level=0.4473V (Vin=0.45V)  hold droop=-0.000mV
  DirectNet (LEVEL=73) transient ...
[NN-resolver] L73.0 Mpc TECH=tsmc7 VT=ulvt -> tsmc7_dn_medium_pmos_best.pt (scope=tsmc7, tech_code=2)
[NN-resolver] L73.0 Mnc TECH=tsmc7 VT=ulvt -> tsmc7_dn_medium_nmos_best.pt (scope=tsmc7, tech_code=2)
[NN-resolver] L73.0 Mnt TECH=tsmc7 VT=ulvt -> tsmc7_dn_medium_nmos_best.pt (scope=tsmc7, tech_code=2)
[NN-resolver] L73.0 Mpt TECH=tsmc7 VT=ulvt -> tsmc7_dn_medium_pmos_best.pt (scope=tsmc7, tech_code=2)
    DirectNet: charge level=0.4605V  hold droop=30.728mV
    waveform: MRE=54.41%  R2=-3.4096  NRMSE=53.35%  MaxErr=870.81mV
    charge err=1.76% of VDD  droop |dn-ng|=30.728mV (4097% of allowance 0.750mV)  ->  FAIL

--- TSMC12 (VDD=0.8 VT=svt) ---
  NGSPICE BSIM-CMG reference ...
    NGSPICE: charge level=0.4200V (Vin=0.48V)  hold droop=-0.001mV
  DirectNet (LEVEL=73) transient ...
[NN-resolver] L73.0 Mpc TECH=tsmc12 VT=svt -> tsmc12_dn_medium_pmos_best.pt (scope=tsmc12, tech_code=0)
[NN-resolver] L73.0 Mnc TECH=tsmc12 VT=svt -> tsmc12_dn_medium_nmos_best.pt (scope=tsmc12, tech_code=0)
[NN-resolver] L73.0 Mnt TECH=tsmc12 VT=svt -> tsmc12_dn_medium_nmos_best.pt (scope=tsmc12, tech_code=0)
[NN-resolver] L73.0 Mpt TECH=tsmc12 VT=svt -> tsmc12_dn_medium_pmos_best.pt (scope=tsmc12, tech_code=0)
    DirectNet: charge level=0.4895V  hold droop=132.420mV
    waveform: MRE=66.75%  R2=-3.2801  NRMSE=54.26%  MaxErr=634.37mV
    charge err=8.69% of VDD  droop |dn-ng|=132.421mV (16553% of allowance 0.800mV)  ->  FAIL

--- TSMC16 (VDD=0.8 VT=svt) ---
  NGSPICE BSIM-CMG reference ...
    NGSPICE: charge level=0.4048V (Vin=0.48V)  hold droop=-0.001mV
  DirectNet (LEVEL=73) transient ...
[NN-resolver] L73.0 Mpc TECH=tsmc16 VT=svt -> tsmc16_dn_medium_pmos_best.pt (scope=tsmc16, tech_code=0)
[NN-resolver] L73.0 Mnc TECH=tsmc16 VT=svt -> tsmc16_dn_medium_nmos_best.pt (scope=tsmc16, tech_code=0)
[NN-resolver] L73.0 Mnt TECH=tsmc16 VT=svt -> tsmc16_dn_medium_nmos_best.pt (scope=tsmc16, tech_code=0)
[NN-resolver] L73.0 Mpt TECH=tsmc16 VT=svt -> tsmc16_dn_medium_pmos_best.pt (scope=tsmc16, tech_code=0)
    DirectNet: charge level=0.3938V  hold droop=136.895mV
    waveform: MRE=79.07%  R2=-4.2862  NRMSE=59.89%  MaxErr=704.35mV
    charge err=1.38% of VDD  droop |dn-ng|=136.897mV (17112% of allowance 0.800mV)  ->  FAIL

==============================================================================
SUMMARY — Benchmark 3d switched-cap unit cell
==============================================================================
Tech     |  NG chg V |  DN chg V |  ChgErr% |  Droop%alw |  NRMSE% |   Status
-----------------------------------------------------------------------------
TSMC5    |    0.2948 |    0.3187 |     3.68 |     7328.3 |   31.73 |     FAIL
TSMC7    |    0.4473 |    0.4605 |     1.76 |     4097.1 |   53.35 |     FAIL
TSMC12   |    0.4200 |    0.4895 |     8.69 |    16552.6 |   54.26 |     FAIL
TSMC16   |    0.4048 |    0.3938 |     1.38 |    17112.1 |   59.89 |     FAIL

  0/4 passed both charge + droop gates

