
external_compact_models/bsimar/data/datasets/tsmc5_v2_nmos.npz
  total rows:    2,420,640
  id == 0.0 :       36,728 (1.52 %)
  (  1e-12,   1e-11] A:     32,666  PASS
  (  1e-11,   1e-10] A:     55,264  PASS
  (  1e-10,   1e-09] A:     81,455  PASS
  (  1e-09,   1e-08] A:    102,845  PASS
  (  1e-08,   1e-07] A:    112,228  PASS
  (  1e-07,   1e-06] A:    138,255  PASS
  => PASS (gate: >= 1,000 rows per decade)

external_compact_models/bsimar/data/datasets/tsmc5_v2_pmos.npz
  total rows:    2,419,692
  id == 0.0 :       65,727 (2.72 %)
  (  1e-12,   1e-11] A:     54,540  PASS
  (  1e-11,   1e-10] A:     79,890  PASS
  (  1e-10,   1e-09] A:    107,990  PASS
  (  1e-09,   1e-08] A:    117,207  PASS
  (  1e-08,   1e-07] A:    116,760  PASS
  (  1e-07,   1e-06] A:    144,582  PASS
  => PASS (gate: >= 1,000 rows per decade)

external_compact_models/bsimar/data/datasets/tsmc7_v2_nmos.npz
  total rows:    2,175,672
  id == 0.0 :       20,457 (0.94 %)
  (  1e-12,   1e-11] A:     22,731  PASS
  (  1e-11,   1e-10] A:     42,914  PASS
  (  1e-10,   1e-09] A:     68,675  PASS
  (  1e-09,   1e-08] A:     89,803  PASS
  (  1e-08,   1e-07] A:     95,046  PASS
  (  1e-07,   1e-06] A:    112,632  PASS
  => PASS (gate: >= 1,000 rows per decade)

external_compact_models/bsimar/data/datasets/tsmc7_v2_pmos.npz
  total rows:    2,553,013
  id == 0.0 :       44,160 (1.73 %)
  (  1e-12,   1e-11] A:     39,771  PASS
  (  1e-11,   1e-10] A:     62,521  PASS
  (  1e-10,   1e-09] A:     88,055  PASS
  (  1e-09,   1e-08] A:    104,208  PASS
  (  1e-08,   1e-07] A:    112,201  PASS
  (  1e-07,   1e-06] A:    139,494  PASS
  => PASS (gate: >= 1,000 rows per decade)

external_compact_models/bsimar/data/datasets/tsmc12_v2_nmos.npz
  total rows:    3,055,500
  id == 0.0 :       50,561 (1.65 %)
  (  1e-12,   1e-11] A:     40,113  PASS
  (  1e-11,   1e-10] A:     62,581  PASS
  (  1e-10,   1e-09] A:     90,404  PASS
  (  1e-09,   1e-08] A:    120,036  PASS
  (  1e-08,   1e-07] A:    147,787  PASS
  (  1e-07,   1e-06] A:    197,281  PASS
  => PASS (gate: >= 1,000 rows per decade)

external_compact_models/bsimar/data/datasets/tsmc12_v2_pmos.npz
  total rows:    3,047,400
  id == 0.0 :       68,638 (2.25 %)
  (  1e-12,   1e-11] A:     48,769  PASS
  (  1e-11,   1e-10] A:     67,226  PASS
  (  1e-10,   1e-09] A:     92,663  PASS
  (  1e-09,   1e-08] A:    114,021  PASS
  (  1e-08,   1e-07] A:    135,484  PASS
  (  1e-07,   1e-06] A:    193,773  PASS
  => PASS (gate: >= 1,000 rows per decade)

external_compact_models/bsimar/data/datasets/tsmc16_v2_nmos.npz
  total rows:    3,048,636
  id == 0.0 :       54,031 (1.77 %)
  (  1e-12,   1e-11] A:     41,552  PASS
  (  1e-11,   1e-10] A:     62,880  PASS
  (  1e-10,   1e-09] A:     88,445  PASS
  (  1e-09,   1e-08] A:    116,417  PASS
  (  1e-08,   1e-07] A:    143,760  PASS
  (  1e-07,   1e-06] A:    193,400  PASS
  => PASS (gate: >= 1,000 rows per decade)

external_compact_models/bsimar/data/datasets/tsmc16_v2_pmos.npz
  total rows:    3,048,750
  id == 0.0 :       74,938 (2.46 %)
  (  1e-12,   1e-11] A:     51,437  PASS
  (  1e-11,   1e-10] A:     68,826  PASS
  (  1e-10,   1e-09] A:     96,475  PASS
  (  1e-09,   1e-08] A:    117,683  PASS
  (  1e-08,   1e-07] A:    138,349  PASS
  (  1e-07,   1e-06] A:    198,426  PASS
  => PASS (gate: >= 1,000 rows per decade)

OVERALL: PASS (8 file(s))

